******************************************************************************
                  TI ARM Linker PC v16.9.6                     
******************************************************************************
>> Linked Sun Dec 03 22:00:54 2017

OUTPUT FILE NAME:   <Master.out>
ENTRY POINT SYMBOL: "_c_int00"  address: 00000e81


MEMORY CONFIGURATION

         name            origin    length      used     unused   attr    fill
----------------------  --------  ---------  --------  --------  ----  --------
  MAIN                  00000000   00040000  0000105c  0003efa4  R  X
  INFO                  00200000   00004000  00000000  00004000  R  X
  SRAM_CODE             01000000   00010000  00000260  0000fda0  RW X
  SRAM_DATA             20000000   00010000  00000260  0000fda0  RW  


SEGMENT ALLOCATION MAP

run origin  load origin   length   init length attrs members
----------  ----------- ---------- ----------- ----- -------
00000000    00000000    00001060   00001060    r-x
  00000000    00000000    000000e4   000000e4    r-- .intvecs
  000000e4    000000e4    00000f38   00000f38    r-x .text
  00001020    00001020    00000040   00000040    r-- .cinit
20000000    20000000    00000060   00000000    rw-
  20000000    20000000    00000044   00000000    rw- .bss
  20000044    20000044    0000001c   00000000    rw- .data
2000fe00    2000fe00    00000200   00000000    rw-
  2000fe00    2000fe00    00000200   00000000    rw- .stack


SECTION ALLOCATION MAP

 output                                  attributes/
section   page    origin      length       input sections
--------  ----  ----------  ----------   ----------------
.intvecs   0    00000000    000000e4     
                  00000000    000000e4     startup_msp432p401r_ccs.obj (.intvecs:retain)

.binit     0    00000000    00000000     

.text      0    000000e4    00000f38     
                  000000e4    00000334     system_msp432p401r.obj (.text)
                  00000418    00000220     adc.obj (.text)
                  00000638    000001fc     joystick.obj (.text)
                  00000834    00000136     rtsv7M4_T_le_v4SPD16_eabi.lib : fd_div_t2.obj (.text)
                  0000096a    00000002                                   : mpu_init.obj (.text)
                  0000096c    00000130     uart.obj (.text)
                  00000a9c    000000fc     rtsv7M4_T_le_v4SPD16_eabi.lib : fd_mul_t2.obj (.text)
                  00000b98    0000009c                                   : memcpy_t2.obj (.text)
                  00000c34    00000090     timer.obj (.text)
                  00000cc4    0000007a     rtsv7M4_T_le_v4SPD16_eabi.lib : memset_t2.obj (.text)
                  00000d3e    00000002                                   : startup.obj (.text)
                  00000d40    00000070                                   : autoinit.obj (.text)
                  00000db0    00000068                                   : copy_decompress_lzss.obj (.text:decompress:lzss)
                  00000e18    00000068     main.obj (.text)
                  00000e80    00000054     rtsv7M4_T_le_v4SPD16_eabi.lib : boot.obj (.text)
                  00000ed4    00000054                                   : exit.obj (.text)
                  00000f28    0000004c                                   : cpy_tbl.obj (.text)
                  00000f74    0000002e                                   : i_tofd_t2.obj (.text)
                  00000fa2    00000020                                   : u_tofd_t2.obj (.text)
                  00000fc2    00000002     --HOLE-- [fill = 0]
                  00000fc4    00000018                                   : args_main.obj (.text)
                  00000fdc    00000014                                   : _lock.obj (.text)
                  00000ff0    0000000e                                   : copy_decompress_none.obj (.text:decompress:none)
                  00000ffe    0000000e     startup_msp432p401r_ccs.obj (.text)
                  0000100c    0000000c     rtsv7M4_T_le_v4SPD16_eabi.lib : copy_zero_init.obj (.text:decompress:ZI)
                  00001018    00000004                                   : pre_init.obj (.text)

.cinit     0    00001020    00000040     
                  00001020    00000015     (.cinit..data.load) [load image, compression = lzss]
                  00001035    00000003     --HOLE-- [fill = 0]
                  00001038    0000000c     (__TI_handler_table)
                  00001044    00000004     --HOLE-- [fill = 0]
                  00001048    00000008     (.cinit..bss.load) [load image, compression = zero_init]
                  00001050    00000010     (__TI_cinit_table)

.init_array 
*          0    00000000    00000000     UNINITIALIZED

.bss       0    20000000    00000044     UNINITIALIZED
                  20000000    00000040     (.common:_nadc)
                  20000040    00000002     (.common:tCount)
                  20000042    00000001     (.common:_eos)
                  20000043    00000001     (.common:value)

.data      0    20000044    0000001c     UNINITIALIZED
                  20000044    0000000c     rtsv7M4_T_le_v4SPD16_eabi.lib : exit.obj (.data:$O1$$)
                  20000050    00000008                                   : _lock.obj (.data:$O1$$)
                  20000058    00000004                                   : stkdepth_vars.obj (.data)
                  2000005c    00000004     system_msp432p401r.obj (.data)

.stack     0    2000fe00    00000200     UNINITIALIZED
                  2000fe00    00000200     --HOLE--

MODULE SUMMARY

       Module                        code   ro data   rw data
       ------                        ----   -------   -------
    .\
       system_msp432p401r.obj        820    0         8      
       adc.obj                       544    0         130    
       joystick.obj                  508    0         0      
       uart.obj                      304    0         0      
       startup_msp432p401r_ccs.obj   14     228       0      
       timer.obj                     144    0         4      
       main.obj                      104    0         2      
    +--+-----------------------------+------+---------+---------+
       Total:                        2438   228       144    
                                                             
    C:\ti\ccsv7\tools\compiler\ti-cgt-arm_16.9.6.LTS\lib\rtsv7M4_T_le_v4SPD16_eabi.lib
       fd_div_t2.obj                 310    0         0      
       fd_mul_t2.obj                 252    0         0      
       memcpy_t2.obj                 156    0         0      
       memset_t2.obj                 122    0         0      
       autoinit.obj                  112    0         0      
       exit.obj                      84     0         24     
       copy_decompress_lzss.obj      104    0         0      
       boot.obj                      84     0         0      
       cpy_tbl.obj                   76     0         0      
       i_tofd_t2.obj                 46     0         0      
       _lock.obj                     20     0         16     
       u_tofd_t2.obj                 32     0         0      
       args_main.obj                 24     0         0      
       copy_decompress_none.obj      14     0         0      
       copy_zero_init.obj            12     0         0      
       stkdepth_vars.obj             0      0         8      
       pre_init.obj                  4      0         0      
       mpu_init.obj                  2      0         0      
       startup.obj                   2      0         0      
    +--+-----------------------------+------+---------+---------+
       Total:                        1456   0         48     
                                                             
       Stack:                        0      0         1024   
       Linker Generated:             0      57        0      
    +--+-----------------------------+------+---------+---------+
       Grand Total:                  3894   285       1216   


LINKER GENERATED COPY TABLES

__TI_cinit_table @ 00001050 records: 2, size/record: 8, table size: 16
	.data: load addr=00001020, load size=00000015 bytes, run addr=20000044, run size=0000001c bytes, compression=lzss
	.bss: load addr=00001048, load size=00000008 bytes, run addr=20000000, run size=00000044 bytes, compression=zero_init


LINKER GENERATED HANDLER TABLE

__TI_handler_table @ 00001038 records: 3, size/record: 4, table size: 12
	index: 0, handler: __TI_decompress_lzss
	index: 1, handler: __TI_decompress_none
	index: 2, handler: __TI_zero_init


GLOBAL SYMBOLS: SORTED ALPHABETICALLY BY Name 

address   name                           
-------   ----                           
00000483  ADC14_IRQHandler               
00000483  ADC14_IRQHandler               
000004c7  ADC_EOS                        
000004f7  ADC_addChannel                 
0000057d  ADC_getMV                      
0000055b  ADC_getN                       
00000445  ADC_init                       
000004eb  ADC_start                      
0000100b  AES256_IRQHandler              
0000100b  BusFault_Handler               
00000ed5  C$$EXIT                        
0000100b  COMP_E0_IRQHandler             
0000100b  COMP_E1_IRQHandler             
0000100b  CS_IRQHandler                  
0000100b  DMA_ERR_IRQHandler             
0000100b  DMA_INT0_IRQHandler            
0000100b  DMA_INT1_IRQHandler            
0000100b  DMA_INT2_IRQHandler            
0000100b  DMA_INT3_IRQHandler            
0000100b  DebugMon_Handler               
0000100b  Default_Handler                
0000100b  EUSCIA0_IRQHandler             
0000100b  EUSCIA1_IRQHandler             
0000100b  EUSCIA2_IRQHandler             
0000100b  EUSCIA3_IRQHandler             
0000100b  EUSCIB0_IRQHandler             
0000100b  EUSCIB1_IRQHandler             
0000100b  EUSCIB2_IRQHandler             
0000100b  EUSCIB3_IRQHandler             
0000100b  FLCTL_IRQHandler               
0000100b  FPU_IRQHandler                 
0000100b  HardFault_Handler              
0000100b  MemManage_Handler              
0000100b  NMI_Handler                    
0000100b  PCM_IRQHandler                 
0000100b  PORT1_IRQHandler               
0000100b  PORT2_IRQHandler               
0000100b  PORT3_IRQHandler               
0000100b  PORT4_IRQHandler               
0000100b  PORT5_IRQHandler               
0000100b  PORT6_IRQHandler               
0000100b  PSS_IRQHandler                 
0000100b  PendSV_Handler                 
0000100b  RTC_C_IRQHandler               
00000fff  Reset_Handler                  
UNDEFED   SHT$$INIT_ARRAY$$Base          
UNDEFED   SHT$$INIT_ARRAY$$Limit         
0000100b  SVC_Handler                    
0000100b  SysTick_Handler                
2000005c  SystemCoreClock                
000000e5  SystemCoreClockUpdate          
0000035d  SystemInit                     
0000100b  T32_INT1_IRQHandler            
0000100b  T32_INT2_IRQHandler            
0000100b  T32_INTC_IRQHandler            
00000c8b  TA0_0_IRQHandler               
00000c8b  TA0_0_IRQHandler               
0000100b  TA0_N_IRQHandler               
0000100b  TA1_0_IRQHandler               
0000100b  TA1_N_IRQHandler               
0000100b  TA2_0_IRQHandler               
0000100b  TA2_N_IRQHandler               
0000100b  TA3_0_IRQHandler               
0000100b  TA3_N_IRQHandler               
00000999  UART_Configure                 
00000a15  UART_sent_byte                 
00000a31  UART_sent_n                    
0000100b  UsageFault_Handler             
4000480c  WDTCTL_SYM                     
0000100b  WDT_A_IRQHandler               
20010000  __STACK_END                    
00000200  __STACK_SIZE                   
00001050  __TI_CINIT_Base                
00001060  __TI_CINIT_Limit               
00001038  __TI_Handler_Table_Base        
00001044  __TI_Handler_Table_Limit       
00000d41  __TI_auto_init                 
20000044  __TI_cleanup_ptr               
00000db1  __TI_decompress_lzss           
00000ff1  __TI_decompress_none           
20000048  __TI_dtors_ptr                 
2000004c  __TI_enable_exit_profile_output
ffffffff  __TI_pprof_out_hndl            
ffffffff  __TI_prof_data_size            
ffffffff  __TI_prof_data_start           
00000000  __TI_static_base__             
0000100d  __TI_zero_init                 
00000835  __aeabi_ddiv                   
00000a9d  __aeabi_dmul                   
00000f75  __aeabi_i2d                    
00000cc5  __aeabi_memclr                 
00000cc5  __aeabi_memclr4                
00000cc5  __aeabi_memclr8                
00000b99  __aeabi_memcpy                 
00000b99  __aeabi_memcpy4                
00000b99  __aeabi_memcpy8                
00000cc7  __aeabi_memset                 
00000cc7  __aeabi_memset4                
00000cc7  __aeabi_memset8                
00000fa3  __aeabi_ui2d                   
ffffffff  __binit__                      
ffffffff  __c_args__                     
0000096b  __mpu_init                     
2000fe00  __stack                        
00000fc5  _args_main                     
00000e81  _c_int00                       
20000042  _eos                           
20000050  _lock                          
20000000  _nadc                          
00000feb  _nop                           
00000fe3  _register_lock                 
00000fdd  _register_unlock               
00000d3f  _system_post_cinit             
00001019  _system_pre_init               
20000054  _unlock                        
00000ed9  abort                          
ffffffff  binit                          
00000f29  copy_in                        
00000ee1  exit                           
00000000  interruptVectors               
00000639  joystick_configure             
00000663  joysticklocation               
00000e19  main                           
20000058  main_func_sp                   
00000b99  memcpy                         
00000ccd  memset                         
20000040  tCount                         
00000c61  timerA0_config                 
20000043  value                          


GLOBAL SYMBOLS: SORTED BY Symbol Address 

address   name                           
-------   ----                           
00000000  __TI_static_base__             
00000000  interruptVectors               
000000e5  SystemCoreClockUpdate          
00000200  __STACK_SIZE                   
0000035d  SystemInit                     
00000445  ADC_init                       
00000483  ADC14_IRQHandler               
00000483  ADC14_IRQHandler               
000004c7  ADC_EOS                        
000004eb  ADC_start                      
000004f7  ADC_addChannel                 
0000055b  ADC_getN                       
0000057d  ADC_getMV                      
00000639  joystick_configure             
00000663  joysticklocation               
00000835  __aeabi_ddiv                   
0000096b  __mpu_init                     
00000999  UART_Configure                 
00000a15  UART_sent_byte                 
00000a31  UART_sent_n                    
00000a9d  __aeabi_dmul                   
00000b99  __aeabi_memcpy                 
00000b99  __aeabi_memcpy4                
00000b99  __aeabi_memcpy8                
00000b99  memcpy                         
00000c61  timerA0_config                 
00000c8b  TA0_0_IRQHandler               
00000c8b  TA0_0_IRQHandler               
00000cc5  __aeabi_memclr                 
00000cc5  __aeabi_memclr4                
00000cc5  __aeabi_memclr8                
00000cc7  __aeabi_memset                 
00000cc7  __aeabi_memset4                
00000cc7  __aeabi_memset8                
00000ccd  memset                         
00000d3f  _system_post_cinit             
00000d41  __TI_auto_init                 
00000db1  __TI_decompress_lzss           
00000e19  main                           
00000e81  _c_int00                       
00000ed5  C$$EXIT                        
00000ed9  abort                          
00000ee1  exit                           
00000f29  copy_in                        
00000f75  __aeabi_i2d                    
00000fa3  __aeabi_ui2d                   
00000fc5  _args_main                     
00000fdd  _register_unlock               
00000fe3  _register_lock                 
00000feb  _nop                           
00000ff1  __TI_decompress_none           
00000fff  Reset_Handler                  
0000100b  AES256_IRQHandler              
0000100b  BusFault_Handler               
0000100b  COMP_E0_IRQHandler             
0000100b  COMP_E1_IRQHandler             
0000100b  CS_IRQHandler                  
0000100b  DMA_ERR_IRQHandler             
0000100b  DMA_INT0_IRQHandler            
0000100b  DMA_INT1_IRQHandler            
0000100b  DMA_INT2_IRQHandler            
0000100b  DMA_INT3_IRQHandler            
0000100b  DebugMon_Handler               
0000100b  Default_Handler                
0000100b  EUSCIA0_IRQHandler             
0000100b  EUSCIA1_IRQHandler             
0000100b  EUSCIA2_IRQHandler             
0000100b  EUSCIA3_IRQHandler             
0000100b  EUSCIB0_IRQHandler             
0000100b  EUSCIB1_IRQHandler             
0000100b  EUSCIB2_IRQHandler             
0000100b  EUSCIB3_IRQHandler             
0000100b  FLCTL_IRQHandler               
0000100b  FPU_IRQHandler                 
0000100b  HardFault_Handler              
0000100b  MemManage_Handler              
0000100b  NMI_Handler                    
0000100b  PCM_IRQHandler                 
0000100b  PORT1_IRQHandler               
0000100b  PORT2_IRQHandler               
0000100b  PORT3_IRQHandler               
0000100b  PORT4_IRQHandler               
0000100b  PORT5_IRQHandler               
0000100b  PORT6_IRQHandler               
0000100b  PSS_IRQHandler                 
0000100b  PendSV_Handler                 
0000100b  RTC_C_IRQHandler               
0000100b  SVC_Handler                    
0000100b  SysTick_Handler                
0000100b  T32_INT1_IRQHandler            
0000100b  T32_INT2_IRQHandler            
0000100b  T32_INTC_IRQHandler            
0000100b  TA0_N_IRQHandler               
0000100b  TA1_0_IRQHandler               
0000100b  TA1_N_IRQHandler               
0000100b  TA2_0_IRQHandler               
0000100b  TA2_N_IRQHandler               
0000100b  TA3_0_IRQHandler               
0000100b  TA3_N_IRQHandler               
0000100b  UsageFault_Handler             
0000100b  WDT_A_IRQHandler               
0000100d  __TI_zero_init                 
00001019  _system_pre_init               
00001038  __TI_Handler_Table_Base        
00001044  __TI_Handler_Table_Limit       
00001050  __TI_CINIT_Base                
00001060  __TI_CINIT_Limit               
20000000  _nadc                          
20000040  tCount                         
20000042  _eos                           
20000043  value                          
20000044  __TI_cleanup_ptr               
20000048  __TI_dtors_ptr                 
2000004c  __TI_enable_exit_profile_output
20000050  _lock                          
20000054  _unlock                        
20000058  main_func_sp                   
2000005c  SystemCoreClock                
2000fe00  __stack                        
20010000  __STACK_END                    
4000480c  WDTCTL_SYM                     
ffffffff  __TI_pprof_out_hndl            
ffffffff  __TI_prof_data_size            
ffffffff  __TI_prof_data_start           
ffffffff  __binit__                      
ffffffff  __c_args__                     
ffffffff  binit                          
UNDEFED   SHT$$INIT_ARRAY$$Base          
UNDEFED   SHT$$INIT_ARRAY$$Limit         

[129 symbols]
