******************************************************************************
                  TI ARM Linker PC v16.9.4                     
******************************************************************************
>> Linked Wed Nov 22 16:56:43 2017

OUTPUT FILE NAME:   <EmbeddedFinal.out>
ENTRY POINT SYMBOL: "_c_int00"  address: 00000d9d


MEMORY CONFIGURATION

         name            origin    length      used     unused   attr    fill
----------------------  --------  ---------  --------  --------  ----  --------
  MAIN                  00000000   00040000  00000f78  0003f088  R  X
  INFO                  00200000   00004000  00000000  00004000  R  X
  SRAM_CODE             01000000   00010000  0000025f  0000fda1  RW X
  SRAM_DATA             20000000   00010000  0000025f  0000fda1  RW  


SEGMENT ALLOCATION MAP

run origin  load origin   length   init length attrs members
----------  ----------- ---------- ----------- ----- -------
00000000    00000000    00000f78   00000f78    r-x
  00000000    00000000    000000e4   000000e4    r-- .intvecs
  000000e4    000000e4    00000e54   00000e54    r-x .text
  00000f38    00000f38    00000040   00000040    r-- .cinit
20000000    20000000    00000060   00000000    rw-
  20000000    20000000    00000043   00000000    rw- .bss
  20000044    20000044    0000001c   00000000    rw- .data
2000fe00    2000fe00    00000200   00000000    rw-
  2000fe00    2000fe00    00000200   00000000    rw- .stack


SECTION ALLOCATION MAP

 output                                  attributes/
section   page    origin      length       input sections
--------  ----  ----------  ----------   ----------------
.intvecs   0    00000000    000000e4     
                  00000000    000000e4     startup_msp432p401r_ccs.obj (.intvecs:retain)

.binit     0    00000000    00000000     

.text      0    000000e4    00000e54     
                  000000e4    0000032c     system_msp432p401r.obj (.text)
                  00000410    00000210     adc.obj (.text)
                  00000620    00000168     joystick.obj (.text)
                  00000788    00000136     rtsv7M4_T_le_v4SPD16_eabi.lib : fd_div_t2.obj (.text)
                  000008be    00000002                                   : mpu_init.obj (.text)
                  000008c0    00000120     gpio1.obj (.text)
                  000009e0    000000fc     rtsv7M4_T_le_v4SPD16_eabi.lib : fd_mul_t2.obj (.text)
                  00000adc    0000009c                                   : memcpy_t2.obj (.text)
                  00000b78    0000007a                                   : memset_t2.obj (.text)
                  00000bf2    00000002                                   : startup.obj (.text)
                  00000bf4    00000070                                   : autoinit.obj (.text)
                  00000c64    0000006c     main.obj (.text)
                  00000cd0    00000068     rtsv7M4_T_le_v4SPD16_eabi.lib : copy_decompress_lzss.obj (.text:decompress:lzss)
                  00000d38    00000064     timer.obj (.text)
                  00000d9c    00000054     rtsv7M4_T_le_v4SPD16_eabi.lib : boot.obj (.text)
                  00000df0    00000054                                   : exit.obj (.text)
                  00000e44    0000004c                                   : cpy_tbl.obj (.text)
                  00000e90    0000002e                                   : i_tofd_t2.obj (.text)
                  00000ebe    00000020                                   : u_tofd_t2.obj (.text)
                  00000ede    00000002     --HOLE-- [fill = 0]
                  00000ee0    00000018                                   : args_main.obj (.text)
                  00000ef8    00000014                                   : _lock.obj (.text)
                  00000f0c    0000000e                                   : copy_decompress_none.obj (.text:decompress:none)
                  00000f1a    0000000e     startup_msp432p401r_ccs.obj (.text)
                  00000f28    0000000c     rtsv7M4_T_le_v4SPD16_eabi.lib : copy_zero_init.obj (.text:decompress:ZI)
                  00000f34    00000004                                   : pre_init.obj (.text)

.cinit     0    00000f38    00000040     
                  00000f38    00000015     (.cinit..data.load) [load image, compression = lzss]
                  00000f4d    00000003     --HOLE-- [fill = 0]
                  00000f50    0000000c     (__TI_handler_table)
                  00000f5c    00000004     --HOLE-- [fill = 0]
                  00000f60    00000008     (.cinit..bss.load) [load image, compression = zero_init]
                  00000f68    00000010     (__TI_cinit_table)

.init_array 
*          0    00000000    00000000     UNINITIALIZED

.bss       0    20000000    00000043     UNINITIALIZED
                  20000000    00000040     (.common:_nadc)
                  20000040    00000002     (.common:value)
                  20000042    00000001     (.common:_eos)

.data      0    20000044    0000001c     UNINITIALIZED
                  20000044    0000000c     rtsv7M4_T_le_v4SPD16_eabi.lib : exit.obj (.data:$O1$$)
                  20000050    00000008                                   : _lock.obj (.data:$O1$$)
                  20000058    00000004                                   : stkdepth_vars.obj (.data)
                  2000005c    00000004     system_msp432p401r.obj (.data)

.stack     0    2000fe00    00000200     UNINITIALIZED
                  2000fe00    00000200     --HOLE--

MODULE SUMMARY

       Module                        code   ro data   rw data
       ------                        ----   -------   -------
    .\
       system_msp432p401r.obj        812    0         8      
       adc.obj                       528    0         130    
       joystick.obj                  360    0         0      
       gpio1.obj                     288    0         0      
       startup_msp432p401r_ccs.obj   14     228       0      
       main.obj                      108    0         4      
       timer.obj                     100    0         0      
    +--+-----------------------------+------+---------+---------+
       Total:                        2210   228       142    
                                                             
    C:\ti\ccsv7\tools\compiler\ti-cgt-arm_16.9.4.LTS\lib\rtsv7M4_T_le_v4SPD16_eabi.lib
       fd_div_t2.obj                 310    0         0      
       fd_mul_t2.obj                 252    0         0      
       memcpy_t2.obj                 156    0         0      
       memset_t2.obj                 122    0         0      
       autoinit.obj                  112    0         0      
       exit.obj                      84     0         24     
       copy_decompress_lzss.obj      104    0         0      
       boot.obj                      84     0         0      
       cpy_tbl.obj                   76     0         0      
       i_tofd_t2.obj                 46     0         0      
       _lock.obj                     20     0         16     
       u_tofd_t2.obj                 32     0         0      
       args_main.obj                 24     0         0      
       copy_decompress_none.obj      14     0         0      
       copy_zero_init.obj            12     0         0      
       stkdepth_vars.obj             0      0         8      
       pre_init.obj                  4      0         0      
       mpu_init.obj                  2      0         0      
       startup.obj                   2      0         0      
    +--+-----------------------------+------+---------+---------+
       Total:                        1456   0         48     
                                                             
       Stack:                        0      0         1024   
       Linker Generated:             0      57        0      
    +--+-----------------------------+------+---------+---------+
       Grand Total:                  3666   285       1214   


LINKER GENERATED COPY TABLES

__TI_cinit_table @ 00000f68 records: 2, size/record: 8, table size: 16
	.data: load addr=00000f38, load size=00000015 bytes, run addr=20000044, run size=0000001c bytes, compression=lzss
	.bss: load addr=00000f60, load size=00000008 bytes, run addr=20000000, run size=00000043 bytes, compression=zero_init


LINKER GENERATED HANDLER TABLE

__TI_handler_table @ 00000f50 records: 3, size/record: 4, table size: 12
	index: 0, handler: __TI_decompress_lzss
	index: 1, handler: __TI_decompress_none
	index: 2, handler: __TI_zero_init


GLOBAL SYMBOLS: SORTED ALPHABETICALLY BY Name 

address   name                           
-------   ----                           
0000047b  ADC14_IRQHandler               
0000047b  ADC14_IRQHandler               
000004bf  ADC_EOS                        
000004ef  ADC_addChannel                 
00000571  ADC_getMV                      
00000553  ADC_getN                       
0000043d  ADC_init                       
000004e3  ADC_start                      
00000f27  AES256_IRQHandler              
00000f27  BusFault_Handler               
00000df1  C$$EXIT                        
00000f27  COMP_E0_IRQHandler             
00000f27  COMP_E1_IRQHandler             
00000f27  CS_IRQHandler                  
00000f27  DMA_ERR_IRQHandler             
00000f27  DMA_INT0_IRQHandler            
00000f27  DMA_INT1_IRQHandler            
00000f27  DMA_INT2_IRQHandler            
00000f27  DMA_INT3_IRQHandler            
00000f27  DebugMon_Handler               
00000f27  Default_Handler                
00000f27  EUSCIA0_IRQHandler             
00000f27  EUSCIA1_IRQHandler             
00000f27  EUSCIA2_IRQHandler             
00000f27  EUSCIA3_IRQHandler             
00000f27  EUSCIB0_IRQHandler             
00000f27  EUSCIB1_IRQHandler             
00000f27  EUSCIB2_IRQHandler             
00000f27  EUSCIB3_IRQHandler             
00000f27  FLCTL_IRQHandler               
00000f27  FPU_IRQHandler                 
00000f27  HardFault_Handler              
00000f27  MemManage_Handler              
00000f27  NMI_Handler                    
00000f27  PCM_IRQHandler                 
00000989  PORT1_IRQHandler               
00000989  PORT1_IRQHandler               
00000f27  PORT2_IRQHandler               
00000f27  PORT3_IRQHandler               
00000f27  PORT4_IRQHandler               
00000f27  PORT5_IRQHandler               
00000f27  PORT6_IRQHandler               
00000f27  PSS_IRQHandler                 
00000f27  PendSV_Handler                 
00000f27  RTC_C_IRQHandler               
00000f1b  Reset_Handler                  
UNDEFED   SHT$$INIT_ARRAY$$Base          
UNDEFED   SHT$$INIT_ARRAY$$Limit         
00000f27  SVC_Handler                    
00000f27  SysTick_Handler                
2000005c  SystemCoreClock                
000000e5  SystemCoreClockUpdate          
00000359  SystemInit                     
00000f27  T32_INT1_IRQHandler            
00000f27  T32_INT2_IRQHandler            
00000f27  T32_INTC_IRQHandler            
00000d7f  TA0_0_IRQHandler               
00000d7f  TA0_0_IRQHandler               
00000f27  TA0_N_IRQHandler               
00000f27  TA1_0_IRQHandler               
00000f27  TA1_N_IRQHandler               
00000f27  TA2_0_IRQHandler               
00000f27  TA2_N_IRQHandler               
00000f27  TA3_0_IRQHandler               
00000f27  TA3_N_IRQHandler               
00000f27  UsageFault_Handler             
4000480c  WDTCTL_SYM                     
00000f27  WDT_A_IRQHandler               
20010000  __STACK_END                    
00000200  __STACK_SIZE                   
00000f68  __TI_CINIT_Base                
00000f78  __TI_CINIT_Limit               
00000f50  __TI_Handler_Table_Base        
00000f5c  __TI_Handler_Table_Limit       
00000bf5  __TI_auto_init                 
20000044  __TI_cleanup_ptr               
00000cd1  __TI_decompress_lzss           
00000f0d  __TI_decompress_none           
20000048  __TI_dtors_ptr                 
2000004c  __TI_enable_exit_profile_output
ffffffff  __TI_pprof_out_hndl            
ffffffff  __TI_prof_data_size            
ffffffff  __TI_prof_data_start           
00000000  __TI_static_base__             
00000f29  __TI_zero_init                 
00000789  __aeabi_ddiv                   
000009e1  __aeabi_dmul                   
00000e91  __aeabi_i2d                    
00000b79  __aeabi_memclr                 
00000b79  __aeabi_memclr4                
00000b79  __aeabi_memclr8                
00000add  __aeabi_memcpy                 
00000add  __aeabi_memcpy4                
00000add  __aeabi_memcpy8                
00000b7b  __aeabi_memset                 
00000b7b  __aeabi_memset4                
00000b7b  __aeabi_memset8                
00000ebf  __aeabi_ui2d                   
ffffffff  __binit__                      
ffffffff  __c_args__                     
000008bf  __mpu_init                     
2000fe00  __stack                        
00000ee1  _args_main                     
00000d9d  _c_int00                       
20000042  _eos                           
20000050  _lock                          
20000000  _nadc                          
00000f07  _nop                           
00000eff  _register_lock                 
00000ef9  _register_unlock               
00000bf3  _system_post_cinit             
00000f35  _system_pre_init               
20000054  _unlock                        
00000df5  abort                          
00000c93  adamarash                      
ffffffff  binit                          
00000c65  brandonjc                      
00000e45  copy_in                        
00000dfd  exit                           
000008ed  gpio_config                    
000008f7  gpio_pwmconfig                 
00000000  interruptVectors               
00000621  joystick_configure             
00000971  joystickcall                   
0000064b  joysticklocation               
00000c95  main                           
20000058  main_func_sp                   
00000add  memcpy                         
00000b81  memset                         
000006f1  pwm                            
00000d39  timerA0_config                 
20000040  value                          


GLOBAL SYMBOLS: SORTED BY Symbol Address 

address   name                           
-------   ----                           
00000000  __TI_static_base__             
00000000  interruptVectors               
000000e5  SystemCoreClockUpdate          
00000200  __STACK_SIZE                   
00000359  SystemInit                     
0000043d  ADC_init                       
0000047b  ADC14_IRQHandler               
0000047b  ADC14_IRQHandler               
000004bf  ADC_EOS                        
000004e3  ADC_start                      
000004ef  ADC_addChannel                 
00000553  ADC_getN                       
00000571  ADC_getMV                      
00000621  joystick_configure             
0000064b  joysticklocation               
000006f1  pwm                            
00000789  __aeabi_ddiv                   
000008bf  __mpu_init                     
000008ed  gpio_config                    
000008f7  gpio_pwmconfig                 
00000971  joystickcall                   
00000989  PORT1_IRQHandler               
00000989  PORT1_IRQHandler               
000009e1  __aeabi_dmul                   
00000add  __aeabi_memcpy                 
00000add  __aeabi_memcpy4                
00000add  __aeabi_memcpy8                
00000add  memcpy                         
00000b79  __aeabi_memclr                 
00000b79  __aeabi_memclr4                
00000b79  __aeabi_memclr8                
00000b7b  __aeabi_memset                 
00000b7b  __aeabi_memset4                
00000b7b  __aeabi_memset8                
00000b81  memset                         
00000bf3  _system_post_cinit             
00000bf5  __TI_auto_init                 
00000c65  brandonjc                      
00000c93  adamarash                      
00000c95  main                           
00000cd1  __TI_decompress_lzss           
00000d39  timerA0_config                 
00000d7f  TA0_0_IRQHandler               
00000d7f  TA0_0_IRQHandler               
00000d9d  _c_int00                       
00000df1  C$$EXIT                        
00000df5  abort                          
00000dfd  exit                           
00000e45  copy_in                        
00000e91  __aeabi_i2d                    
00000ebf  __aeabi_ui2d                   
00000ee1  _args_main                     
00000ef9  _register_unlock               
00000eff  _register_lock                 
00000f07  _nop                           
00000f0d  __TI_decompress_none           
00000f1b  Reset_Handler                  
00000f27  AES256_IRQHandler              
00000f27  BusFault_Handler               
00000f27  COMP_E0_IRQHandler             
00000f27  COMP_E1_IRQHandler             
00000f27  CS_IRQHandler                  
00000f27  DMA_ERR_IRQHandler             
00000f27  DMA_INT0_IRQHandler            
00000f27  DMA_INT1_IRQHandler            
00000f27  DMA_INT2_IRQHandler            
00000f27  DMA_INT3_IRQHandler            
00000f27  DebugMon_Handler               
00000f27  Default_Handler                
00000f27  EUSCIA0_IRQHandler             
00000f27  EUSCIA1_IRQHandler             
00000f27  EUSCIA2_IRQHandler             
00000f27  EUSCIA3_IRQHandler             
00000f27  EUSCIB0_IRQHandler             
00000f27  EUSCIB1_IRQHandler             
00000f27  EUSCIB2_IRQHandler             
00000f27  EUSCIB3_IRQHandler             
00000f27  FLCTL_IRQHandler               
00000f27  FPU_IRQHandler                 
00000f27  HardFault_Handler              
00000f27  MemManage_Handler              
00000f27  NMI_Handler                    
00000f27  PCM_IRQHandler                 
00000f27  PORT2_IRQHandler               
00000f27  PORT3_IRQHandler               
00000f27  PORT4_IRQHandler               
00000f27  PORT5_IRQHandler               
00000f27  PORT6_IRQHandler               
00000f27  PSS_IRQHandler                 
00000f27  PendSV_Handler                 
00000f27  RTC_C_IRQHandler               
00000f27  SVC_Handler                    
00000f27  SysTick_Handler                
00000f27  T32_INT1_IRQHandler            
00000f27  T32_INT2_IRQHandler            
00000f27  T32_INTC_IRQHandler            
00000f27  TA0_N_IRQHandler               
00000f27  TA1_0_IRQHandler               
00000f27  TA1_N_IRQHandler               
00000f27  TA2_0_IRQHandler               
00000f27  TA2_N_IRQHandler               
00000f27  TA3_0_IRQHandler               
00000f27  TA3_N_IRQHandler               
00000f27  UsageFault_Handler             
00000f27  WDT_A_IRQHandler               
00000f29  __TI_zero_init                 
00000f35  _system_pre_init               
00000f50  __TI_Handler_Table_Base        
00000f5c  __TI_Handler_Table_Limit       
00000f68  __TI_CINIT_Base                
00000f78  __TI_CINIT_Limit               
20000000  _nadc                          
20000040  value                          
20000042  _eos                           
20000044  __TI_cleanup_ptr               
20000048  __TI_dtors_ptr                 
2000004c  __TI_enable_exit_profile_output
20000050  _lock                          
20000054  _unlock                        
20000058  main_func_sp                   
2000005c  SystemCoreClock                
2000fe00  __stack                        
20010000  __STACK_END                    
4000480c  WDTCTL_SYM                     
ffffffff  __TI_pprof_out_hndl            
ffffffff  __TI_prof_data_size            
ffffffff  __TI_prof_data_start           
ffffffff  __binit__                      
ffffffff  __c_args__                     
ffffffff  binit                          
UNDEFED   SHT$$INIT_ARRAY$$Base          
UNDEFED   SHT$$INIT_ARRAY$$Limit         

[132 symbols]
