******************************************************************************
                  TI ARM Linker PC v16.9.4                     
******************************************************************************
>> Linked Wed Nov 15 20:41:00 2017

OUTPUT FILE NAME:   <EmbeddedFinal.out>
ENTRY POINT SYMBOL: "_c_int00"  address: 00000bf1


MEMORY CONFIGURATION

         name            origin    length      used     unused   attr    fill
----------------------  --------  ---------  --------  --------  ----  --------
  MAIN                  00000000   00040000  00000dd0  0003f230  R  X
  INFO                  00200000   00004000  00000000  00004000  R  X
  SRAM_CODE             01000000   00010000  0000025f  0000fda1  RW X
  SRAM_DATA             20000000   00010000  0000025f  0000fda1  RW  


SEGMENT ALLOCATION MAP

run origin  load origin   length   init length attrs members
----------  ----------- ---------- ----------- ----- -------
00000000    00000000    00000dd0   00000dd0    r-x
  00000000    00000000    00000140   00000140    r-- .intvecs
  00000140    00000140    00000c50   00000c50    r-x .text
  00000d90    00000d90    00000040   00000040    r-- .cinit
20000000    20000000    00000060   00000000    rw-
  20000000    20000000    00000043   00000000    rw- .bss
  20000044    20000044    0000001c   00000000    rw- .data
2000fe00    2000fe00    00000200   00000000    rw-
  2000fe00    2000fe00    00000200   00000000    rw- .stack


SECTION ALLOCATION MAP

 output                                  attributes/
section   page    origin      length       input sections
--------  ----  ----------  ----------   ----------------
.intvecs   0    00000000    00000140     
                  00000000    00000140     startup_msp432p401r_ccs.obj (.intvecs:retain)

.binit     0    00000000    00000000     

.text      0    00000140    00000c50     
                  00000140    00000328     system_msp432p401r.obj (.text)
                  00000468    00000210     adc.obj (.text)
                  00000678    00000136     rtsv7M4_T_le_v4SPD16_eabi.lib : fd_div_t2.obj (.text)
                  000007ae    000000fc                                   : fd_mul_t2.obj (.text)
                  000008aa    00000002                                   : mpu_init.obj (.text)
                  000008ac    000000f4     joystick.obj (.text)
                  000009a0    0000009c     rtsv7M4_T_le_v4SPD16_eabi.lib : memcpy_t2.obj (.text)
                  00000a3c    0000007a                                   : memset_t2.obj (.text)
                  00000ab6    00000002                                   : startup.obj (.text)
                  00000ab8    00000070                                   : autoinit.obj (.text)
                  00000b28    00000068                                   : copy_decompress_lzss.obj (.text:decompress:lzss)
                  00000b90    00000060     main.obj (.text)
                  00000bf0    00000054     rtsv7M4_T_le_v4SPD16_eabi.lib : boot.obj (.text)
                  00000c44    00000054                                   : exit.obj (.text)
                  00000c98    0000004c                                   : cpy_tbl.obj (.text)
                  00000ce4    0000002e                                   : i_tofd_t2.obj (.text)
                  00000d12    00000020                                   : u_tofd_t2.obj (.text)
                  00000d32    00000002     --HOLE-- [fill = 0]
                  00000d34    00000018                                   : args_main.obj (.text)
                  00000d4c    00000014                                   : _lock.obj (.text)
                  00000d60    00000012     startup_msp432p401r_ccs.obj (.text)
                  00000d72    0000000e     rtsv7M4_T_le_v4SPD16_eabi.lib : copy_decompress_none.obj (.text:decompress:none)
                  00000d80    0000000c                                   : copy_zero_init.obj (.text:decompress:ZI)
                  00000d8c    00000004                                   : pre_init.obj (.text)

.cinit     0    00000d90    00000040     
                  00000d90    00000015     (.cinit..data.load) [load image, compression = lzss]
                  00000da5    00000003     --HOLE-- [fill = 0]
                  00000da8    0000000c     (__TI_handler_table)
                  00000db4    00000004     --HOLE-- [fill = 0]
                  00000db8    00000008     (.cinit..bss.load) [load image, compression = zero_init]
                  00000dc0    00000010     (__TI_cinit_table)

.init_array 
*          0    00000000    00000000     UNINITIALIZED

.bss       0    20000000    00000043     UNINITIALIZED
                  20000000    00000040     (.common:_nadc)
                  20000040    00000002     (.common:value)
                  20000042    00000001     (.common:_eos)

.data      0    20000044    0000001c     UNINITIALIZED
                  20000044    0000000c     rtsv7M4_T_le_v4SPD16_eabi.lib : exit.obj (.data:$O1$$)
                  20000050    00000008                                   : _lock.obj (.data:$O1$$)
                  20000058    00000004                                   : stkdepth_vars.obj (.data)
                  2000005c    00000004     system_msp432p401r.obj (.data)

.stack     0    2000fe00    00000200     UNINITIALIZED
                  2000fe00    00000200     --HOLE--

MODULE SUMMARY

       Module                        code   ro data   rw data
       ------                        ----   -------   -------
    .\
       system_msp432p401r.obj        808    0         8      
       adc.obj                       528    0         130    
       startup_msp432p401r_ccs.obj   18     320       0      
       joystick.obj                  244    0         0      
       main.obj                      96     0         4      
    +--+-----------------------------+------+---------+---------+
       Total:                        1694   320       142    
                                                             
    C:\ti\ccsv7\tools\compiler\ti-cgt-arm_16.9.4.LTS\lib\rtsv7M4_T_le_v4SPD16_eabi.lib
       fd_div_t2.obj                 310    0         0      
       fd_mul_t2.obj                 252    0         0      
       memcpy_t2.obj                 156    0         0      
       memset_t2.obj                 122    0         0      
       autoinit.obj                  112    0         0      
       exit.obj                      84     0         24     
       copy_decompress_lzss.obj      104    0         0      
       boot.obj                      84     0         0      
       cpy_tbl.obj                   76     0         0      
       i_tofd_t2.obj                 46     0         0      
       _lock.obj                     20     0         16     
       u_tofd_t2.obj                 32     0         0      
       args_main.obj                 24     0         0      
       copy_decompress_none.obj      14     0         0      
       copy_zero_init.obj            12     0         0      
       stkdepth_vars.obj             0      0         8      
       pre_init.obj                  4      0         0      
       mpu_init.obj                  2      0         0      
       startup.obj                   2      0         0      
    +--+-----------------------------+------+---------+---------+
       Total:                        1456   0         48     
                                                             
       Stack:                        0      0         1024   
       Linker Generated:             0      57        0      
    +--+-----------------------------+------+---------+---------+
       Grand Total:                  3150   377       1214   


LINKER GENERATED COPY TABLES

__TI_cinit_table @ 00000dc0 records: 2, size/record: 8, table size: 16
	.data: load addr=00000d90, load size=00000015 bytes, run addr=20000044, run size=0000001c bytes, compression=lzss
	.bss: load addr=00000db8, load size=00000008 bytes, run addr=20000000, run size=00000043 bytes, compression=zero_init


LINKER GENERATED HANDLER TABLE

__TI_handler_table @ 00000da8 records: 3, size/record: 4, table size: 12
	index: 0, handler: __TI_decompress_lzss
	index: 1, handler: __TI_decompress_none
	index: 2, handler: __TI_zero_init


GLOBAL SYMBOLS: SORTED ALPHABETICALLY BY Name 

address   name                           
-------   ----                           
000004d3  ADC14_IRQHandler               
00000517  ADC_EOS                        
00000547  ADC_addChannel                 
000005c9  ADC_getMV                      
000005ab  ADC_getN                       
00000495  ADC_init                       
0000053b  ADC_start                      
00000c45  C$$EXIT                        
000008ad  GPIO_configure                 
UNDEFED   SHT$$INIT_ARRAY$$Base          
UNDEFED   SHT$$INIT_ARRAY$$Limit         
2000005c  SystemCoreClock                
00000141  SystemCoreClockUpdate          
000003b5  SystemInit                     
4000480c  WDTCTL_SYM                     
20010000  __STACK_END                    
00000200  __STACK_SIZE                   
00000dc0  __TI_CINIT_Base                
00000dd0  __TI_CINIT_Limit               
00000da8  __TI_Handler_Table_Base        
00000db4  __TI_Handler_Table_Limit       
00000ab9  __TI_auto_init                 
20000044  __TI_cleanup_ptr               
00000b29  __TI_decompress_lzss           
00000d73  __TI_decompress_none           
20000048  __TI_dtors_ptr                 
2000004c  __TI_enable_exit_profile_output
ffffffff  __TI_pprof_out_hndl            
ffffffff  __TI_prof_data_size            
ffffffff  __TI_prof_data_start           
00000000  __TI_static_base__             
00000d81  __TI_zero_init                 
00000679  __aeabi_ddiv                   
000007af  __aeabi_dmul                   
00000ce5  __aeabi_i2d                    
00000a3d  __aeabi_memclr                 
00000a3d  __aeabi_memclr4                
00000a3d  __aeabi_memclr8                
000009a1  __aeabi_memcpy                 
000009a1  __aeabi_memcpy4                
000009a1  __aeabi_memcpy8                
00000a3f  __aeabi_memset                 
00000a3f  __aeabi_memset4                
00000a3f  __aeabi_memset8                
00000d13  __aeabi_ui2d                   
ffffffff  __binit__                      
ffffffff  __c_args__                     
000008ab  __mpu_init                     
2000fe00  __stack                        
00000d35  _args_main                     
00000bf1  _c_int00                       
20000042  _eos                           
20000050  _lock                          
20000000  _nadc                          
00000d5b  _nop                           
00000d53  _register_lock                 
00000d4d  _register_unlock               
00000ab7  _system_post_cinit             
00000d8d  _system_pre_init               
20000054  _unlock                        
00000c49  abort                          
ffffffff  binit                          
00000c99  copy_in                        
00000c51  exit                           
00000000  interruptVectors               
000008eb  joysticklocation               
00000b91  main                           
20000058  main_func_sp                   
000009a1  memcpy                         
00000a45  memset                         
20000040  value                          


GLOBAL SYMBOLS: SORTED BY Symbol Address 

address   name                           
-------   ----                           
00000000  __TI_static_base__             
00000000  interruptVectors               
00000141  SystemCoreClockUpdate          
00000200  __STACK_SIZE                   
000003b5  SystemInit                     
00000495  ADC_init                       
000004d3  ADC14_IRQHandler               
00000517  ADC_EOS                        
0000053b  ADC_start                      
00000547  ADC_addChannel                 
000005ab  ADC_getN                       
000005c9  ADC_getMV                      
00000679  __aeabi_ddiv                   
000007af  __aeabi_dmul                   
000008ab  __mpu_init                     
000008ad  GPIO_configure                 
000008eb  joysticklocation               
000009a1  __aeabi_memcpy                 
000009a1  __aeabi_memcpy4                
000009a1  __aeabi_memcpy8                
000009a1  memcpy                         
00000a3d  __aeabi_memclr                 
00000a3d  __aeabi_memclr4                
00000a3d  __aeabi_memclr8                
00000a3f  __aeabi_memset                 
00000a3f  __aeabi_memset4                
00000a3f  __aeabi_memset8                
00000a45  memset                         
00000ab7  _system_post_cinit             
00000ab9  __TI_auto_init                 
00000b29  __TI_decompress_lzss           
00000b91  main                           
00000bf1  _c_int00                       
00000c45  C$$EXIT                        
00000c49  abort                          
00000c51  exit                           
00000c99  copy_in                        
00000ce5  __aeabi_i2d                    
00000d13  __aeabi_ui2d                   
00000d35  _args_main                     
00000d4d  _register_unlock               
00000d53  _register_lock                 
00000d5b  _nop                           
00000d73  __TI_decompress_none           
00000d81  __TI_zero_init                 
00000d8d  _system_pre_init               
00000da8  __TI_Handler_Table_Base        
00000db4  __TI_Handler_Table_Limit       
00000dc0  __TI_CINIT_Base                
00000dd0  __TI_CINIT_Limit               
20000000  _nadc                          
20000040  value                          
20000042  _eos                           
20000044  __TI_cleanup_ptr               
20000048  __TI_dtors_ptr                 
2000004c  __TI_enable_exit_profile_output
20000050  _lock                          
20000054  _unlock                        
20000058  main_func_sp                   
2000005c  SystemCoreClock                
2000fe00  __stack                        
20010000  __STACK_END                    
4000480c  WDTCTL_SYM                     
ffffffff  __TI_pprof_out_hndl            
ffffffff  __TI_prof_data_size            
ffffffff  __TI_prof_data_start           
ffffffff  __binit__                      
ffffffff  __c_args__                     
ffffffff  binit                          
UNDEFED   SHT$$INIT_ARRAY$$Base          
UNDEFED   SHT$$INIT_ARRAY$$Limit         

[71 symbols]
