******************************************************************************
                  TI ARM Linker PC v16.9.4                     
******************************************************************************
>> Linked Mon Nov 20 17:18:39 2017

OUTPUT FILE NAME:   <EmbeddedFinal.out>
ENTRY POINT SYMBOL: "_c_int00"  address: 00000d49


MEMORY CONFIGURATION

         name            origin    length      used     unused   attr    fill
----------------------  --------  ---------  --------  --------  ----  --------
  MAIN                  00000000   00040000  00000f60  0003f0a0  R  X
  INFO                  00200000   00004000  00000000  00004000  R  X
  SRAM_CODE             01000000   00010000  0000025f  0000fda1  RW X
  SRAM_DATA             20000000   00010000  0000025f  0000fda1  RW  


SEGMENT ALLOCATION MAP

run origin  load origin   length   init length attrs members
----------  ----------- ---------- ----------- ----- -------
00000000    00000000    00000f60   00000f60    r-x
  00000000    00000000    000000e4   000000e4    r-- .intvecs
  000000e4    000000e4    00000e3c   00000e3c    r-x .text
  00000f20    00000f20    00000040   00000040    r-- .cinit
20000000    20000000    00000060   00000000    rw-
  20000000    20000000    00000043   00000000    rw- .bss
  20000044    20000044    0000001c   00000000    rw- .data
2000fe00    2000fe00    00000200   00000000    rw-
  2000fe00    2000fe00    00000200   00000000    rw- .stack


SECTION ALLOCATION MAP

 output                                  attributes/
section   page    origin      length       input sections
--------  ----  ----------  ----------   ----------------
.intvecs   0    00000000    000000e4     
                  00000000    000000e4     startup_msp432p401r_ccs.obj (.intvecs:retain)

.binit     0    00000000    00000000     

.text      0    000000e4    00000e3c     
                  000000e4    0000032c     system_msp432p401r.obj (.text)
                  00000410    00000210     adc.obj (.text)
                  00000620    00000136     rtsv7M4_T_le_v4SPD16_eabi.lib : fd_div_t2.obj (.text)
                  00000756    00000002                                   : mpu_init.obj (.text)
                  00000758    00000130     gpio1.obj (.text)
                  00000888    000000fc     rtsv7M4_T_le_v4SPD16_eabi.lib : fd_mul_t2.obj (.text)
                  00000984    000000f4     timer.obj (.text)
                  00000a78    000000e0     joystick.obj (.text)
                  00000b58    0000009c     rtsv7M4_T_le_v4SPD16_eabi.lib : memcpy_t2.obj (.text)
                  00000bf4    0000007a                                   : memset_t2.obj (.text)
                  00000c6e    00000002                                   : startup.obj (.text)
                  00000c70    00000070                                   : autoinit.obj (.text)
                  00000ce0    00000068                                   : copy_decompress_lzss.obj (.text:decompress:lzss)
                  00000d48    00000054                                   : boot.obj (.text)
                  00000d9c    00000054                                   : exit.obj (.text)
                  00000df0    0000004c                                   : cpy_tbl.obj (.text)
                  00000e3c    0000003c     main.obj (.text)
                  00000e78    0000002e     rtsv7M4_T_le_v4SPD16_eabi.lib : i_tofd_t2.obj (.text)
                  00000ea6    00000020                                   : u_tofd_t2.obj (.text)
                  00000ec6    00000002     --HOLE-- [fill = 0]
                  00000ec8    00000018                                   : args_main.obj (.text)
                  00000ee0    00000014                                   : _lock.obj (.text)
                  00000ef4    0000000e                                   : copy_decompress_none.obj (.text:decompress:none)
                  00000f02    0000000e     startup_msp432p401r_ccs.obj (.text)
                  00000f10    0000000c     rtsv7M4_T_le_v4SPD16_eabi.lib : copy_zero_init.obj (.text:decompress:ZI)
                  00000f1c    00000004                                   : pre_init.obj (.text)

.cinit     0    00000f20    00000040     
                  00000f20    00000015     (.cinit..data.load) [load image, compression = lzss]
                  00000f35    00000003     --HOLE-- [fill = 0]
                  00000f38    0000000c     (__TI_handler_table)
                  00000f44    00000004     --HOLE-- [fill = 0]
                  00000f48    00000008     (.cinit..bss.load) [load image, compression = zero_init]
                  00000f50    00000010     (__TI_cinit_table)

.init_array 
*          0    00000000    00000000     UNINITIALIZED

.bss       0    20000000    00000043     UNINITIALIZED
                  20000000    00000040     (.common:_nadc)
                  20000040    00000002     (.common:tCount)
                  20000042    00000001     (.common:_eos)

.data      0    20000044    0000001c     UNINITIALIZED
                  20000044    0000000c     rtsv7M4_T_le_v4SPD16_eabi.lib : exit.obj (.data:$O1$$)
                  20000050    00000008                                   : _lock.obj (.data:$O1$$)
                  20000058    00000004                                   : stkdepth_vars.obj (.data)
                  2000005c    00000004     system_msp432p401r.obj (.data)

.stack     0    2000fe00    00000200     UNINITIALIZED
                  2000fe00    00000200     --HOLE--

MODULE SUMMARY

       Module                        code   ro data   rw data
       ------                        ----   -------   -------
    .\
       system_msp432p401r.obj        812    0         8      
       adc.obj                       528    0         130    
       gpio1.obj                     304    0         0      
       timer.obj                     244    0         4      
       startup_msp432p401r_ccs.obj   14     228       0      
       joystick.obj                  224    0         0      
       main.obj                      60     0         0      
    +--+-----------------------------+------+---------+---------+
       Total:                        2186   228       142    
                                                             
    C:\ti\ccsv7\tools\compiler\ti-cgt-arm_16.9.4.LTS\lib\rtsv7M4_T_le_v4SPD16_eabi.lib
       fd_div_t2.obj                 310    0         0      
       fd_mul_t2.obj                 252    0         0      
       memcpy_t2.obj                 156    0         0      
       memset_t2.obj                 122    0         0      
       autoinit.obj                  112    0         0      
       exit.obj                      84     0         24     
       copy_decompress_lzss.obj      104    0         0      
       boot.obj                      84     0         0      
       cpy_tbl.obj                   76     0         0      
       i_tofd_t2.obj                 46     0         0      
       _lock.obj                     20     0         16     
       u_tofd_t2.obj                 32     0         0      
       args_main.obj                 24     0         0      
       copy_decompress_none.obj      14     0         0      
       copy_zero_init.obj            12     0         0      
       stkdepth_vars.obj             0      0         8      
       pre_init.obj                  4      0         0      
       mpu_init.obj                  2      0         0      
       startup.obj                   2      0         0      
    +--+-----------------------------+------+---------+---------+
       Total:                        1456   0         48     
                                                             
       Stack:                        0      0         1024   
       Linker Generated:             0      57        0      
    +--+-----------------------------+------+---------+---------+
       Grand Total:                  3642   285       1214   


LINKER GENERATED COPY TABLES

__TI_cinit_table @ 00000f50 records: 2, size/record: 8, table size: 16
	.data: load addr=00000f20, load size=00000015 bytes, run addr=20000044, run size=0000001c bytes, compression=lzss
	.bss: load addr=00000f48, load size=00000008 bytes, run addr=20000000, run size=00000043 bytes, compression=zero_init


LINKER GENERATED HANDLER TABLE

__TI_handler_table @ 00000f38 records: 3, size/record: 4, table size: 12
	index: 0, handler: __TI_decompress_lzss
	index: 1, handler: __TI_decompress_none
	index: 2, handler: __TI_zero_init


GLOBAL SYMBOLS: SORTED ALPHABETICALLY BY Name 

address   name                           
-------   ----                           
0000047b  ADC14_IRQHandler               
0000047b  ADC14_IRQHandler               
000004bf  ADC_EOS                        
000004ef  ADC_addChannel                 
00000571  ADC_getMV                      
00000553  ADC_getN                       
0000043d  ADC_init                       
000004e3  ADC_start                      
00000f0f  AES256_IRQHandler              
00000f0f  BusFault_Handler               
00000d9d  C$$EXIT                        
00000f0f  COMP_E0_IRQHandler             
00000f0f  COMP_E1_IRQHandler             
00000f0f  CS_IRQHandler                  
00000f0f  DMA_ERR_IRQHandler             
00000f0f  DMA_INT0_IRQHandler            
00000f0f  DMA_INT1_IRQHandler            
00000f0f  DMA_INT2_IRQHandler            
00000f0f  DMA_INT3_IRQHandler            
00000f0f  DebugMon_Handler               
00000f0f  Default_Handler                
00000f0f  EUSCIA0_IRQHandler             
00000f0f  EUSCIA1_IRQHandler             
00000f0f  EUSCIA2_IRQHandler             
00000f0f  EUSCIA3_IRQHandler             
00000f0f  EUSCIB0_IRQHandler             
00000f0f  EUSCIB1_IRQHandler             
00000f0f  EUSCIB2_IRQHandler             
00000f0f  EUSCIB3_IRQHandler             
00000f0f  FLCTL_IRQHandler               
00000f0f  FPU_IRQHandler                 
00000f0f  HardFault_Handler              
00000f0f  MemManage_Handler              
00000f0f  NMI_Handler                    
00000f0f  PCM_IRQHandler                 
0000082b  PORT1_IRQHandler               
0000082b  PORT1_IRQHandler               
00000f0f  PORT2_IRQHandler               
00000f0f  PORT3_IRQHandler               
00000f0f  PORT4_IRQHandler               
00000f0f  PORT5_IRQHandler               
00000f0f  PORT6_IRQHandler               
00000f0f  PSS_IRQHandler                 
00000f0f  PendSV_Handler                 
00000f0f  RTC_C_IRQHandler               
00000f03  Reset_Handler                  
UNDEFED   SHT$$INIT_ARRAY$$Base          
UNDEFED   SHT$$INIT_ARRAY$$Limit         
00000f0f  SVC_Handler                    
00000f0f  SysTick_Handler                
2000005c  SystemCoreClock                
000000e5  SystemCoreClockUpdate          
00000359  SystemInit                     
00000f0f  T32_INT1_IRQHandler            
00000f0f  T32_INT2_IRQHandler            
00000f0f  T32_INTC_IRQHandler            
000009f9  TA0_0_IRQHandler               
000009f9  TA0_0_IRQHandler               
00000f0f  TA0_N_IRQHandler               
00000f0f  TA1_0_IRQHandler               
00000f0f  TA1_N_IRQHandler               
00000f0f  TA2_0_IRQHandler               
00000f0f  TA2_N_IRQHandler               
00000f0f  TA3_0_IRQHandler               
00000f0f  TA3_N_IRQHandler               
00000f0f  UsageFault_Handler             
4000480c  WDTCTL_SYM                     
00000f0f  WDT_A_IRQHandler               
20010000  __STACK_END                    
00000200  __STACK_SIZE                   
00000f50  __TI_CINIT_Base                
00000f60  __TI_CINIT_Limit               
00000f38  __TI_Handler_Table_Base        
00000f44  __TI_Handler_Table_Limit       
00000c71  __TI_auto_init                 
20000044  __TI_cleanup_ptr               
00000ce1  __TI_decompress_lzss           
00000ef5  __TI_decompress_none           
20000048  __TI_dtors_ptr                 
2000004c  __TI_enable_exit_profile_output
ffffffff  __TI_pprof_out_hndl            
ffffffff  __TI_prof_data_size            
ffffffff  __TI_prof_data_start           
00000000  __TI_static_base__             
00000f11  __TI_zero_init                 
00000621  __aeabi_ddiv                   
00000889  __aeabi_dmul                   
00000e79  __aeabi_i2d                    
00000bf5  __aeabi_memclr                 
00000bf5  __aeabi_memclr4                
00000bf5  __aeabi_memclr8                
00000b59  __aeabi_memcpy                 
00000b59  __aeabi_memcpy4                
00000b59  __aeabi_memcpy8                
00000bf7  __aeabi_memset                 
00000bf7  __aeabi_memset4                
00000bf7  __aeabi_memset8                
00000ea7  __aeabi_ui2d                   
ffffffff  __binit__                      
ffffffff  __c_args__                     
00000757  __mpu_init                     
2000fe00  __stack                        
00000ec9  _args_main                     
00000d49  _c_int00                       
20000042  _eos                           
20000050  _lock                          
20000000  _nadc                          
00000eef  _nop                           
00000ee7  _register_lock                 
00000ee1  _register_unlock               
00000c6f  _system_post_cinit             
00000f1d  _system_pre_init               
20000054  _unlock                        
00000da1  abort                          
00000e49  adamarash                      
ffffffff  binit                          
00000e3d  brandonjc                      
00000df1  copy_in                        
00000da9  exit                           
000007c3  gpio_config                    
000007d5  gpio_pwmconfig                 
00000000  interruptVectors               
00000a79  joystick_configure             
00000813  joystickcall                   
00000aa3  joysticklocation               
00000e4b  main                           
20000058  main_func_sp                   
00000b59  memcpy                         
00000bfd  memset                         
20000040  tCount                         
000009b1  timerA0_config                 
000009eb  timerA0_disable                
000009d7  timerA0_enable                 


GLOBAL SYMBOLS: SORTED BY Symbol Address 

address   name                           
-------   ----                           
00000000  __TI_static_base__             
00000000  interruptVectors               
000000e5  SystemCoreClockUpdate          
00000200  __STACK_SIZE                   
00000359  SystemInit                     
0000043d  ADC_init                       
0000047b  ADC14_IRQHandler               
0000047b  ADC14_IRQHandler               
000004bf  ADC_EOS                        
000004e3  ADC_start                      
000004ef  ADC_addChannel                 
00000553  ADC_getN                       
00000571  ADC_getMV                      
00000621  __aeabi_ddiv                   
00000757  __mpu_init                     
000007c3  gpio_config                    
000007d5  gpio_pwmconfig                 
00000813  joystickcall                   
0000082b  PORT1_IRQHandler               
0000082b  PORT1_IRQHandler               
00000889  __aeabi_dmul                   
000009b1  timerA0_config                 
000009d7  timerA0_enable                 
000009eb  timerA0_disable                
000009f9  TA0_0_IRQHandler               
000009f9  TA0_0_IRQHandler               
00000a79  joystick_configure             
00000aa3  joysticklocation               
00000b59  __aeabi_memcpy                 
00000b59  __aeabi_memcpy4                
00000b59  __aeabi_memcpy8                
00000b59  memcpy                         
00000bf5  __aeabi_memclr                 
00000bf5  __aeabi_memclr4                
00000bf5  __aeabi_memclr8                
00000bf7  __aeabi_memset                 
00000bf7  __aeabi_memset4                
00000bf7  __aeabi_memset8                
00000bfd  memset                         
00000c6f  _system_post_cinit             
00000c71  __TI_auto_init                 
00000ce1  __TI_decompress_lzss           
00000d49  _c_int00                       
00000d9d  C$$EXIT                        
00000da1  abort                          
00000da9  exit                           
00000df1  copy_in                        
00000e3d  brandonjc                      
00000e49  adamarash                      
00000e4b  main                           
00000e79  __aeabi_i2d                    
00000ea7  __aeabi_ui2d                   
00000ec9  _args_main                     
00000ee1  _register_unlock               
00000ee7  _register_lock                 
00000eef  _nop                           
00000ef5  __TI_decompress_none           
00000f03  Reset_Handler                  
00000f0f  AES256_IRQHandler              
00000f0f  BusFault_Handler               
00000f0f  COMP_E0_IRQHandler             
00000f0f  COMP_E1_IRQHandler             
00000f0f  CS_IRQHandler                  
00000f0f  DMA_ERR_IRQHandler             
00000f0f  DMA_INT0_IRQHandler            
00000f0f  DMA_INT1_IRQHandler            
00000f0f  DMA_INT2_IRQHandler            
00000f0f  DMA_INT3_IRQHandler            
00000f0f  DebugMon_Handler               
00000f0f  Default_Handler                
00000f0f  EUSCIA0_IRQHandler             
00000f0f  EUSCIA1_IRQHandler             
00000f0f  EUSCIA2_IRQHandler             
00000f0f  EUSCIA3_IRQHandler             
00000f0f  EUSCIB0_IRQHandler             
00000f0f  EUSCIB1_IRQHandler             
00000f0f  EUSCIB2_IRQHandler             
00000f0f  EUSCIB3_IRQHandler             
00000f0f  FLCTL_IRQHandler               
00000f0f  FPU_IRQHandler                 
00000f0f  HardFault_Handler              
00000f0f  MemManage_Handler              
00000f0f  NMI_Handler                    
00000f0f  PCM_IRQHandler                 
00000f0f  PORT2_IRQHandler               
00000f0f  PORT3_IRQHandler               
00000f0f  PORT4_IRQHandler               
00000f0f  PORT5_IRQHandler               
00000f0f  PORT6_IRQHandler               
00000f0f  PSS_IRQHandler                 
00000f0f  PendSV_Handler                 
00000f0f  RTC_C_IRQHandler               
00000f0f  SVC_Handler                    
00000f0f  SysTick_Handler                
00000f0f  T32_INT1_IRQHandler            
00000f0f  T32_INT2_IRQHandler            
00000f0f  T32_INTC_IRQHandler            
00000f0f  TA0_N_IRQHandler               
00000f0f  TA1_0_IRQHandler               
00000f0f  TA1_N_IRQHandler               
00000f0f  TA2_0_IRQHandler               
00000f0f  TA2_N_IRQHandler               
00000f0f  TA3_0_IRQHandler               
00000f0f  TA3_N_IRQHandler               
00000f0f  UsageFault_Handler             
00000f0f  WDT_A_IRQHandler               
00000f11  __TI_zero_init                 
00000f1d  _system_pre_init               
00000f38  __TI_Handler_Table_Base        
00000f44  __TI_Handler_Table_Limit       
00000f50  __TI_CINIT_Base                
00000f60  __TI_CINIT_Limit               
20000000  _nadc                          
20000040  tCount                         
20000042  _eos                           
20000044  __TI_cleanup_ptr               
20000048  __TI_dtors_ptr                 
2000004c  __TI_enable_exit_profile_output
20000050  _lock                          
20000054  _unlock                        
20000058  main_func_sp                   
2000005c  SystemCoreClock                
2000fe00  __stack                        
20010000  __STACK_END                    
4000480c  WDTCTL_SYM                     
ffffffff  __TI_pprof_out_hndl            
ffffffff  __TI_prof_data_size            
ffffffff  __TI_prof_data_start           
ffffffff  __binit__                      
ffffffff  __c_args__                     
ffffffff  binit                          
UNDEFED   SHT$$INIT_ARRAY$$Base          
UNDEFED   SHT$$INIT_ARRAY$$Limit         

[133 symbols]
