<?xml version="1.0"?>
<link_info>
   <banner>TI ARM Linker PC v16.9.4.LTS</banner>
   <copyright>Copyright (c) 1996-2017 Texas Instruments Incorporated</copyright>
   <link_time>0x5a0f54da</link_time>
   <link_errors>0x0</link_errors>
   <output_file>EmbeddedFinal.out</output_file>
   <entry_point>
      <name>_c_int00</name>
      <address>0x7e49</address>
   </entry_point>
   <input_file_list>
      <input_file id="fl-2">
         <path>.\</path>
         <kind>object</kind>
         <file>adc.obj</file>
         <name>adc.obj</name>
      </input_file>
      <input_file id="fl-3">
         <path>.\</path>
         <kind>object</kind>
         <file>joystick.obj</file>
         <name>joystick.obj</name>
      </input_file>
      <input_file id="fl-4">
         <path>.\</path>
         <kind>object</kind>
         <file>main.obj</file>
         <name>main.obj</name>
      </input_file>
      <input_file id="fl-5">
         <path>.\</path>
         <kind>object</kind>
         <file>startup_msp432p401r_ccs.obj</file>
         <name>startup_msp432p401r_ccs.obj</name>
      </input_file>
      <input_file id="fl-6">
         <path>.\</path>
         <kind>object</kind>
         <file>system_msp432p401r.obj</file>
         <name>system_msp432p401r.obj</name>
      </input_file>
      <input_file id="fl-7">
         <path>.\GrLib\fonts\</path>
         <kind>object</kind>
         <file>fontfixed6x8.obj</file>
         <name>fontfixed6x8.obj</name>
      </input_file>
      <input_file id="fl-8">
         <path>.\GrLib\grlib\</path>
         <kind>object</kind>
         <file>button.obj</file>
         <name>button.obj</name>
      </input_file>
      <input_file id="fl-9">
         <path>.\GrLib\grlib\</path>
         <kind>object</kind>
         <file>checkbox.obj</file>
         <name>checkbox.obj</name>
      </input_file>
      <input_file id="fl-a">
         <path>.\GrLib\grlib\</path>
         <kind>object</kind>
         <file>circle.obj</file>
         <name>circle.obj</name>
      </input_file>
      <input_file id="fl-b">
         <path>.\GrLib\grlib\</path>
         <kind>object</kind>
         <file>context.obj</file>
         <name>context.obj</name>
      </input_file>
      <input_file id="fl-c">
         <path>.\GrLib\grlib\</path>
         <kind>object</kind>
         <file>display.obj</file>
         <name>display.obj</name>
      </input_file>
      <input_file id="fl-d">
         <path>.\GrLib\grlib\</path>
         <kind>object</kind>
         <file>image.obj</file>
         <name>image.obj</name>
      </input_file>
      <input_file id="fl-e">
         <path>.\GrLib\grlib\</path>
         <kind>object</kind>
         <file>imageButton.obj</file>
         <name>imageButton.obj</name>
      </input_file>
      <input_file id="fl-f">
         <path>.\GrLib\grlib\</path>
         <kind>object</kind>
         <file>line.obj</file>
         <name>line.obj</name>
      </input_file>
      <input_file id="fl-10">
         <path>.\GrLib\grlib\</path>
         <kind>object</kind>
         <file>radioButton.obj</file>
         <name>radioButton.obj</name>
      </input_file>
      <input_file id="fl-11">
         <path>.\GrLib\grlib\</path>
         <kind>object</kind>
         <file>rectangle.obj</file>
         <name>rectangle.obj</name>
      </input_file>
      <input_file id="fl-12">
         <path>.\GrLib\grlib\</path>
         <kind>object</kind>
         <file>string.obj</file>
         <name>string.obj</name>
      </input_file>
      <input_file id="fl-13">
         <path>.\LcdDriver\</path>
         <kind>object</kind>
         <file>Crystalfontz128x128_ST7735.obj</file>
         <name>Crystalfontz128x128_ST7735.obj</name>
      </input_file>
      <input_file id="fl-14">
         <path>.\LcdDriver\</path>
         <kind>object</kind>
         <file>HAL_MSP_EXP432P401R_Crystalfontz128x128_ST7735.obj</file>
         <name>HAL_MSP_EXP432P401R_Crystalfontz128x128_ST7735.obj</name>
      </input_file>
      <input_file id="fl-15">
         <path>.\LcdDriver\</path>
         <kind>object</kind>
         <file>lcdconfig.obj</file>
         <name>lcdconfig.obj</name>
      </input_file>
      <input_file id="fl-16">
         <path>.\driverlib\MSP432P4xx\</path>
         <kind>object</kind>
         <file>aes256.obj</file>
         <name>aes256.obj</name>
      </input_file>
      <input_file id="fl-17">
         <path>.\driverlib\MSP432P4xx\</path>
         <kind>object</kind>
         <file>comp_e.obj</file>
         <name>comp_e.obj</name>
      </input_file>
      <input_file id="fl-18">
         <path>.\driverlib\MSP432P4xx\</path>
         <kind>object</kind>
         <file>cpu.obj</file>
         <name>cpu.obj</name>
      </input_file>
      <input_file id="fl-19">
         <path>.\driverlib\MSP432P4xx\</path>
         <kind>object</kind>
         <file>crc32.obj</file>
         <name>crc32.obj</name>
      </input_file>
      <input_file id="fl-1a">
         <path>.\driverlib\MSP432P4xx\</path>
         <kind>object</kind>
         <file>cs.obj</file>
         <name>cs.obj</name>
      </input_file>
      <input_file id="fl-1b">
         <path>.\driverlib\MSP432P4xx\</path>
         <kind>object</kind>
         <file>dma.obj</file>
         <name>dma.obj</name>
      </input_file>
      <input_file id="fl-1c">
         <path>.\driverlib\MSP432P4xx\</path>
         <kind>object</kind>
         <file>flash.obj</file>
         <name>flash.obj</name>
      </input_file>
      <input_file id="fl-1d">
         <path>.\driverlib\MSP432P4xx\</path>
         <kind>object</kind>
         <file>fpu.obj</file>
         <name>fpu.obj</name>
      </input_file>
      <input_file id="fl-1e">
         <path>.\driverlib\MSP432P4xx\</path>
         <kind>object</kind>
         <file>gpio.obj</file>
         <name>gpio.obj</name>
      </input_file>
      <input_file id="fl-1f">
         <path>.\driverlib\MSP432P4xx\</path>
         <kind>object</kind>
         <file>interrupt.obj</file>
         <name>interrupt.obj</name>
      </input_file>
      <input_file id="fl-20">
         <path>.\driverlib\MSP432P4xx\</path>
         <kind>object</kind>
         <file>mpu.obj</file>
         <name>mpu.obj</name>
      </input_file>
      <input_file id="fl-21">
         <path>.\driverlib\MSP432P4xx\</path>
         <kind>object</kind>
         <file>pcm.obj</file>
         <name>pcm.obj</name>
      </input_file>
      <input_file id="fl-22">
         <path>.\driverlib\MSP432P4xx\</path>
         <kind>object</kind>
         <file>pmap.obj</file>
         <name>pmap.obj</name>
      </input_file>
      <input_file id="fl-23">
         <path>.\driverlib\MSP432P4xx\</path>
         <kind>object</kind>
         <file>pss.obj</file>
         <name>pss.obj</name>
      </input_file>
      <input_file id="fl-24">
         <path>.\driverlib\MSP432P4xx\</path>
         <kind>object</kind>
         <file>ref_a.obj</file>
         <name>ref_a.obj</name>
      </input_file>
      <input_file id="fl-25">
         <path>.\driverlib\MSP432P4xx\</path>
         <kind>object</kind>
         <file>reset.obj</file>
         <name>reset.obj</name>
      </input_file>
      <input_file id="fl-26">
         <path>.\driverlib\MSP432P4xx\</path>
         <kind>object</kind>
         <file>rtc_c.obj</file>
         <name>rtc_c.obj</name>
      </input_file>
      <input_file id="fl-27">
         <path>.\driverlib\MSP432P4xx\</path>
         <kind>object</kind>
         <file>spi.obj</file>
         <name>spi.obj</name>
      </input_file>
      <input_file id="fl-28">
         <path>.\driverlib\MSP432P4xx\</path>
         <kind>object</kind>
         <file>sysctl.obj</file>
         <name>sysctl.obj</name>
      </input_file>
      <input_file id="fl-29">
         <path>.\driverlib\MSP432P4xx\</path>
         <kind>object</kind>
         <file>wdt_a.obj</file>
         <name>wdt_a.obj</name>
      </input_file>
      <input_file id="fl-2d">
         <kind>object</kind>
         <file>&lt;internal&gt;</file>
         <name>&lt;internal&gt;</name>
      </input_file>
      <input_file id="fl-e3">
         <path>C:\ti\ccsv7\tools\compiler\ti-cgt-arm_16.9.4.LTS\lib\</path>
         <kind>archive</kind>
         <file>rtsv7M4_T_le_v4SPD16_eabi.lib</file>
         <name>boot.obj</name>
      </input_file>
      <input_file id="fl-e4">
         <path>C:\ti\ccsv7\tools\compiler\ti-cgt-arm_16.9.4.LTS\lib\</path>
         <kind>archive</kind>
         <file>rtsv7M4_T_le_v4SPD16_eabi.lib</file>
         <name>copy_decompress_lzss.obj</name>
      </input_file>
      <input_file id="fl-e5">
         <path>C:\ti\ccsv7\tools\compiler\ti-cgt-arm_16.9.4.LTS\lib\</path>
         <kind>archive</kind>
         <file>rtsv7M4_T_le_v4SPD16_eabi.lib</file>
         <name>copy_decompress_none.obj</name>
      </input_file>
      <input_file id="fl-e6">
         <path>C:\ti\ccsv7\tools\compiler\ti-cgt-arm_16.9.4.LTS\lib\</path>
         <kind>archive</kind>
         <file>rtsv7M4_T_le_v4SPD16_eabi.lib</file>
         <name>copy_zero_init.obj</name>
      </input_file>
      <input_file id="fl-e7">
         <path>C:\ti\ccsv7\tools\compiler\ti-cgt-arm_16.9.4.LTS\lib\</path>
         <kind>archive</kind>
         <file>rtsv7M4_T_le_v4SPD16_eabi.lib</file>
         <name>exit.obj</name>
      </input_file>
      <input_file id="fl-e8">
         <path>C:\ti\ccsv7\tools\compiler\ti-cgt-arm_16.9.4.LTS\lib\</path>
         <kind>archive</kind>
         <file>rtsv7M4_T_le_v4SPD16_eabi.lib</file>
         <name>fd_div_t2.obj</name>
      </input_file>
      <input_file id="fl-e9">
         <path>C:\ti\ccsv7\tools\compiler\ti-cgt-arm_16.9.4.LTS\lib\</path>
         <kind>archive</kind>
         <file>rtsv7M4_T_le_v4SPD16_eabi.lib</file>
         <name>fd_mul_t2.obj</name>
      </input_file>
      <input_file id="fl-ea">
         <path>C:\ti\ccsv7\tools\compiler\ti-cgt-arm_16.9.4.LTS\lib\</path>
         <kind>archive</kind>
         <file>rtsv7M4_T_le_v4SPD16_eabi.lib</file>
         <name>i_tofd_t2.obj</name>
      </input_file>
      <input_file id="fl-eb">
         <path>C:\ti\ccsv7\tools\compiler\ti-cgt-arm_16.9.4.LTS\lib\</path>
         <kind>archive</kind>
         <file>rtsv7M4_T_le_v4SPD16_eabi.lib</file>
         <name>memcpy_t2.obj</name>
      </input_file>
      <input_file id="fl-ec">
         <path>C:\ti\ccsv7\tools\compiler\ti-cgt-arm_16.9.4.LTS\lib\</path>
         <kind>archive</kind>
         <file>rtsv7M4_T_le_v4SPD16_eabi.lib</file>
         <name>memset_t2.obj</name>
      </input_file>
      <input_file id="fl-ed">
         <path>C:\ti\ccsv7\tools\compiler\ti-cgt-arm_16.9.4.LTS\lib\</path>
         <kind>archive</kind>
         <file>rtsv7M4_T_le_v4SPD16_eabi.lib</file>
         <name>mpu_init.obj</name>
      </input_file>
      <input_file id="fl-ee">
         <path>C:\ti\ccsv7\tools\compiler\ti-cgt-arm_16.9.4.LTS\lib\</path>
         <kind>archive</kind>
         <file>rtsv7M4_T_le_v4SPD16_eabi.lib</file>
         <name>pre_init.obj</name>
      </input_file>
      <input_file id="fl-ef">
         <path>C:\ti\ccsv7\tools\compiler\ti-cgt-arm_16.9.4.LTS\lib\</path>
         <kind>archive</kind>
         <file>rtsv7M4_T_le_v4SPD16_eabi.lib</file>
         <name>sprintf.obj</name>
      </input_file>
      <input_file id="fl-f0">
         <path>C:\ti\ccsv7\tools\compiler\ti-cgt-arm_16.9.4.LTS\lib\</path>
         <kind>archive</kind>
         <file>rtsv7M4_T_le_v4SPD16_eabi.lib</file>
         <name>stkdepth_vars.obj</name>
      </input_file>
      <input_file id="fl-f1">
         <path>C:\ti\ccsv7\tools\compiler\ti-cgt-arm_16.9.4.LTS\lib\</path>
         <kind>archive</kind>
         <file>rtsv7M4_T_le_v4SPD16_eabi.lib</file>
         <name>u_tofd_t2.obj</name>
      </input_file>
      <input_file id="fl-f2">
         <path>C:\ti\ccsv7\tools\compiler\ti-cgt-arm_16.9.4.LTS\lib\</path>
         <kind>archive</kind>
         <file>rtsv7M4_T_le_v4SPD16_eabi.lib</file>
         <name>_lock.obj</name>
      </input_file>
      <input_file id="fl-f3">
         <path>C:\ti\ccsv7\tools\compiler\ti-cgt-arm_16.9.4.LTS\lib\</path>
         <kind>archive</kind>
         <file>rtsv7M4_T_le_v4SPD16_eabi.lib</file>
         <name>_printfi.obj</name>
      </input_file>
      <input_file id="fl-f4">
         <path>C:\ti\ccsv7\tools\compiler\ti-cgt-arm_16.9.4.LTS\lib\</path>
         <kind>archive</kind>
         <file>rtsv7M4_T_le_v4SPD16_eabi.lib</file>
         <name>args_main.obj</name>
      </input_file>
      <input_file id="fl-f5">
         <path>C:\ti\ccsv7\tools\compiler\ti-cgt-arm_16.9.4.LTS\lib\</path>
         <kind>archive</kind>
         <file>rtsv7M4_T_le_v4SPD16_eabi.lib</file>
         <name>atoi.obj</name>
      </input_file>
      <input_file id="fl-f6">
         <path>C:\ti\ccsv7\tools\compiler\ti-cgt-arm_16.9.4.LTS\lib\</path>
         <kind>archive</kind>
         <file>rtsv7M4_T_le_v4SPD16_eabi.lib</file>
         <name>autoinit.obj</name>
      </input_file>
      <input_file id="fl-f7">
         <path>C:\ti\ccsv7\tools\compiler\ti-cgt-arm_16.9.4.LTS\lib\</path>
         <kind>archive</kind>
         <file>rtsv7M4_T_le_v4SPD16_eabi.lib</file>
         <name>cpy_tbl.obj</name>
      </input_file>
      <input_file id="fl-f8">
         <path>C:\ti\ccsv7\tools\compiler\ti-cgt-arm_16.9.4.LTS\lib\</path>
         <kind>archive</kind>
         <file>rtsv7M4_T_le_v4SPD16_eabi.lib</file>
         <name>ctype.obj</name>
      </input_file>
      <input_file id="fl-f9">
         <path>C:\ti\ccsv7\tools\compiler\ti-cgt-arm_16.9.4.LTS\lib\</path>
         <kind>archive</kind>
         <file>rtsv7M4_T_le_v4SPD16_eabi.lib</file>
         <name>fd_add_t2.obj</name>
      </input_file>
      <input_file id="fl-fa">
         <path>C:\ti\ccsv7\tools\compiler\ti-cgt-arm_16.9.4.LTS\lib\</path>
         <kind>archive</kind>
         <file>rtsv7M4_T_le_v4SPD16_eabi.lib</file>
         <name>fd_cmp_t2.obj</name>
      </input_file>
      <input_file id="fl-fb">
         <path>C:\ti\ccsv7\tools\compiler\ti-cgt-arm_16.9.4.LTS\lib\</path>
         <kind>archive</kind>
         <file>rtsv7M4_T_le_v4SPD16_eabi.lib</file>
         <name>fd_toi_t2.obj</name>
      </input_file>
      <input_file id="fl-fc">
         <path>C:\ti\ccsv7\tools\compiler\ti-cgt-arm_16.9.4.LTS\lib\</path>
         <kind>archive</kind>
         <file>rtsv7M4_T_le_v4SPD16_eabi.lib</file>
         <name>ltoa.obj</name>
      </input_file>
      <input_file id="fl-fd">
         <path>C:\ti\ccsv7\tools\compiler\ti-cgt-arm_16.9.4.LTS\lib\</path>
         <kind>archive</kind>
         <file>rtsv7M4_T_le_v4SPD16_eabi.lib</file>
         <name>memccpy.obj</name>
      </input_file>
      <input_file id="fl-fe">
         <path>C:\ti\ccsv7\tools\compiler\ti-cgt-arm_16.9.4.LTS\lib\</path>
         <kind>archive</kind>
         <file>rtsv7M4_T_le_v4SPD16_eabi.lib</file>
         <name>s_frexp.obj</name>
      </input_file>
      <input_file id="fl-ff">
         <path>C:\ti\ccsv7\tools\compiler\ti-cgt-arm_16.9.4.LTS\lib\</path>
         <kind>archive</kind>
         <file>rtsv7M4_T_le_v4SPD16_eabi.lib</file>
         <name>s_scalbn.obj</name>
      </input_file>
      <input_file id="fl-100">
         <path>C:\ti\ccsv7\tools\compiler\ti-cgt-arm_16.9.4.LTS\lib\</path>
         <kind>archive</kind>
         <file>rtsv7M4_T_le_v4SPD16_eabi.lib</file>
         <name>startup.obj</name>
      </input_file>
      <input_file id="fl-101">
         <path>C:\ti\ccsv7\tools\compiler\ti-cgt-arm_16.9.4.LTS\lib\</path>
         <kind>archive</kind>
         <file>rtsv7M4_T_le_v4SPD16_eabi.lib</file>
         <name>strchr.obj</name>
      </input_file>
      <input_file id="fl-102">
         <path>C:\ti\ccsv7\tools\compiler\ti-cgt-arm_16.9.4.LTS\lib\</path>
         <kind>archive</kind>
         <file>rtsv7M4_T_le_v4SPD16_eabi.lib</file>
         <name>strlen.obj</name>
      </input_file>
      <input_file id="fl-103">
         <path>C:\ti\ccsv7\tools\compiler\ti-cgt-arm_16.9.4.LTS\lib\</path>
         <kind>archive</kind>
         <file>rtsv7M4_T_le_v4SPD16_eabi.lib</file>
         <name>ull_div_t2.obj</name>
      </input_file>
      <input_file id="fl-104">
         <path>C:\ti\ccsv7\tools\compiler\ti-cgt-arm_16.9.4.LTS\lib\</path>
         <kind>archive</kind>
         <file>rtsv7M4_T_le_v4SPD16_eabi.lib</file>
         <name>errno.obj</name>
      </input_file>
      <input_file id="fl-105">
         <path>C:\ti\ccsv7\tools\compiler\ti-cgt-arm_16.9.4.LTS\lib\</path>
         <kind>archive</kind>
         <file>rtsv7M4_T_le_v4SPD16_eabi.lib</file>
         <name>s_copysign.obj</name>
      </input_file>
   </input_file_list>
   <object_component_list>
      <object_component id="oc-2c">
         <name>.intvecs:retain</name>
         <load_address>0x0</load_address>
         <run_address>0x0</run_address>
         <size>0xe4</size>
         <input_file_ref idref="fl-5"/>
      </object_component>
      <object_component id="oc-152">
         <name>.text</name>
         <load_address>0xe4</load_address>
         <run_address>0xe4</run_address>
         <size>0x15a8</size>
         <input_file_ref idref="fl-1c"/>
      </object_component>
      <object_component id="oc-180">
         <name>.text</name>
         <load_address>0x168c</load_address>
         <run_address>0x168c</run_address>
         <size>0x113e</size>
         <input_file_ref idref="fl-f3"/>
      </object_component>
      <object_component id="oc-53">
         <name>.text</name>
         <load_address>0x27ca</load_address>
         <run_address>0x27ca</run_address>
         <size>0x2</size>
         <input_file_ref idref="fl-ed"/>
      </object_component>
      <object_component id="oc-158">
         <name>.text</name>
         <load_address>0x27cc</load_address>
         <run_address>0x27cc</run_address>
         <size>0xd7c</size>
         <input_file_ref idref="fl-1a"/>
      </object_component>
      <object_component id="oc-289">
         <name>.text</name>
         <load_address>0x3548</load_address>
         <run_address>0x3548</run_address>
         <size>0x8a4</size>
         <input_file_ref idref="fl-27"/>
      </object_component>
      <object_component id="oc-14c">
         <name>.text</name>
         <load_address>0x3dec</load_address>
         <run_address>0x3dec</run_address>
         <size>0x838</size>
         <input_file_ref idref="fl-21"/>
      </object_component>
      <object_component id="oc-15e">
         <name>.text</name>
         <load_address>0x4624</load_address>
         <run_address>0x4624</run_address>
         <size>0x678</size>
         <input_file_ref idref="fl-13"/>
      </object_component>
      <object_component id="oc-16a">
         <name>.text</name>
         <load_address>0x4c9c</load_address>
         <run_address>0x4c9c</run_address>
         <size>0x630</size>
         <input_file_ref idref="fl-12"/>
      </object_component>
      <object_component id="oc-1b9">
         <name>.text</name>
         <load_address>0x52cc</load_address>
         <run_address>0x52cc</run_address>
         <size>0x508</size>
         <input_file_ref idref="fl-26"/>
      </object_component>
      <object_component id="oc-1f4">
         <name>.text</name>
         <load_address>0x57d4</load_address>
         <run_address>0x57d4</run_address>
         <size>0x490</size>
         <input_file_ref idref="fl-f"/>
      </object_component>
      <object_component id="oc-1d4">
         <name>.text</name>
         <load_address>0x5c64</load_address>
         <run_address>0x5c64</run_address>
         <size>0x480</size>
         <input_file_ref idref="fl-1e"/>
      </object_component>
      <object_component id="oc-146">
         <name>.text</name>
         <load_address>0x60e4</load_address>
         <run_address>0x60e4</run_address>
         <size>0x3f0</size>
         <input_file_ref idref="fl-1f"/>
      </object_component>
      <object_component id="oc-bd">
         <name>.text</name>
         <load_address>0x64d4</load_address>
         <run_address>0x64d4</run_address>
         <size>0x32c</size>
         <input_file_ref idref="fl-6"/>
      </object_component>
      <object_component id="oc-164">
         <name>.text</name>
         <load_address>0x6800</load_address>
         <run_address>0x6800</run_address>
         <size>0x266</size>
         <input_file_ref idref="fl-b"/>
      </object_component>
      <object_component id="oc-a2">
         <name>.text</name>
         <load_address>0x6a66</load_address>
         <run_address>0x6a66</run_address>
         <size>0x2</size>
         <input_file_ref idref="fl-100"/>
      </object_component>
      <object_component id="oc-194">
         <name>.text</name>
         <load_address>0x6a68</load_address>
         <run_address>0x6a68</run_address>
         <size>0x244</size>
         <input_file_ref idref="fl-28"/>
      </object_component>
      <object_component id="oc-7b">
         <name>.text</name>
         <load_address>0x6cac</load_address>
         <run_address>0x6cac</run_address>
         <size>0x210</size>
         <input_file_ref idref="fl-2"/>
      </object_component>
      <object_component id="oc-206">
         <name>.text</name>
         <load_address>0x6ebc</load_address>
         <run_address>0x6ebc</run_address>
         <size>0x1f4</size>
         <input_file_ref idref="fl-103"/>
      </object_component>
      <object_component id="oc-226">
         <name>.text</name>
         <load_address>0x70b0</load_address>
         <run_address>0x70b0</run_address>
         <size>0x1b6</size>
         <input_file_ref idref="fl-f9"/>
      </object_component>
      <object_component id="oc-ce">
         <name>.text</name>
         <load_address>0x7266</load_address>
         <run_address>0x7266</run_address>
         <size>0x136</size>
         <input_file_ref idref="fl-e8"/>
      </object_component>
      <object_component id="oc-1ec">
         <name>.text</name>
         <load_address>0x739c</load_address>
         <run_address>0x739c</run_address>
         <size>0x134</size>
         <input_file_ref idref="fl-c"/>
      </object_component>
      <object_component id="oc-d3">
         <name>.text</name>
         <load_address>0x74d0</load_address>
         <run_address>0x74d0</run_address>
         <size>0xfc</size>
         <input_file_ref idref="fl-e9"/>
      </object_component>
      <object_component id="oc-231">
         <name>.text</name>
         <load_address>0x75cc</load_address>
         <run_address>0x75cc</run_address>
         <size>0xfc</size>
         <input_file_ref idref="fl-ff"/>
      </object_component>
      <object_component id="oc-100">
         <name>.text</name>
         <load_address>0x76c8</load_address>
         <run_address>0x76c8</run_address>
         <size>0xe0</size>
         <input_file_ref idref="fl-3"/>
      </object_component>
      <object_component id="oc-140">
         <name>.text</name>
         <load_address>0x77a8</load_address>
         <run_address>0x77a8</run_address>
         <size>0xd8</size>
         <input_file_ref idref="fl-29"/>
      </object_component>
      <object_component id="oc-1ce">
         <name>.text</name>
         <load_address>0x7880</load_address>
         <run_address>0x7880</run_address>
         <size>0xbc</size>
         <input_file_ref idref="fl-14"/>
      </object_component>
      <object_component id="oc-fa">
         <name>.text</name>
         <load_address>0x793c</load_address>
         <run_address>0x793c</run_address>
         <size>0xb8</size>
         <input_file_ref idref="fl-15"/>
      </object_component>
      <object_component id="oc-3b">
         <name>.text</name>
         <load_address>0x79f4</load_address>
         <run_address>0x79f4</run_address>
         <size>0x9c</size>
         <input_file_ref idref="fl-eb"/>
      </object_component>
      <object_component id="oc-aa">
         <name>.text</name>
         <load_address>0x7a90</load_address>
         <run_address>0x7a90</run_address>
         <size>0x94</size>
         <input_file_ref idref="fl-4"/>
      </object_component>
      <object_component id="oc-211">
         <name>.text:__aeabi_cdcmple</name>
         <load_address>0x7b24</load_address>
         <run_address>0x7b24</run_address>
         <size>0x86</size>
         <input_file_ref idref="fl-fa"/>
      </object_component>
      <object_component id="oc-216">
         <name>.text:__aeabi_cdrcmple</name>
         <load_address>0x7baa</load_address>
         <run_address>0x7baa</run_address>
         <size>0x86</size>
         <input_file_ref idref="fl-fa"/>
      </object_component>
      <object_component id="oc-47">
         <name>.text</name>
         <load_address>0x7c30</load_address>
         <run_address>0x7c30</run_address>
         <size>0x7a</size>
         <input_file_ref idref="fl-ec"/>
      </object_component>
      <object_component id="oc-5f">
         <name>.text</name>
         <load_address>0x7cac</load_address>
         <run_address>0x7cac</run_address>
         <size>0x70</size>
         <input_file_ref idref="fl-f6"/>
      </object_component>
      <object_component id="oc-14">
         <name>.text:decompress:lzss</name>
         <load_address>0x7d1c</load_address>
         <run_address>0x7d1c</run_address>
         <size>0x68</size>
         <input_file_ref idref="fl-e4"/>
      </object_component>
      <object_component id="oc-22b">
         <name>.text</name>
         <load_address>0x7d84</load_address>
         <run_address>0x7d84</run_address>
         <size>0x64</size>
         <input_file_ref idref="fl-fe"/>
      </object_component>
      <object_component id="oc-106">
         <name>.text</name>
         <load_address>0x7de8</load_address>
         <run_address>0x7de8</run_address>
         <size>0x60</size>
         <input_file_ref idref="fl-ef"/>
      </object_component>
      <object_component id="oc-26">
         <name>.text</name>
         <load_address>0x7e48</load_address>
         <run_address>0x7e48</run_address>
         <size>0x54</size>
         <input_file_ref idref="fl-e3"/>
      </object_component>
      <object_component id="oc-6b">
         <name>.text</name>
         <load_address>0x7e9c</load_address>
         <run_address>0x7e9c</run_address>
         <size>0x54</size>
         <input_file_ref idref="fl-e7"/>
      </object_component>
      <object_component id="oc-220">
         <name>.text</name>
         <load_address>0x7ef0</load_address>
         <run_address>0x7ef0</run_address>
         <size>0x54</size>
         <input_file_ref idref="fl-fc"/>
      </object_component>
      <object_component id="oc-23d">
         <name>.text</name>
         <load_address>0x7f44</load_address>
         <run_address>0x7f44</run_address>
         <size>0x4c</size>
         <input_file_ref idref="fl-f5"/>
      </object_component>
      <object_component id="oc-9c">
         <name>.text</name>
         <load_address>0x7f90</load_address>
         <run_address>0x7f90</run_address>
         <size>0x4c</size>
         <input_file_ref idref="fl-f7"/>
      </object_component>
      <object_component id="oc-21b">
         <name>.text</name>
         <load_address>0x7fdc</load_address>
         <run_address>0x7fdc</run_address>
         <size>0x48</size>
         <input_file_ref idref="fl-fb"/>
      </object_component>
      <object_component id="oc-19c">
         <name>.text</name>
         <load_address>0x8024</load_address>
         <run_address>0x8024</run_address>
         <size>0x3e</size>
         <input_file_ref idref="fl-18"/>
      </object_component>
      <object_component id="oc-c9">
         <name>.text</name>
         <load_address>0x8062</load_address>
         <run_address>0x8062</run_address>
         <size>0x2e</size>
         <input_file_ref idref="fl-ea"/>
      </object_component>
      <object_component id="oc-c4">
         <name>.text</name>
         <load_address>0x8090</load_address>
         <run_address>0x8090</run_address>
         <size>0x20</size>
         <input_file_ref idref="fl-f1"/>
      </object_component>
      <object_component id="oc-243">
         <name>.text</name>
         <load_address>0x80b0</load_address>
         <run_address>0x80b0</run_address>
         <size>0x1c</size>
         <input_file_ref idref="fl-fd"/>
      </object_component>
      <object_component id="oc-65">
         <name>.text</name>
         <load_address>0x80cc</load_address>
         <run_address>0x80cc</run_address>
         <size>0x18</size>
         <input_file_ref idref="fl-f4"/>
      </object_component>
      <object_component id="oc-237">
         <name>.text</name>
         <load_address>0x80e4</load_address>
         <run_address>0x80e4</run_address>
         <size>0x16</size>
         <input_file_ref idref="fl-101"/>
      </object_component>
      <object_component id="oc-119">
         <name>.text</name>
         <load_address>0x80fc</load_address>
         <run_address>0x80fc</run_address>
         <size>0x14</size>
         <input_file_ref idref="fl-f2"/>
      </object_component>
      <object_component id="oc-2c5">
         <name>.text</name>
         <load_address>0x8110</load_address>
         <run_address>0x8110</run_address>
         <size>0x14</size>
         <input_file_ref idref="fl-105"/>
      </object_component>
      <object_component id="oc-20b">
         <name>.text</name>
         <load_address>0x8124</load_address>
         <run_address>0x8124</run_address>
         <size>0x14</size>
         <input_file_ref idref="fl-102"/>
      </object_component>
      <object_component id="oc-1a">
         <name>.text:decompress:none</name>
         <load_address>0x8138</load_address>
         <run_address>0x8138</run_address>
         <size>0xe</size>
         <input_file_ref idref="fl-e5"/>
      </object_component>
      <object_component id="oc-75">
         <name>.text</name>
         <load_address>0x8146</load_address>
         <run_address>0x8146</run_address>
         <size>0xe</size>
         <input_file_ref idref="fl-5"/>
      </object_component>
      <object_component id="oc-20">
         <name>.text:decompress:ZI</name>
         <load_address>0x8154</load_address>
         <run_address>0x8154</run_address>
         <size>0xc</size>
         <input_file_ref idref="fl-e6"/>
      </object_component>
      <object_component id="oc-59">
         <name>.text</name>
         <load_address>0x8160</load_address>
         <run_address>0x8160</run_address>
         <size>0x4</size>
         <input_file_ref idref="fl-ee"/>
      </object_component>
      <object_component id="oc-200">
         <name>.const:.string:g_pucFontFixed6x8Data</name>
         <load_address>0x8164</load_address>
         <run_address>0x8164</run_address>
         <size>0x2f8</size>
         <input_file_ref idref="fl-7"/>
      </object_component>
      <object_component id="oc-2d2">
         <name>.const:.string:_ctypes_</name>
         <load_address>0x845c</load_address>
         <run_address>0x845c</run_address>
         <size>0x101</size>
         <input_file_ref idref="fl-f8"/>
      </object_component>
      <object_component id="oc-176">
         <name>.const:g_sFontFixed6x8</name>
         <load_address>0x8560</load_address>
         <run_address>0x8560</run_address>
         <size>0xc8</size>
         <input_file_ref idref="fl-7"/>
      </object_component>
      <object_component id="oc-1a8">
         <name>.const:g_pulRegs</name>
         <load_address>0x8628</load_address>
         <run_address>0x8628</run_address>
         <size>0x50</size>
         <input_file_ref idref="fl-1f"/>
      </object_component>
      <object_component id="oc-173">
         <name>.const:g_sCrystalfontz128x128</name>
         <load_address>0x8678</load_address>
         <run_address>0x8678</run_address>
         <size>0x2c</size>
         <input_file_ref idref="fl-13"/>
      </object_component>
      <object_component id="oc-1a5">
         <name>.const:g_pulPriority</name>
         <load_address>0x86a4</load_address>
         <run_address>0x86a4</run_address>
         <size>0x20</size>
         <input_file_ref idref="fl-1f"/>
      </object_component>
      <object_component id="oc-28f">
         <name>.const:$P$T0$1</name>
         <load_address>0x86c4</load_address>
         <run_address>0x86c4</run_address>
         <size>0x1c</size>
         <input_file_ref idref="fl-14"/>
      </object_component>
      <object_component id="oc-29b">
         <name>.const:GPIO_PORT_TO_INT</name>
         <load_address>0x86e0</load_address>
         <run_address>0x86e0</run_address>
         <size>0x1c</size>
         <input_file_ref idref="fl-1e"/>
      </object_component>
      <object_component id="oc-1e3">
         <name>.const:$P$T0$1</name>
         <load_address>0x86fc</load_address>
         <run_address>0x86fc</run_address>
         <size>0x8</size>
         <input_file_ref idref="fl-13"/>
      </object_component>
      <object_component id="oc-1c4">
         <name>.const</name>
         <load_address>0x8704</load_address>
         <run_address>0x8704</run_address>
         <size>0x8</size>
         <input_file_ref idref="fl-1c"/>
      </object_component>
      <object_component id="oc-1ae">
         <name>.const:g_pulDisRegs</name>
         <load_address>0x870c</load_address>
         <run_address>0x870c</run_address>
         <size>0x8</size>
         <input_file_ref idref="fl-1f"/>
      </object_component>
      <object_component id="oc-1ab">
         <name>.const:g_pulEnRegs</name>
         <load_address>0x8714</load_address>
         <run_address>0x8714</run_address>
         <size>0x8</size>
         <input_file_ref idref="fl-1f"/>
      </object_component>
      <object_component id="oc-1b1">
         <name>.const:g_pulPendRegs</name>
         <load_address>0x871c</load_address>
         <run_address>0x871c</run_address>
         <size>0x8</size>
         <input_file_ref idref="fl-1f"/>
      </object_component>
      <object_component id="oc-1b4">
         <name>.const:g_pulUnpendRegs</name>
         <load_address>0x8724</load_address>
         <run_address>0x8724</run_address>
         <size>0x8</size>
         <input_file_ref idref="fl-1f"/>
      </object_component>
      <object_component id="oc-335">
         <name>.cinit..data.load</name>
         <load_address>0x8730</load_address>
         <run_address>0x8730</run_address>
         <size>0x71</size>
      </object_component>
      <object_component id="oc-332">
         <name>__TI_handler_table</name>
         <load_address>0x87a4</load_address>
         <run_address>0x87a4</run_address>
         <size>0xc</size>
      </object_component>
      <object_component id="oc-336">
         <name>.cinit..bss.load</name>
         <load_address>0x87b0</load_address>
         <run_address>0x87b0</run_address>
         <size>0x8</size>
      </object_component>
      <object_component id="oc-334">
         <name>.cinit..vtable.load</name>
         <load_address>0x87b8</load_address>
         <run_address>0x87b8</run_address>
         <size>0x8</size>
      </object_component>
      <object_component id="oc-333">
         <name>__TI_cinit_table</name>
         <load_address>0x87c0</load_address>
         <run_address>0x87c0</run_address>
         <size>0x18</size>
      </object_component>
      <object_component id="oc-30f">
         <name>.binit</name>
         <load_address>0x0</load_address>
         <run_address>0x0</run_address>
         <size>0x0</size>
      </object_component>
      <object_component id="oc-1a2">
         <name>.vtable</name>
         <uninitialized>true</uninitialized>
         <run_address>0x20000000</run_address>
         <size>0xe4</size>
         <input_file_ref idref="fl-1f"/>
      </object_component>
      <object_component id="oc-125">
         <name>.data</name>
         <load_address>0x20000170</load_address>
         <run_address>0x20000170</run_address>
         <size>0x4</size>
         <input_file_ref idref="fl-6"/>
      </object_component>
      <object_component id="oc-1c1">
         <name>.data:__getBurstProgramRegs</name>
         <load_address>0x200000e4</load_address>
         <run_address>0x200000e4</run_address>
         <size>0x40</size>
         <input_file_ref idref="fl-1c"/>
      </object_component>
      <object_component id="oc-298">
         <name>.data:GPIO_PORT_TO_BASE</name>
         <load_address>0x20000124</load_address>
         <run_address>0x20000124</run_address>
         <size>0x30</size>
         <input_file_ref idref="fl-1e"/>
      </object_component>
      <object_component id="oc-b2">
         <name>.data:$O1$$</name>
         <load_address>0x20000154</load_address>
         <run_address>0x20000154</run_address>
         <size>0xc</size>
         <input_file_ref idref="fl-e7"/>
      </object_component>
      <object_component id="oc-71">
         <name>.data</name>
         <load_address>0x2000016c</load_address>
         <run_address>0x2000016c</run_address>
         <size>0x4</size>
         <input_file_ref idref="fl-f0"/>
      </object_component>
      <object_component id="oc-b5">
         <name>.data:$O1$$</name>
         <load_address>0x20000160</load_address>
         <run_address>0x20000160</run_address>
         <size>0x8</size>
         <input_file_ref idref="fl-f2"/>
      </object_component>
      <object_component id="oc-2cb">
         <name>.data</name>
         <load_address>0x20000168</load_address>
         <run_address>0x20000168</run_address>
         <size>0x4</size>
         <input_file_ref idref="fl-104"/>
      </object_component>
      <object_component id="oc-1c9">
         <name>.bss</name>
         <uninitialized>true</uninitialized>
         <run_address>0x200001d0</run_address>
         <size>0x8</size>
         <input_file_ref idref="fl-1a"/>
      </object_component>
      <object_component id="oc-db">
         <name>.common:_nadc</name>
         <uninitialized>true</uninitialized>
         <run_address>0x20000174</run_address>
         <size>0x40</size>
      </object_component>
      <object_component id="oc-d8">
         <name>.common:_eos</name>
         <uninitialized>true</uninitialized>
         <run_address>0x200001e4</run_address>
         <size>0x1</size>
      </object_component>
      <object_component id="oc-10c">
         <name>.common:value</name>
         <uninitialized>true</uninitialized>
         <run_address>0x200001de</run_address>
         <size>0x2</size>
      </object_component>
      <object_component id="oc-1e2">
         <name>.common:Lcd_Orientation</name>
         <uninitialized>true</uninitialized>
         <run_address>0x200001e2</run_address>
         <size>0x1</size>
      </object_component>
      <object_component id="oc-1da">
         <name>.common:Lcd_ScreenWidth</name>
         <uninitialized>true</uninitialized>
         <run_address>0x200001da</run_address>
         <size>0x2</size>
      </object_component>
      <object_component id="oc-1dd">
         <name>.common:Lcd_ScreenHeigth</name>
         <uninitialized>true</uninitialized>
         <run_address>0x200001d8</run_address>
         <size>0x2</size>
      </object_component>
      <object_component id="oc-1de">
         <name>.common:Lcd_PenSolid</name>
         <uninitialized>true</uninitialized>
         <run_address>0x200001e3</run_address>
         <size>0x1</size>
      </object_component>
      <object_component id="oc-1df">
         <name>.common:Lcd_FontSolid</name>
         <uninitialized>true</uninitialized>
         <run_address>0x200001e1</run_address>
         <size>0x1</size>
      </object_component>
      <object_component id="oc-1e0">
         <name>.common:Lcd_FlagRead</name>
         <uninitialized>true</uninitialized>
         <run_address>0x200001e0</run_address>
         <size>0x1</size>
      </object_component>
      <object_component id="oc-1e1">
         <name>.common:Lcd_TouchTrim</name>
         <uninitialized>true</uninitialized>
         <run_address>0x200001dc</run_address>
         <size>0x2</size>
      </object_component>
      <object_component id="oc-170">
         <name>.common:g_sContext</name>
         <uninitialized>true</uninitialized>
         <run_address>0x200001b4</run_address>
         <size>0x1c</size>
      </object_component>
      <object_component id="oc-2f">
         <name>.stack</name>
         <uninitialized>true</uninitialized>
         <run_address>0x2000fe00</run_address>
         <size>0x0</size>
         <input_file_ref idref="fl-e3"/>
      </object_component>
      <object_component id="oc-337">
         <name>.stack</name>
         <uninitialized>true</uninitialized>
         <run_address>0x2000fe00</run_address>
         <size>0x0</size>
      </object_component>
      <object_component id="oc-d9">
         <name>.debug_info</name>
         <load_address>0x0</load_address>
         <run_address>0x0</run_address>
         <size>0x554</size>
         <input_file_ref idref="fl-2"/>
      </object_component>
      <object_component id="oc-7c">
         <name>.debug_info</name>
         <load_address>0x554</load_address>
         <run_address>0x554</run_address>
         <size>0x4f6</size>
         <input_file_ref idref="fl-2"/>
      </object_component>
      <object_component id="oc-12f">
         <name>.debug_info</name>
         <load_address>0xa4a</load_address>
         <run_address>0xa4a</run_address>
         <size>0x1055</size>
         <input_file_ref idref="fl-2"/>
      </object_component>
      <object_component id="oc-e2">
         <name>.debug_info</name>
         <load_address>0x1a9f</load_address>
         <run_address>0x1a9f</run_address>
         <size>0x37cd</size>
         <input_file_ref idref="fl-2"/>
      </object_component>
      <object_component id="oc-36">
         <name>.debug_info</name>
         <load_address>0x526c</load_address>
         <run_address>0x526c</run_address>
         <size>0x84</size>
         <input_file_ref idref="fl-2"/>
      </object_component>
      <object_component id="oc-dd">
         <name>.debug_info</name>
         <load_address>0x52f0</load_address>
         <run_address>0x52f0</run_address>
         <size>0x18b</size>
         <input_file_ref idref="fl-2"/>
      </object_component>
      <object_component id="oc-101">
         <name>.debug_info</name>
         <load_address>0x547b</load_address>
         <run_address>0x547b</run_address>
         <size>0x258</size>
         <input_file_ref idref="fl-3"/>
      </object_component>
      <object_component id="oc-10d">
         <name>.debug_info</name>
         <load_address>0x56d3</load_address>
         <run_address>0x56d3</run_address>
         <size>0x773</size>
         <input_file_ref idref="fl-4"/>
      </object_component>
      <object_component id="oc-ab">
         <name>.debug_info</name>
         <load_address>0x5e46</load_address>
         <run_address>0x5e46</run_address>
         <size>0x268</size>
         <input_file_ref idref="fl-4"/>
      </object_component>
      <object_component id="oc-188">
         <name>.debug_info</name>
         <load_address>0x60ae</load_address>
         <run_address>0x60ae</run_address>
         <size>0x4e</size>
         <input_file_ref idref="fl-4"/>
      </object_component>
      <object_component id="oc-83">
         <name>.debug_info</name>
         <load_address>0x60fc</load_address>
         <run_address>0x60fc</run_address>
         <size>0x2b3</size>
         <input_file_ref idref="fl-5"/>
      </object_component>
      <object_component id="oc-2d">
         <name>.debug_info</name>
         <load_address>0x63af</load_address>
         <run_address>0x63af</run_address>
         <size>0xf1</size>
         <input_file_ref idref="fl-5"/>
      </object_component>
      <object_component id="oc-76">
         <name>.debug_info</name>
         <load_address>0x64a0</load_address>
         <run_address>0x64a0</run_address>
         <size>0x1b8</size>
         <input_file_ref idref="fl-5"/>
      </object_component>
      <object_component id="oc-126">
         <name>.debug_info</name>
         <load_address>0x6658</load_address>
         <run_address>0x6658</run_address>
         <size>0xea</size>
         <input_file_ref idref="fl-6"/>
      </object_component>
      <object_component id="oc-c0">
         <name>.debug_info</name>
         <load_address>0x6742</load_address>
         <run_address>0x6742</run_address>
         <size>0x25c</size>
         <input_file_ref idref="fl-6"/>
      </object_component>
      <object_component id="oc-205">
         <name>.debug_info</name>
         <load_address>0x699e</load_address>
         <run_address>0x699e</run_address>
         <size>0x203</size>
         <input_file_ref idref="fl-7"/>
      </object_component>
      <object_component id="oc-201">
         <name>.debug_info</name>
         <load_address>0x6ba1</load_address>
         <run_address>0x6ba1</run_address>
         <size>0xfb</size>
         <input_file_ref idref="fl-7"/>
      </object_component>
      <object_component id="oc-177">
         <name>.debug_info</name>
         <load_address>0x6c9c</load_address>
         <run_address>0x6c9c</run_address>
         <size>0xf0</size>
         <input_file_ref idref="fl-7"/>
      </object_component>
      <object_component id="oc-1e7">
         <name>.debug_info</name>
         <load_address>0x6d8c</load_address>
         <run_address>0x6d8c</run_address>
         <size>0x40a</size>
         <input_file_ref idref="fl-7"/>
      </object_component>
      <object_component id="oc-17a">
         <name>.debug_info</name>
         <load_address>0x7196</load_address>
         <run_address>0x7196</run_address>
         <size>0x8b</size>
         <input_file_ref idref="fl-8"/>
      </object_component>
      <object_component id="oc-1f3">
         <name>.debug_info</name>
         <load_address>0x7221</load_address>
         <run_address>0x7221</run_address>
         <size>0x4e8</size>
         <input_file_ref idref="fl-b"/>
      </object_component>
      <object_component id="oc-167">
         <name>.debug_info</name>
         <load_address>0x7709</load_address>
         <run_address>0x7709</run_address>
         <size>0xf1b</size>
         <input_file_ref idref="fl-b"/>
      </object_component>
      <object_component id="oc-2aa">
         <name>.debug_info</name>
         <load_address>0x8624</load_address>
         <run_address>0x8624</run_address>
         <size>0x388</size>
         <input_file_ref idref="fl-c"/>
      </object_component>
      <object_component id="oc-1ee">
         <name>.debug_info</name>
         <load_address>0x89ac</load_address>
         <run_address>0x89ac</run_address>
         <size>0x938</size>
         <input_file_ref idref="fl-c"/>
      </object_component>
      <object_component id="oc-2ae">
         <name>.debug_info</name>
         <load_address>0x92e4</load_address>
         <run_address>0x92e4</run_address>
         <size>0x4c8</size>
         <input_file_ref idref="fl-f"/>
      </object_component>
      <object_component id="oc-1f5">
         <name>.debug_info</name>
         <load_address>0x97ac</load_address>
         <run_address>0x97ac</run_address>
         <size>0x7a7</size>
         <input_file_ref idref="fl-f"/>
      </object_component>
      <object_component id="oc-1fb">
         <name>.debug_info</name>
         <load_address>0x9f53</load_address>
         <run_address>0x9f53</run_address>
         <size>0x447</size>
         <input_file_ref idref="fl-12"/>
      </object_component>
      <object_component id="oc-16d">
         <name>.debug_info</name>
         <load_address>0xa39a</load_address>
         <run_address>0xa39a</run_address>
         <size>0xa15</size>
         <input_file_ref idref="fl-12"/>
      </object_component>
      <object_component id="oc-1db">
         <name>.debug_info</name>
         <load_address>0xadaf</load_address>
         <run_address>0xadaf</run_address>
         <size>0x918</size>
         <input_file_ref idref="fl-13"/>
      </object_component>
      <object_component id="oc-174">
         <name>.debug_info</name>
         <load_address>0xb6c7</load_address>
         <run_address>0xb6c7</run_address>
         <size>0x10b</size>
         <input_file_ref idref="fl-13"/>
      </object_component>
      <object_component id="oc-1e4">
         <name>.debug_info</name>
         <load_address>0xb7d2</load_address>
         <run_address>0xb7d2</run_address>
         <size>0xec</size>
         <input_file_ref idref="fl-13"/>
      </object_component>
      <object_component id="oc-160">
         <name>.debug_info</name>
         <load_address>0xb8be</load_address>
         <run_address>0xb8be</run_address>
         <size>0x15ac</size>
         <input_file_ref idref="fl-13"/>
      </object_component>
      <object_component id="oc-2a2">
         <name>.debug_info</name>
         <load_address>0xce6a</load_address>
         <run_address>0xce6a</run_address>
         <size>0x37cd</size>
         <input_file_ref idref="fl-13"/>
      </object_component>
      <object_component id="oc-280">
         <name>.debug_info</name>
         <load_address>0x10637</load_address>
         <run_address>0x10637</run_address>
         <size>0x1b5</size>
         <input_file_ref idref="fl-13"/>
      </object_component>
      <object_component id="oc-273">
         <name>.debug_info</name>
         <load_address>0x107ec</load_address>
         <run_address>0x107ec</run_address>
         <size>0xc6</size>
         <input_file_ref idref="fl-13"/>
      </object_component>
      <object_component id="oc-293">
         <name>.debug_info</name>
         <load_address>0x108b2</load_address>
         <run_address>0x108b2</run_address>
         <size>0x131</size>
         <input_file_ref idref="fl-13"/>
      </object_component>
      <object_component id="oc-2e8">
         <name>.debug_info</name>
         <load_address>0x109e3</load_address>
         <run_address>0x109e3</run_address>
         <size>0x833</size>
         <input_file_ref idref="fl-14"/>
      </object_component>
      <object_component id="oc-290">
         <name>.debug_info</name>
         <load_address>0x11216</load_address>
         <run_address>0x11216</run_address>
         <size>0xff</size>
         <input_file_ref idref="fl-14"/>
      </object_component>
      <object_component id="oc-1d0">
         <name>.debug_info</name>
         <load_address>0x11315</load_address>
         <run_address>0x11315</run_address>
         <size>0x599</size>
         <input_file_ref idref="fl-14"/>
      </object_component>
      <object_component id="oc-171">
         <name>.debug_info</name>
         <load_address>0x118ae</load_address>
         <run_address>0x118ae</run_address>
         <size>0xab2</size>
         <input_file_ref idref="fl-15"/>
      </object_component>
      <object_component id="oc-fb">
         <name>.debug_info</name>
         <load_address>0x12360</load_address>
         <run_address>0x12360</run_address>
         <size>0x414</size>
         <input_file_ref idref="fl-15"/>
      </object_component>
      <object_component id="oc-19d">
         <name>.debug_info</name>
         <load_address>0x12774</load_address>
         <run_address>0x12774</run_address>
         <size>0x3c0</size>
         <input_file_ref idref="fl-18"/>
      </object_component>
      <object_component id="oc-1cd">
         <name>.debug_info</name>
         <load_address>0x12b34</load_address>
         <run_address>0x12b34</run_address>
         <size>0x76d</size>
         <input_file_ref idref="fl-1a"/>
      </object_component>
      <object_component id="oc-1ca">
         <name>.debug_info</name>
         <load_address>0x132a1</load_address>
         <run_address>0x132a1</run_address>
         <size>0x100</size>
         <input_file_ref idref="fl-1a"/>
      </object_component>
      <object_component id="oc-15b">
         <name>.debug_info</name>
         <load_address>0x133a1</load_address>
         <run_address>0x133a1</run_address>
         <size>0x22da</size>
         <input_file_ref idref="fl-1a"/>
      </object_component>
      <object_component id="oc-1c8">
         <name>.debug_info</name>
         <load_address>0x1567b</load_address>
         <run_address>0x1567b</run_address>
         <size>0x796</size>
         <input_file_ref idref="fl-1c"/>
      </object_component>
      <object_component id="oc-1c5">
         <name>.debug_info</name>
         <load_address>0x15e11</load_address>
         <run_address>0x15e11</run_address>
         <size>0x127</size>
         <input_file_ref idref="fl-1c"/>
      </object_component>
      <object_component id="oc-1c2">
         <name>.debug_info</name>
         <load_address>0x15f38</load_address>
         <run_address>0x15f38</run_address>
         <size>0xfd</size>
         <input_file_ref idref="fl-1c"/>
      </object_component>
      <object_component id="oc-154">
         <name>.debug_info</name>
         <load_address>0x16035</load_address>
         <run_address>0x16035</run_address>
         <size>0x3bcf</size>
         <input_file_ref idref="fl-1c"/>
      </object_component>
      <object_component id="oc-29f">
         <name>.debug_info</name>
         <load_address>0x19c04</load_address>
         <run_address>0x19c04</run_address>
         <size>0x676</size>
         <input_file_ref idref="fl-1e"/>
      </object_component>
      <object_component id="oc-29c">
         <name>.debug_info</name>
         <load_address>0x1a27a</load_address>
         <run_address>0x1a27a</run_address>
         <size>0xf2</size>
         <input_file_ref idref="fl-1e"/>
      </object_component>
      <object_component id="oc-299">
         <name>.debug_info</name>
         <load_address>0x1a36c</load_address>
         <run_address>0x1a36c</run_address>
         <size>0xf4</size>
         <input_file_ref idref="fl-1e"/>
      </object_component>
      <object_component id="oc-1d5">
         <name>.debug_info</name>
         <load_address>0x1a460</load_address>
         <run_address>0x1a460</run_address>
         <size>0x19f5</size>
         <input_file_ref idref="fl-1e"/>
      </object_component>
      <object_component id="oc-1b8">
         <name>.debug_info</name>
         <load_address>0x1be55</load_address>
         <run_address>0x1be55</run_address>
         <size>0x604</size>
         <input_file_ref idref="fl-1f"/>
      </object_component>
      <object_component id="oc-1a6">
         <name>.debug_info</name>
         <load_address>0x1c459</load_address>
         <run_address>0x1c459</run_address>
         <size>0xf1</size>
         <input_file_ref idref="fl-1f"/>
      </object_component>
      <object_component id="oc-1a9">
         <name>.debug_info</name>
         <load_address>0x1c54a</load_address>
         <run_address>0x1c54a</run_address>
         <size>0xe9</size>
         <input_file_ref idref="fl-1f"/>
      </object_component>
      <object_component id="oc-1ac">
         <name>.debug_info</name>
         <load_address>0x1c633</load_address>
         <run_address>0x1c633</run_address>
         <size>0xed</size>
         <input_file_ref idref="fl-1f"/>
      </object_component>
      <object_component id="oc-1af">
         <name>.debug_info</name>
         <load_address>0x1c720</load_address>
         <run_address>0x1c720</run_address>
         <size>0xef</size>
         <input_file_ref idref="fl-1f"/>
      </object_component>
      <object_component id="oc-1b2">
         <name>.debug_info</name>
         <load_address>0x1c80f</load_address>
         <run_address>0x1c80f</run_address>
         <size>0xf1</size>
         <input_file_ref idref="fl-1f"/>
      </object_component>
      <object_component id="oc-1b5">
         <name>.debug_info</name>
         <load_address>0x1c900</load_address>
         <run_address>0x1c900</run_address>
         <size>0xf5</size>
         <input_file_ref idref="fl-1f"/>
      </object_component>
      <object_component id="oc-1a3">
         <name>.debug_info</name>
         <load_address>0x1c9f5</load_address>
         <run_address>0x1c9f5</run_address>
         <size>0xf6</size>
         <input_file_ref idref="fl-1f"/>
      </object_component>
      <object_component id="oc-148">
         <name>.debug_info</name>
         <load_address>0x1caeb</load_address>
         <run_address>0x1caeb</run_address>
         <size>0x1199</size>
         <input_file_ref idref="fl-1f"/>
      </object_component>
      <object_component id="oc-1c0">
         <name>.debug_info</name>
         <load_address>0x1dc84</load_address>
         <run_address>0x1dc84</run_address>
         <size>0x728</size>
         <input_file_ref idref="fl-21"/>
      </object_component>
      <object_component id="oc-14e">
         <name>.debug_info</name>
         <load_address>0x1e3ac</load_address>
         <run_address>0x1e3ac</run_address>
         <size>0x2388</size>
         <input_file_ref idref="fl-21"/>
      </object_component>
      <object_component id="oc-272">
         <name>.debug_info</name>
         <load_address>0x20734</load_address>
         <run_address>0x20734</run_address>
         <size>0x661</size>
         <input_file_ref idref="fl-26"/>
      </object_component>
      <object_component id="oc-1ba">
         <name>.debug_info</name>
         <load_address>0x20d95</load_address>
         <run_address>0x20d95</run_address>
         <size>0x146a</size>
         <input_file_ref idref="fl-26"/>
      </object_component>
      <object_component id="oc-2e5">
         <name>.debug_info</name>
         <load_address>0x221ff</load_address>
         <run_address>0x221ff</run_address>
         <size>0x66a</size>
         <input_file_ref idref="fl-27"/>
      </object_component>
      <object_component id="oc-28a">
         <name>.debug_info</name>
         <load_address>0x22869</load_address>
         <run_address>0x22869</run_address>
         <size>0x3d61</size>
         <input_file_ref idref="fl-27"/>
      </object_component>
      <object_component id="oc-25d">
         <name>.debug_info</name>
         <load_address>0x265ca</load_address>
         <run_address>0x265ca</run_address>
         <size>0x53c</size>
         <input_file_ref idref="fl-28"/>
      </object_component>
      <object_component id="oc-197">
         <name>.debug_info</name>
         <load_address>0x26b06</load_address>
         <run_address>0x26b06</run_address>
         <size>0xe98</size>
         <input_file_ref idref="fl-28"/>
      </object_component>
      <object_component id="oc-19b">
         <name>.debug_info</name>
         <load_address>0x2799e</load_address>
         <run_address>0x2799e</run_address>
         <size>0x704</size>
         <input_file_ref idref="fl-29"/>
      </object_component>
      <object_component id="oc-143">
         <name>.debug_info</name>
         <load_address>0x280a2</load_address>
         <run_address>0x280a2</run_address>
         <size>0x8a8</size>
         <input_file_ref idref="fl-29"/>
      </object_component>
      <object_component id="oc-27">
         <name>.debug_info</name>
         <load_address>0x2894a</load_address>
         <run_address>0x2894a</run_address>
         <size>0x160</size>
         <input_file_ref idref="fl-e3"/>
      </object_component>
      <object_component id="oc-89">
         <name>.debug_info</name>
         <load_address>0x28aaa</load_address>
         <run_address>0x28aaa</run_address>
         <size>0x293</size>
         <input_file_ref idref="fl-e4"/>
      </object_component>
      <object_component id="oc-15">
         <name>.debug_info</name>
         <load_address>0x28d3d</load_address>
         <run_address>0x28d3d</run_address>
         <size>0x245</size>
         <input_file_ref idref="fl-e4"/>
      </object_component>
      <object_component id="oc-31">
         <name>.debug_info</name>
         <load_address>0x28f82</load_address>
         <run_address>0x28f82</run_address>
         <size>0x60</size>
         <input_file_ref idref="fl-e4"/>
      </object_component>
      <object_component id="oc-84">
         <name>.debug_info</name>
         <load_address>0x28fe2</load_address>
         <run_address>0x28fe2</run_address>
         <size>0x46</size>
         <input_file_ref idref="fl-e4"/>
      </object_component>
      <object_component id="oc-46">
         <name>.debug_info</name>
         <load_address>0x29028</load_address>
         <run_address>0x29028</run_address>
         <size>0x2da</size>
         <input_file_ref idref="fl-e5"/>
      </object_component>
      <object_component id="oc-1d">
         <name>.debug_info</name>
         <load_address>0x29302</load_address>
         <run_address>0x29302</run_address>
         <size>0x1df</size>
         <input_file_ref idref="fl-e5"/>
      </object_component>
      <object_component id="oc-41">
         <name>.debug_info</name>
         <load_address>0x294e1</load_address>
         <run_address>0x294e1</run_address>
         <size>0x46</size>
         <input_file_ref idref="fl-e5"/>
      </object_component>
      <object_component id="oc-8b">
         <name>.debug_info</name>
         <load_address>0x29527</load_address>
         <run_address>0x29527</run_address>
         <size>0x2c</size>
         <input_file_ref idref="fl-e5"/>
      </object_component>
      <object_component id="oc-52">
         <name>.debug_info</name>
         <load_address>0x29553</load_address>
         <run_address>0x29553</run_address>
         <size>0x2c9</size>
         <input_file_ref idref="fl-e6"/>
      </object_component>
      <object_component id="oc-24">
         <name>.debug_info</name>
         <load_address>0x2981c</load_address>
         <run_address>0x2981c</run_address>
         <size>0x1aa</size>
         <input_file_ref idref="fl-e6"/>
      </object_component>
      <object_component id="oc-4d">
         <name>.debug_info</name>
         <load_address>0x299c6</load_address>
         <run_address>0x299c6</run_address>
         <size>0x46</size>
         <input_file_ref idref="fl-e6"/>
      </object_component>
      <object_component id="oc-93">
         <name>.debug_info</name>
         <load_address>0x29a0c</load_address>
         <run_address>0x29a0c</run_address>
         <size>0x2c</size>
         <input_file_ref idref="fl-e6"/>
      </object_component>
      <object_component id="oc-b9">
         <name>.debug_info</name>
         <load_address>0x29a38</load_address>
         <run_address>0x29a38</run_address>
         <size>0x3ce</size>
         <input_file_ref idref="fl-e7"/>
      </object_component>
      <object_component id="oc-b3">
         <name>.debug_info</name>
         <load_address>0x29e06</load_address>
         <run_address>0x29e06</run_address>
         <size>0x185</size>
         <input_file_ref idref="fl-e7"/>
      </object_component>
      <object_component id="oc-6c">
         <name>.debug_info</name>
         <load_address>0x29f8b</load_address>
         <run_address>0x29f8b</run_address>
         <size>0x214</size>
         <input_file_ref idref="fl-e7"/>
      </object_component>
      <object_component id="oc-cf">
         <name>.debug_info</name>
         <load_address>0x2a19f</load_address>
         <run_address>0x2a19f</run_address>
         <size>0x132</size>
         <input_file_ref idref="fl-e8"/>
      </object_component>
      <object_component id="oc-d6">
         <name>.debug_info</name>
         <load_address>0x2a2d1</load_address>
         <run_address>0x2a2d1</run_address>
         <size>0x132</size>
         <input_file_ref idref="fl-e9"/>
      </object_component>
      <object_component id="oc-ca">
         <name>.debug_info</name>
         <load_address>0x2a403</load_address>
         <run_address>0x2a403</run_address>
         <size>0x124</size>
         <input_file_ref idref="fl-ea"/>
      </object_component>
      <object_component id="oc-3d">
         <name>.debug_info</name>
         <load_address>0x2a527</load_address>
         <run_address>0x2a527</run_address>
         <size>0x111</size>
         <input_file_ref idref="fl-eb"/>
      </object_component>
      <object_component id="oc-49">
         <name>.debug_info</name>
         <load_address>0x2a638</load_address>
         <run_address>0x2a638</run_address>
         <size>0x13f</size>
         <input_file_ref idref="fl-ec"/>
      </object_component>
      <object_component id="oc-57">
         <name>.debug_info</name>
         <load_address>0x2a777</load_address>
         <run_address>0x2a777</run_address>
         <size>0x138</size>
         <input_file_ref idref="fl-ed"/>
      </object_component>
      <object_component id="oc-5c">
         <name>.debug_info</name>
         <load_address>0x2a8af</load_address>
         <run_address>0x2a8af</run_address>
         <size>0x148</size>
         <input_file_ref idref="fl-ee"/>
      </object_component>
      <object_component id="oc-187">
         <name>.debug_info</name>
         <load_address>0x2a9f7</load_address>
         <run_address>0x2a9f7</run_address>
         <size>0x355</size>
         <input_file_ref idref="fl-ef"/>
      </object_component>
      <object_component id="oc-109">
         <name>.debug_info</name>
         <load_address>0x2ad4c</load_address>
         <run_address>0x2ad4c</run_address>
         <size>0x2e4</size>
         <input_file_ref idref="fl-ef"/>
      </object_component>
      <object_component id="oc-255">
         <name>.debug_info</name>
         <load_address>0x2b030</load_address>
         <run_address>0x2b030</run_address>
         <size>0x2c</size>
         <input_file_ref idref="fl-ef"/>
      </object_component>
      <object_component id="oc-72">
         <name>.debug_info</name>
         <load_address>0x2b05c</load_address>
         <run_address>0x2b05c</run_address>
         <size>0x109</size>
         <input_file_ref idref="fl-f0"/>
      </object_component>
      <object_component id="oc-c5">
         <name>.debug_info</name>
         <load_address>0x2b165</load_address>
         <run_address>0x2b165</run_address>
         <size>0x126</size>
         <input_file_ref idref="fl-f1"/>
      </object_component>
      <object_component id="oc-121">
         <name>.debug_info</name>
         <load_address>0x2b28b</load_address>
         <run_address>0x2b28b</run_address>
         <size>0x2be</size>
         <input_file_ref idref="fl-f2"/>
      </object_component>
      <object_component id="oc-b6">
         <name>.debug_info</name>
         <load_address>0x2b549</load_address>
         <run_address>0x2b549</run_address>
         <size>0x113</size>
         <input_file_ref idref="fl-f2"/>
      </object_component>
      <object_component id="oc-11c">
         <name>.debug_info</name>
         <load_address>0x2b65c</load_address>
         <run_address>0x2b65c</run_address>
         <size>0x21f</size>
         <input_file_ref idref="fl-f2"/>
      </object_component>
      <object_component id="oc-24a">
         <name>.debug_info</name>
         <load_address>0x2b87b</load_address>
         <run_address>0x2b87b</run_address>
         <size>0x51f</size>
         <input_file_ref idref="fl-f3"/>
      </object_component>
      <object_component id="oc-181">
         <name>.debug_info</name>
         <load_address>0x2bd9a</load_address>
         <run_address>0x2bd9a</run_address>
         <size>0x1543</size>
         <input_file_ref idref="fl-f3"/>
      </object_component>
      <object_component id="oc-24b">
         <name>.debug_info</name>
         <load_address>0x2d2dd</load_address>
         <run_address>0x2d2dd</run_address>
         <size>0x86</size>
         <input_file_ref idref="fl-f3"/>
      </object_component>
      <object_component id="oc-2db">
         <name>.debug_info</name>
         <load_address>0x2d363</load_address>
         <run_address>0x2d363</run_address>
         <size>0x46</size>
         <input_file_ref idref="fl-f3"/>
      </object_component>
      <object_component id="oc-250">
         <name>.debug_info</name>
         <load_address>0x2d3a9</load_address>
         <run_address>0x2d3a9</run_address>
         <size>0x39</size>
         <input_file_ref idref="fl-f3"/>
      </object_component>
      <object_component id="oc-b1">
         <name>.debug_info</name>
         <load_address>0x2d3e2</load_address>
         <run_address>0x2d3e2</run_address>
         <size>0x300</size>
         <input_file_ref idref="fl-f4"/>
      </object_component>
      <object_component id="oc-66">
         <name>.debug_info</name>
         <load_address>0x2d6e2</load_address>
         <run_address>0x2d6e2</run_address>
         <size>0x167</size>
         <input_file_ref idref="fl-f4"/>
      </object_component>
      <object_component id="oc-112">
         <name>.debug_info</name>
         <load_address>0x2d849</load_address>
         <run_address>0x2d849</run_address>
         <size>0x5e</size>
         <input_file_ref idref="fl-f4"/>
      </object_component>
      <object_component id="oc-2d6">
         <name>.debug_info</name>
         <load_address>0x2d8a7</load_address>
         <run_address>0x2d8a7</run_address>
         <size>0x2ae</size>
         <input_file_ref idref="fl-f5"/>
      </object_component>
      <object_component id="oc-23e">
         <name>.debug_info</name>
         <load_address>0x2db55</load_address>
         <run_address>0x2db55</run_address>
         <size>0x171</size>
         <input_file_ref idref="fl-f5"/>
      </object_component>
      <object_component id="oc-a9">
         <name>.debug_info</name>
         <load_address>0x2dcc6</load_address>
         <run_address>0x2dcc6</run_address>
         <size>0x483</size>
         <input_file_ref idref="fl-f6"/>
      </object_component>
      <object_component id="oc-60">
         <name>.debug_info</name>
         <load_address>0x2e149</load_address>
         <run_address>0x2e149</run_address>
         <size>0x190</size>
         <input_file_ref idref="fl-f6"/>
      </object_component>
      <object_component id="oc-f0">
         <name>.debug_info</name>
         <load_address>0x2e2d9</load_address>
         <run_address>0x2e2d9</run_address>
         <size>0x39</size>
         <input_file_ref idref="fl-f6"/>
      </object_component>
      <object_component id="oc-13b">
         <name>.debug_info</name>
         <load_address>0x2e312</load_address>
         <run_address>0x2e312</run_address>
         <size>0x39</size>
         <input_file_ref idref="fl-f6"/>
      </object_component>
      <object_component id="oc-f5">
         <name>.debug_info</name>
         <load_address>0x2e34b</load_address>
         <run_address>0x2e34b</run_address>
         <size>0xcd</size>
         <input_file_ref idref="fl-f6"/>
      </object_component>
      <object_component id="oc-ec">
         <name>.debug_info</name>
         <load_address>0x2e418</load_address>
         <run_address>0x2e418</run_address>
         <size>0x37a</size>
         <input_file_ref idref="fl-f7"/>
      </object_component>
      <object_component id="oc-9e">
         <name>.debug_info</name>
         <load_address>0x2e792</load_address>
         <run_address>0x2e792</run_address>
         <size>0x183</size>
         <input_file_ref idref="fl-f7"/>
      </object_component>
      <object_component id="oc-136">
         <name>.debug_info</name>
         <load_address>0x2e915</load_address>
         <run_address>0x2e915</run_address>
         <size>0x2c</size>
         <input_file_ref idref="fl-f7"/>
      </object_component>
      <object_component id="oc-302">
         <name>.debug_info</name>
         <load_address>0x2e941</load_address>
         <run_address>0x2e941</run_address>
         <size>0xee</size>
         <input_file_ref idref="fl-f8"/>
      </object_component>
      <object_component id="oc-2d3">
         <name>.debug_info</name>
         <load_address>0x2ea2f</load_address>
         <run_address>0x2ea2f</run_address>
         <size>0xfa</size>
         <input_file_ref idref="fl-f8"/>
      </object_component>
      <object_component id="oc-227">
         <name>.debug_info</name>
         <load_address>0x2eb29</load_address>
         <run_address>0x2eb29</run_address>
         <size>0x144</size>
         <input_file_ref idref="fl-f9"/>
      </object_component>
      <object_component id="oc-214">
         <name>.debug_info</name>
         <load_address>0x2ec6d</load_address>
         <run_address>0x2ec6d</run_address>
         <size>0x120</size>
         <input_file_ref idref="fl-fa"/>
      </object_component>
      <object_component id="oc-219">
         <name>.debug_info</name>
         <load_address>0x2ed8d</load_address>
         <run_address>0x2ed8d</run_address>
         <size>0x122</size>
         <input_file_ref idref="fl-fa"/>
      </object_component>
      <object_component id="oc-21e">
         <name>.debug_info</name>
         <load_address>0x2eeaf</load_address>
         <run_address>0x2eeaf</run_address>
         <size>0x126</size>
         <input_file_ref idref="fl-fb"/>
      </object_component>
      <object_component id="oc-2bc">
         <name>.debug_info</name>
         <load_address>0x2efd5</load_address>
         <run_address>0x2efd5</run_address>
         <size>0x2e6</size>
         <input_file_ref idref="fl-fc"/>
      </object_component>
      <object_component id="oc-221">
         <name>.debug_info</name>
         <load_address>0x2f2bb</load_address>
         <run_address>0x2f2bb</run_address>
         <size>0x1c2</size>
         <input_file_ref idref="fl-fc"/>
      </object_component>
      <object_component id="oc-2d8">
         <name>.debug_info</name>
         <load_address>0x2f47d</load_address>
         <run_address>0x2f47d</run_address>
         <size>0x28b</size>
         <input_file_ref idref="fl-fd"/>
      </object_component>
      <object_component id="oc-244">
         <name>.debug_info</name>
         <load_address>0x2f708</load_address>
         <run_address>0x2f708</run_address>
         <size>0x1ab</size>
         <input_file_ref idref="fl-fd"/>
      </object_component>
      <object_component id="oc-2bf">
         <name>.debug_info</name>
         <load_address>0x2f8b3</load_address>
         <run_address>0x2f8b3</run_address>
         <size>0x2d9</size>
         <input_file_ref idref="fl-fe"/>
      </object_component>
      <object_component id="oc-22d">
         <name>.debug_info</name>
         <load_address>0x2fb8c</load_address>
         <run_address>0x2fb8c</run_address>
         <size>0x18a</size>
         <input_file_ref idref="fl-fe"/>
      </object_component>
      <object_component id="oc-2c0">
         <name>.debug_info</name>
         <load_address>0x2fd16</load_address>
         <run_address>0x2fd16</run_address>
         <size>0x2c</size>
         <input_file_ref idref="fl-fe"/>
      </object_component>
      <object_component id="oc-2cf">
         <name>.debug_info</name>
         <load_address>0x2fd42</load_address>
         <run_address>0x2fd42</run_address>
         <size>0x316</size>
         <input_file_ref idref="fl-ff"/>
      </object_component>
      <object_component id="oc-234">
         <name>.debug_info</name>
         <load_address>0x30058</load_address>
         <run_address>0x30058</run_address>
         <size>0x1d5</size>
         <input_file_ref idref="fl-ff"/>
      </object_component>
      <object_component id="oc-a4">
         <name>.debug_info</name>
         <load_address>0x3022d</load_address>
         <run_address>0x3022d</run_address>
         <size>0x145</size>
         <input_file_ref idref="fl-100"/>
      </object_component>
      <object_component id="oc-2d1">
         <name>.debug_info</name>
         <load_address>0x30372</load_address>
         <run_address>0x30372</run_address>
         <size>0x28f</size>
         <input_file_ref idref="fl-101"/>
      </object_component>
      <object_component id="oc-238">
         <name>.debug_info</name>
         <load_address>0x30601</load_address>
         <run_address>0x30601</run_address>
         <size>0x244</size>
         <input_file_ref idref="fl-101"/>
      </object_component>
      <object_component id="oc-2b7">
         <name>.debug_info</name>
         <load_address>0x30845</load_address>
         <run_address>0x30845</run_address>
         <size>0x284</size>
         <input_file_ref idref="fl-102"/>
      </object_component>
      <object_component id="oc-20d">
         <name>.debug_info</name>
         <load_address>0x30ac9</load_address>
         <run_address>0x30ac9</run_address>
         <size>0x22a</size>
         <input_file_ref idref="fl-102"/>
      </object_component>
      <object_component id="oc-208">
         <name>.debug_info</name>
         <load_address>0x30cf3</load_address>
         <run_address>0x30cf3</run_address>
         <size>0x17d</size>
         <input_file_ref idref="fl-103"/>
      </object_component>
      <object_component id="oc-2cc">
         <name>.debug_info</name>
         <load_address>0x30e70</load_address>
         <run_address>0x30e70</run_address>
         <size>0xf3</size>
         <input_file_ref idref="fl-104"/>
      </object_component>
      <object_component id="oc-2c7">
         <name>.debug_info</name>
         <load_address>0x30f63</load_address>
         <run_address>0x30f63</run_address>
         <size>0x156</size>
         <input_file_ref idref="fl-105"/>
      </object_component>
      <object_component id="oc-338">
         <name>.debug_info</name>
         <load_address>0x310b9</load_address>
         <run_address>0x310b9</run_address>
         <size>0xa0</size>
      </object_component>
      <object_component id="oc-12e">
         <name>.debug_line</name>
         <load_address>0x0</load_address>
         <run_address>0x0</run_address>
         <size>0x2c</size>
         <input_file_ref idref="fl-2"/>
      </object_component>
      <object_component id="oc-7f">
         <name>.debug_line</name>
         <load_address>0x2c</load_address>
         <run_address>0x2c</run_address>
         <size>0x181</size>
         <input_file_ref idref="fl-2"/>
      </object_component>
      <object_component id="oc-132">
         <name>.debug_line</name>
         <load_address>0x1ad</load_address>
         <run_address>0x1ad</run_address>
         <size>0x55</size>
         <input_file_ref idref="fl-2"/>
      </object_component>
      <object_component id="oc-e5">
         <name>.debug_line</name>
         <load_address>0x202</load_address>
         <run_address>0x202</run_address>
         <size>0x52</size>
         <input_file_ref idref="fl-2"/>
      </object_component>
      <object_component id="oc-39">
         <name>.debug_line</name>
         <load_address>0x254</load_address>
         <run_address>0x254</run_address>
         <size>0x20</size>
         <input_file_ref idref="fl-2"/>
      </object_component>
      <object_component id="oc-e0">
         <name>.debug_line</name>
         <load_address>0x274</load_address>
         <run_address>0x274</run_address>
         <size>0x65</size>
         <input_file_ref idref="fl-2"/>
      </object_component>
      <object_component id="oc-104">
         <name>.debug_line</name>
         <load_address>0x2d9</load_address>
         <run_address>0x2d9</run_address>
         <size>0x7b</size>
         <input_file_ref idref="fl-3"/>
      </object_component>
      <object_component id="oc-18e">
         <name>.debug_line</name>
         <load_address>0x354</load_address>
         <run_address>0x354</run_address>
         <size>0xd3</size>
         <input_file_ref idref="fl-4"/>
      </object_component>
      <object_component id="oc-ae">
         <name>.debug_line</name>
         <load_address>0x427</load_address>
         <run_address>0x427</run_address>
         <size>0x83</size>
         <input_file_ref idref="fl-4"/>
      </object_component>
      <object_component id="oc-18b">
         <name>.debug_line</name>
[...]
      </symbol>
      <symbol id="sm-8fd">
         <name>SysCtl_enablePeripheralAtCPUHalt</name>
         <value>0x6bdf</value>
         <object_component_ref idref="oc-194"/>
      </symbol>
      <symbol id="sm-8fe">
         <name>SysCtl_getSRAMSize</name>
         <value>0x6adf</value>
         <object_component_ref idref="oc-194"/>
      </symbol>
      <symbol id="sm-8ff">
         <name>SysCtl_enableSRAMBank</name>
         <value>0x6b19</value>
         <object_component_ref idref="oc-194"/>
      </symbol>
      <symbol id="sm-900">
         <name>SysCtl_disablePeripheralAtCPUHalt</name>
         <value>0x6bf3</value>
         <object_component_ref idref="oc-194"/>
      </symbol>
      <symbol id="sm-901">
         <name>SysCtl_setWDTTimeoutResetType</name>
         <value>0x6c07</value>
         <object_component_ref idref="oc-194"/>
      </symbol>
      <symbol id="sm-902">
         <name>SysCtl_getNMISourceStatus</name>
         <value>0x6b13</value>
         <object_component_ref idref="oc-194"/>
      </symbol>
      <symbol id="sm-903">
         <name>SysCtl_enableNMISource</name>
         <value>0x6aff</value>
         <object_component_ref idref="oc-194"/>
      </symbol>
      <symbol id="sm-904">
         <name>SysCtl_disableSRAMBank</name>
         <value>0x6b35</value>
         <object_component_ref idref="oc-194"/>
      </symbol>
      <symbol id="sm-905">
         <name>SysCtl_disableGlitchFilter</name>
         <value>0x6c5b</value>
         <object_component_ref idref="oc-194"/>
      </symbol>
      <symbol id="sm-906">
         <name>SysCtl_disableNMISource</name>
         <value>0x6aeb</value>
         <object_component_ref idref="oc-194"/>
      </symbol>
      <symbol id="sm-907">
         <name>SysCtl_setWDTPasswordViolationResetType</name>
         <value>0x6c2b</value>
         <object_component_ref idref="oc-194"/>
      </symbol>
      <symbol id="sm-908">
         <name>SysCtl_rebootDevice</name>
         <value>0x6bd5</value>
         <object_component_ref idref="oc-194"/>
      </symbol>
      <symbol id="sm-909">
         <name>SysCtl_getFlashSize</name>
         <value>0x6ae5</value>
         <object_component_ref idref="oc-194"/>
      </symbol>
      <symbol id="sm-90a">
         <name>SysCtl_getTLVInfo</name>
         <value>0x6a69</value>
         <object_component_ref idref="oc-194"/>
      </symbol>
      <symbol id="sm-90b">
         <name>SysCtl_enableGlitchFilter</name>
         <value>0x6c4f</value>
         <object_component_ref idref="oc-194"/>
      </symbol>
      <symbol id="sm-90c">
         <name>SysCtl_enableSRAMBankRetention</name>
         <value>0x6b9d</value>
         <object_component_ref idref="oc-194"/>
      </symbol>
      <symbol id="sm-923">
         <name>WDT_A_setTimeoutReset</name>
         <value>0x784d</value>
         <object_component_ref idref="oc-140"/>
      </symbol>
      <symbol id="sm-924">
         <name>WDT_A_registerInterrupt</name>
         <value>0x7859</value>
         <object_component_ref idref="oc-140"/>
      </symbol>
      <symbol id="sm-925">
         <name>WDT_A_setPasswordViolationReset</name>
         <value>0x7841</value>
         <object_component_ref idref="oc-140"/>
      </symbol>
      <symbol id="sm-926">
         <name>WDT_A_initIntervalTimer</name>
         <value>0x7825</value>
         <object_component_ref idref="oc-140"/>
      </symbol>
      <symbol id="sm-927">
         <name>WDT_A_clearTimer</name>
         <value>0x77e9</value>
         <object_component_ref idref="oc-140"/>
      </symbol>
      <symbol id="sm-928">
         <name>WDT_A_holdTimer</name>
         <value>0x77a9</value>
         <object_component_ref idref="oc-140"/>
      </symbol>
      <symbol id="sm-929">
         <name>WDT_A_initWatchdogTimer</name>
         <value>0x7809</value>
         <object_component_ref idref="oc-140"/>
      </symbol>
      <symbol id="sm-92a">
         <name>WDT_A_startTimer</name>
         <value>0x77c9</value>
         <object_component_ref idref="oc-140"/>
      </symbol>
      <symbol id="sm-92b">
         <name>WDT_A_unregisterInterrupt</name>
         <value>0x786d</value>
         <object_component_ref idref="oc-140"/>
      </symbol>
      <symbol id="sm-93c">
         <name>_c_int00</name>
         <value>0x7e49</value>
         <object_component_ref idref="oc-26"/>
      </symbol>
      <symbol id="sm-93d">
         <name>__stack</name>
         <value>0x2000fe00</value>
         <object_component_ref idref="oc-2f"/>
      </symbol>
      <symbol id="sm-95b">
         <name>__TI_decompress_lzss</name>
         <value>0x7d1d</value>
         <object_component_ref idref="oc-14"/>
      </symbol>
      <symbol id="sm-972">
         <name>__TI_decompress_none</name>
         <value>0x8139</value>
         <object_component_ref idref="oc-1a"/>
      </symbol>
      <symbol id="sm-989">
         <name>__TI_zero_init</name>
         <value>0x8155</value>
         <object_component_ref idref="oc-20"/>
      </symbol>
      <symbol id="sm-9aa">
         <name>C$$EXIT</name>
         <value>0x7e9d</value>
         <object_component_ref idref="oc-6b"/>
      </symbol>
      <symbol id="sm-9ab">
         <name>abort</name>
         <value>0x7ea1</value>
         <object_component_ref idref="oc-6b"/>
      </symbol>
      <symbol id="sm-9ac">
         <name>exit</name>
         <value>0x7ea9</value>
         <object_component_ref idref="oc-6b"/>
      </symbol>
      <symbol id="sm-9ad">
         <name>__TI_dtors_ptr</name>
         <value>0x20000158</value>
         <object_component_ref idref="oc-b2"/>
      </symbol>
      <symbol id="sm-9ae">
         <name>__TI_cleanup_ptr</name>
         <value>0x20000154</value>
         <object_component_ref idref="oc-b2"/>
      </symbol>
      <symbol id="sm-9af">
         <name>__TI_enable_exit_profile_output</name>
         <value>0x2000015c</value>
         <object_component_ref idref="oc-b2"/>
      </symbol>
      <symbol id="sm-9c3">
         <name>__aeabi_ddiv</name>
         <value>0x7267</value>
         <object_component_ref idref="oc-ce"/>
      </symbol>
      <symbol id="sm-9ce">
         <name>__aeabi_dmul</name>
         <value>0x74d1</value>
         <object_component_ref idref="oc-d3"/>
      </symbol>
      <symbol id="sm-9d8">
         <name>__aeabi_i2d</name>
         <value>0x8063</value>
         <object_component_ref idref="oc-c9"/>
      </symbol>
      <symbol id="sm-9f3">
         <name>memcpy</name>
         <value>0x79f5</value>
         <object_component_ref idref="oc-3b"/>
      </symbol>
      <symbol id="sm-9f4">
         <name>__aeabi_memcpy</name>
         <value>0x79f5</value>
         <object_component_ref idref="oc-3b"/>
      </symbol>
      <symbol id="sm-9f5">
         <name>__aeabi_memcpy8</name>
         <value>0x79f5</value>
         <object_component_ref idref="oc-3b"/>
      </symbol>
      <symbol id="sm-9f6">
         <name>__aeabi_memcpy4</name>
         <value>0x79f5</value>
         <object_component_ref idref="oc-3b"/>
      </symbol>
      <symbol id="sm-a05">
         <name>__aeabi_memset</name>
         <value>0x7c33</value>
         <object_component_ref idref="oc-47"/>
      </symbol>
      <symbol id="sm-a06">
         <name>memset</name>
         <value>0x7c39</value>
         <object_component_ref idref="oc-47"/>
      </symbol>
      <symbol id="sm-a07">
         <name>__aeabi_memset8</name>
         <value>0x7c33</value>
         <object_component_ref idref="oc-47"/>
      </symbol>
      <symbol id="sm-a08">
         <name>__aeabi_memset4</name>
         <value>0x7c33</value>
         <object_component_ref idref="oc-47"/>
      </symbol>
      <symbol id="sm-a09">
         <name>__aeabi_memclr8</name>
         <value>0x7c31</value>
         <object_component_ref idref="oc-47"/>
      </symbol>
      <symbol id="sm-a0a">
         <name>__aeabi_memclr4</name>
         <value>0x7c31</value>
         <object_component_ref idref="oc-47"/>
      </symbol>
      <symbol id="sm-a0b">
         <name>__aeabi_memclr</name>
         <value>0x7c31</value>
         <object_component_ref idref="oc-47"/>
      </symbol>
      <symbol id="sm-a15">
         <name>__mpu_init</name>
         <value>0x27cb</value>
         <object_component_ref idref="oc-53"/>
      </symbol>
      <symbol id="sm-a1f">
         <name>_system_pre_init</name>
         <value>0x8161</value>
         <object_component_ref idref="oc-59"/>
      </symbol>
      <symbol id="sm-a38">
         <name>sprintf</name>
         <value>0x7de9</value>
         <object_component_ref idref="oc-106"/>
      </symbol>
      <symbol id="sm-a40">
         <name>main_func_sp</name>
         <value>0x2000016c</value>
         <object_component_ref idref="oc-71"/>
      </symbol>
      <symbol id="sm-a4a">
         <name>__aeabi_ui2d</name>
         <value>0x8091</value>
         <object_component_ref idref="oc-c4"/>
      </symbol>
      <symbol id="sm-a63">
         <name>_nop</name>
         <value>0x810b</value>
         <object_component_ref idref="oc-119"/>
      </symbol>
      <symbol id="sm-a64">
         <name>_lock</name>
         <value>0x20000160</value>
         <object_component_ref idref="oc-b5"/>
      </symbol>
      <symbol id="sm-a65">
         <name>_unlock</name>
         <value>0x20000164</value>
         <object_component_ref idref="oc-b5"/>
      </symbol>
      <symbol id="sm-a66">
         <name>_register_lock</name>
         <value>0x8103</value>
         <object_component_ref idref="oc-119"/>
      </symbol>
      <symbol id="sm-a67">
         <name>_register_unlock</name>
         <value>0x80fd</value>
         <object_component_ref idref="oc-119"/>
      </symbol>
      <symbol id="sm-b68">
         <name>__TI_printfi</name>
         <value>0x1ed1</value>
         <object_component_ref idref="oc-180"/>
      </symbol>
      <symbol id="sm-b7c">
         <name>_args_main</name>
         <value>0x80cd</value>
         <object_component_ref idref="oc-65"/>
      </symbol>
      <symbol id="sm-b92">
         <name>atoi</name>
         <value>0x7f45</value>
         <object_component_ref idref="oc-23d"/>
      </symbol>
      <symbol id="sm-bbc">
         <name>__TI_auto_init</name>
         <value>0x7cad</value>
         <object_component_ref idref="oc-5f"/>
      </symbol>
      <symbol id="sm-bd6">
         <name>copy_in</name>
         <value>0x7f91</value>
         <object_component_ref idref="oc-9c"/>
      </symbol>
      <symbol id="sm-be1">
         <name>_ctypes_</name>
         <value>0x845c</value>
         <object_component_ref idref="oc-2d2"/>
      </symbol>
      <symbol id="sm-bf8">
         <name>__aeabi_dsub</name>
         <value>0x70b1</value>
         <object_component_ref idref="oc-226"/>
      </symbol>
      <symbol id="sm-bf9">
         <name>__aeabi_dadd</name>
         <value>0x70bb</value>
         <object_component_ref idref="oc-226"/>
      </symbol>
      <symbol id="sm-c1b">
         <name>__aeabi_cdcmpeq</name>
         <value>0x7b25</value>
         <object_component_ref idref="oc-211"/>
      </symbol>
      <symbol id="sm-c1c">
         <name>__aeabi_cdcmple</name>
         <value>0x7b25</value>
         <object_component_ref idref="oc-211"/>
      </symbol>
      <symbol id="sm-c1d">
         <name>__aeabi_cdrcmple</name>
         <value>0x7bab</value>
         <object_component_ref idref="oc-216"/>
      </symbol>
      <symbol id="sm-c27">
         <name>__aeabi_d2iz</name>
         <value>0x7fdd</value>
         <object_component_ref idref="oc-21b"/>
      </symbol>
      <symbol id="sm-c36">
         <name>ltoa</name>
         <value>0x7ef1</value>
         <object_component_ref idref="oc-220"/>
      </symbol>
      <symbol id="sm-c46">
         <name>memccpy</name>
         <value>0x80b1</value>
         <object_component_ref idref="oc-243"/>
      </symbol>
      <symbol id="sm-c61">
         <name>frexpl</name>
         <value>0x7d85</value>
         <object_component_ref idref="oc-22b"/>
      </symbol>
      <symbol id="sm-c62">
         <name>frexp</name>
         <value>0x7d85</value>
         <object_component_ref idref="oc-22b"/>
      </symbol>
      <symbol id="sm-c7f">
         <name>scalbn</name>
         <value>0x75cd</value>
         <object_component_ref idref="oc-231"/>
      </symbol>
      <symbol id="sm-c80">
         <name>scalbnl</name>
         <value>0x75cd</value>
         <object_component_ref idref="oc-231"/>
      </symbol>
      <symbol id="sm-c81">
         <name>ldexpl</name>
         <value>0x75cd</value>
         <object_component_ref idref="oc-231"/>
      </symbol>
      <symbol id="sm-c82">
         <name>ldexp</name>
         <value>0x75cd</value>
         <object_component_ref idref="oc-231"/>
      </symbol>
      <symbol id="sm-c8c">
         <name>_system_post_cinit</name>
         <value>0x6a67</value>
         <object_component_ref idref="oc-a2"/>
      </symbol>
      <symbol id="sm-c9c">
         <name>strchr</name>
         <value>0x80e5</value>
         <object_component_ref idref="oc-237"/>
      </symbol>
      <symbol id="sm-caa">
         <name>strlen</name>
         <value>0x8125</value>
         <object_component_ref idref="oc-20b"/>
      </symbol>
      <symbol id="sm-cc6">
         <name>__aeabi_uldivmod</name>
         <value>0x6ebd</value>
         <object_component_ref idref="oc-206"/>
      </symbol>
      <symbol id="sm-cce">
         <name>errno</name>
         <value>0x20000168</value>
         <object_component_ref idref="oc-2cb"/>
      </symbol>
      <symbol id="sm-cd8">
         <name>copysign</name>
         <value>0x8111</value>
         <object_component_ref idref="oc-2c5"/>
      </symbol>
      <symbol id="sm-cd9">
         <name>copysignl</name>
         <value>0x8111</value>
         <object_component_ref idref="oc-2c5"/>
      </symbol>
      <symbol id="sm-cda">
         <name>__TI_static_base__</name>
         <value>0x0</value>
      </symbol>
      <symbol id="sm-cdd">
         <name>SHT$$INIT_ARRAY$$Limit</name>
         <value>0x0</value>
      </symbol>
      <symbol id="sm-cde">
         <name>SHT$$INIT_ARRAY$$Base</name>
         <value>0x0</value>
      </symbol>
      <symbol id="sm-cdf">
         <name>NMI_Handler</name>
         <value>0x8153</value>
      </symbol>
      <symbol id="sm-ce0">
         <name>HardFault_Handler</name>
         <value>0x8153</value>
      </symbol>
      <symbol id="sm-ce1">
         <name>MemManage_Handler</name>
         <value>0x8153</value>
      </symbol>
      <symbol id="sm-ce2">
         <name>BusFault_Handler</name>
         <value>0x8153</value>
      </symbol>
      <symbol id="sm-ce3">
         <name>UsageFault_Handler</name>
         <value>0x8153</value>
      </symbol>
      <symbol id="sm-ce4">
         <name>SVC_Handler</name>
         <value>0x8153</value>
      </symbol>
      <symbol id="sm-ce5">
         <name>DebugMon_Handler</name>
         <value>0x8153</value>
      </symbol>
      <symbol id="sm-ce6">
         <name>PendSV_Handler</name>
         <value>0x8153</value>
      </symbol>
      <symbol id="sm-ce7">
         <name>SysTick_Handler</name>
         <value>0x8153</value>
      </symbol>
      <symbol id="sm-ce8">
         <name>PSS_IRQHandler</name>
         <value>0x8153</value>
      </symbol>
      <symbol id="sm-ce9">
         <name>CS_IRQHandler</name>
         <value>0x8153</value>
      </symbol>
      <symbol id="sm-cea">
         <name>PCM_IRQHandler</name>
         <value>0x8153</value>
      </symbol>
      <symbol id="sm-ceb">
         <name>WDT_A_IRQHandler</name>
         <value>0x8153</value>
      </symbol>
      <symbol id="sm-cec">
         <name>FPU_IRQHandler</name>
         <value>0x8153</value>
      </symbol>
      <symbol id="sm-ced">
         <name>FLCTL_IRQHandler</name>
         <value>0x8153</value>
      </symbol>
      <symbol id="sm-cee">
         <name>COMP_E0_IRQHandler</name>
         <value>0x8153</value>
      </symbol>
      <symbol id="sm-cef">
         <name>COMP_E1_IRQHandler</name>
         <value>0x8153</value>
      </symbol>
      <symbol id="sm-cf0">
         <name>TA0_0_IRQHandler</name>
         <value>0x8153</value>
      </symbol>
      <symbol id="sm-cf1">
         <name>TA0_N_IRQHandler</name>
         <value>0x8153</value>
      </symbol>
      <symbol id="sm-cf2">
         <name>TA1_0_IRQHandler</name>
         <value>0x8153</value>
      </symbol>
      <symbol id="sm-cf3">
         <name>TA1_N_IRQHandler</name>
         <value>0x8153</value>
      </symbol>
      <symbol id="sm-cf4">
         <name>TA2_0_IRQHandler</name>
         <value>0x8153</value>
      </symbol>
      <symbol id="sm-cf5">
         <name>TA2_N_IRQHandler</name>
         <value>0x8153</value>
      </symbol>
      <symbol id="sm-cf6">
         <name>TA3_0_IRQHandler</name>
         <value>0x8153</value>
      </symbol>
      <symbol id="sm-cf7">
         <name>TA3_N_IRQHandler</name>
         <value>0x8153</value>
      </symbol>
      <symbol id="sm-cf8">
         <name>EUSCIA0_IRQHandler</name>
         <value>0x8153</value>
      </symbol>
      <symbol id="sm-cf9">
         <name>EUSCIA1_IRQHandler</name>
         <value>0x8153</value>
      </symbol>
      <symbol id="sm-cfa">
         <name>EUSCIA2_IRQHandler</name>
         <value>0x8153</value>
      </symbol>
      <symbol id="sm-cfb">
         <name>EUSCIA3_IRQHandler</name>
         <value>0x8153</value>
      </symbol>
      <symbol id="sm-cfc">
         <name>EUSCIB0_IRQHandler</name>
         <value>0x8153</value>
      </symbol>
      <symbol id="sm-cfd">
         <name>EUSCIB1_IRQHandler</name>
         <value>0x8153</value>
      </symbol>
      <symbol id="sm-cfe">
         <name>EUSCIB2_IRQHandler</name>
         <value>0x8153</value>
      </symbol>
      <symbol id="sm-cff">
         <name>EUSCIB3_IRQHandler</name>
         <value>0x8153</value>
      </symbol>
      <symbol id="sm-d00">
         <name>ADC14_IRQHandler</name>
         <value>0x6d17</value>
      </symbol>
      <symbol id="sm-d01">
         <name>T32_INT1_IRQHandler</name>
         <value>0x8153</value>
      </symbol>
      <symbol id="sm-d02">
         <name>T32_INT2_IRQHandler</name>
         <value>0x8153</value>
      </symbol>
      <symbol id="sm-d03">
         <name>T32_INTC_IRQHandler</name>
         <value>0x8153</value>
      </symbol>
      <symbol id="sm-d04">
         <name>AES256_IRQHandler</name>
         <value>0x8153</value>
      </symbol>
      <symbol id="sm-d05">
         <name>RTC_C_IRQHandler</name>
         <value>0x8153</value>
      </symbol>
      <symbol id="sm-d06">
         <name>DMA_ERR_IRQHandler</name>
         <value>0x8153</value>
      </symbol>
      <symbol id="sm-d07">
         <name>DMA_INT3_IRQHandler</name>
         <value>0x8153</value>
      </symbol>
      <symbol id="sm-d08">
         <name>DMA_INT2_IRQHandler</name>
         <value>0x8153</value>
      </symbol>
      <symbol id="sm-d09">
         <name>DMA_INT1_IRQHandler</name>
         <value>0x8153</value>
      </symbol>
      <symbol id="sm-d0a">
         <name>DMA_INT0_IRQHandler</name>
         <value>0x8153</value>
      </symbol>
      <symbol id="sm-d0b">
         <name>PORT1_IRQHandler</name>
         <value>0x8153</value>
      </symbol>
      <symbol id="sm-d0c">
         <name>PORT2_IRQHandler</name>
         <value>0x8153</value>
      </symbol>
      <symbol id="sm-d0d">
         <name>PORT3_IRQHandler</name>
         <value>0x8153</value>
      </symbol>
      <symbol id="sm-d0e">
         <name>PORT4_IRQHandler</name>
         <value>0x8153</value>
      </symbol>
      <symbol id="sm-d0f">
         <name>PORT5_IRQHandler</name>
         <value>0x8153</value>
      </symbol>
      <symbol id="sm-d10">
         <name>PORT6_IRQHandler</name>
         <value>0x8153</value>
      </symbol>
   </symbol_table>
   <title>Link successful</title>
</link_info>
