******************************************************************************
                  TI ARM Linker PC v16.9.4                     
******************************************************************************
>> Linked Tue Nov 21 19:28:26 2017

OUTPUT FILE NAME:   <EmbeddedFinal.out>
ENTRY POINT SYMBOL: "_c_int00"  address: 00000e89


MEMORY CONFIGURATION

         name            origin    length      used     unused   attr    fill
----------------------  --------  ---------  --------  --------  ----  --------
  MAIN                  00000000   00040000  00001064  0003ef9c  R  X
  INFO                  00200000   00004000  00000000  00004000  R  X
  SRAM_CODE             01000000   00010000  0000025f  0000fda1  RW X
  SRAM_DATA             20000000   00010000  0000025f  0000fda1  RW  


SEGMENT ALLOCATION MAP

run origin  load origin   length   init length attrs members
----------  ----------- ---------- ----------- ----- -------
00000000    00000000    00001068   00001068    r-x
  00000000    00000000    000000e4   000000e4    r-- .intvecs
  000000e4    000000e4    00000f40   00000f40    r-x .text
  00001028    00001028    00000040   00000040    r-- .cinit
20000000    20000000    00000060   00000000    rw-
  20000000    20000000    00000043   00000000    rw- .bss
  20000044    20000044    0000001c   00000000    rw- .data
2000fe00    2000fe00    00000200   00000000    rw-
  2000fe00    2000fe00    00000200   00000000    rw- .stack


SECTION ALLOCATION MAP

 output                                  attributes/
section   page    origin      length       input sections
--------  ----  ----------  ----------   ----------------
.intvecs   0    00000000    000000e4     
                  00000000    000000e4     startup_msp432p401r_ccs.obj (.intvecs:retain)

.binit     0    00000000    00000000     

.text      0    000000e4    00000f40     
                  000000e4    0000032c     system_msp432p401r.obj (.text)
                  00000410    00000210     adc.obj (.text)
                  00000620    0000016c     gpio1.obj (.text)
                  0000078c    00000164     joystick.obj (.text)
                  000008f0    00000136     rtsv7M4_T_le_v4SPD16_eabi.lib : fd_div_t2.obj (.text)
                  00000a26    000000fc                                   : fd_mul_t2.obj (.text)
                  00000b22    00000002                                   : mpu_init.obj (.text)
                  00000b24    000000f4     timer.obj (.text)
                  00000c18    0000009c     rtsv7M4_T_le_v4SPD16_eabi.lib : memcpy_t2.obj (.text)
                  00000cb4    00000080     main.obj (.text)
                  00000d34    0000007a     rtsv7M4_T_le_v4SPD16_eabi.lib : memset_t2.obj (.text)
                  00000dae    00000002                                   : startup.obj (.text)
                  00000db0    00000070                                   : autoinit.obj (.text)
                  00000e20    00000068                                   : copy_decompress_lzss.obj (.text:decompress:lzss)
                  00000e88    00000054                                   : boot.obj (.text)
                  00000edc    00000054                                   : exit.obj (.text)
                  00000f30    0000004c                                   : cpy_tbl.obj (.text)
                  00000f7c    0000002e                                   : i_tofd_t2.obj (.text)
                  00000faa    00000020                                   : u_tofd_t2.obj (.text)
                  00000fca    00000002     --HOLE-- [fill = 0]
                  00000fcc    00000018                                   : args_main.obj (.text)
                  00000fe4    00000014                                   : _lock.obj (.text)
                  00000ff8    0000000e                                   : copy_decompress_none.obj (.text:decompress:none)
                  00001006    0000000e     startup_msp432p401r_ccs.obj (.text)
                  00001014    0000000c     rtsv7M4_T_le_v4SPD16_eabi.lib : copy_zero_init.obj (.text:decompress:ZI)
                  00001020    00000004                                   : pre_init.obj (.text)

.cinit     0    00001028    00000040     
                  00001028    00000015     (.cinit..data.load) [load image, compression = lzss]
                  0000103d    00000003     --HOLE-- [fill = 0]
                  00001040    0000000c     (__TI_handler_table)
                  0000104c    00000004     --HOLE-- [fill = 0]
                  00001050    00000008     (.cinit..bss.load) [load image, compression = zero_init]
                  00001058    00000010     (__TI_cinit_table)

.init_array 
*          0    00000000    00000000     UNINITIALIZED

.bss       0    20000000    00000043     UNINITIALIZED
                  20000000    00000040     (.common:_nadc)
                  20000040    00000002     (.common:value)
                  20000042    00000001     (.common:_eos)

.data      0    20000044    0000001c     UNINITIALIZED
                  20000044    0000000c     rtsv7M4_T_le_v4SPD16_eabi.lib : exit.obj (.data:$O1$$)
                  20000050    00000008                                   : _lock.obj (.data:$O1$$)
                  20000058    00000004                                   : stkdepth_vars.obj (.data)
                  2000005c    00000004     system_msp432p401r.obj (.data)

.stack     0    2000fe00    00000200     UNINITIALIZED
                  2000fe00    00000200     --HOLE--

MODULE SUMMARY

       Module                        code   ro data   rw data
       ------                        ----   -------   -------
    .\
       system_msp432p401r.obj        812    0         8      
       adc.obj                       528    0         130    
       gpio1.obj                     364    0         0      
       joystick.obj                  356    0         0      
       timer.obj                     244    0         0      
       startup_msp432p401r_ccs.obj   14     228       0      
       main.obj                      128    0         4      
    +--+-----------------------------+------+---------+---------+
       Total:                        2446   228       142    
                                                             
    C:\ti\ccsv7\tools\compiler\ti-cgt-arm_16.9.4.LTS\lib\rtsv7M4_T_le_v4SPD16_eabi.lib
       fd_div_t2.obj                 310    0         0      
       fd_mul_t2.obj                 252    0         0      
       memcpy_t2.obj                 156    0         0      
       memset_t2.obj                 122    0         0      
       autoinit.obj                  112    0         0      
       exit.obj                      84     0         24     
       copy_decompress_lzss.obj      104    0         0      
       boot.obj                      84     0         0      
       cpy_tbl.obj                   76     0         0      
       i_tofd_t2.obj                 46     0         0      
       _lock.obj                     20     0         16     
       u_tofd_t2.obj                 32     0         0      
       args_main.obj                 24     0         0      
       copy_decompress_none.obj      14     0         0      
       copy_zero_init.obj            12     0         0      
       stkdepth_vars.obj             0      0         8      
       pre_init.obj                  4      0         0      
       mpu_init.obj                  2      0         0      
       startup.obj                   2      0         0      
    +--+-----------------------------+------+---------+---------+
       Total:                        1456   0         48     
                                                             
       Stack:                        0      0         1024   
       Linker Generated:             0      57        0      
    +--+-----------------------------+------+---------+---------+
       Grand Total:                  3902   285       1214   


LINKER GENERATED COPY TABLES

__TI_cinit_table @ 00001058 records: 2, size/record: 8, table size: 16
	.data: load addr=00001028, load size=00000015 bytes, run addr=20000044, run size=0000001c bytes, compression=lzss
	.bss: load addr=00001050, load size=00000008 bytes, run addr=20000000, run size=00000043 bytes, compression=zero_init


LINKER GENERATED HANDLER TABLE

__TI_handler_table @ 00001040 records: 3, size/record: 4, table size: 12
	index: 0, handler: __TI_decompress_lzss
	index: 1, handler: __TI_decompress_none
	index: 2, handler: __TI_zero_init


GLOBAL SYMBOLS: SORTED ALPHABETICALLY BY Name 

address   name                           
-------   ----                           
0000047b  ADC14_IRQHandler               
0000047b  ADC14_IRQHandler               
000004bf  ADC_EOS                        
000004ef  ADC_addChannel                 
00000571  ADC_getMV                      
00000553  ADC_getN                       
0000043d  ADC_init                       
000004e3  ADC_start                      
00001013  AES256_IRQHandler              
00001013  BusFault_Handler               
00000edd  C$$EXIT                        
00001013  COMP_E0_IRQHandler             
00001013  COMP_E1_IRQHandler             
00001013  CS_IRQHandler                  
00001013  DMA_ERR_IRQHandler             
00001013  DMA_INT0_IRQHandler            
00001013  DMA_INT1_IRQHandler            
00001013  DMA_INT2_IRQHandler            
00001013  DMA_INT3_IRQHandler            
00001013  DebugMon_Handler               
00001013  Default_Handler                
00001013  EUSCIA0_IRQHandler             
00001013  EUSCIA1_IRQHandler             
00001013  EUSCIA2_IRQHandler             
00001013  EUSCIA3_IRQHandler             
00001013  EUSCIB0_IRQHandler             
00001013  EUSCIB1_IRQHandler             
00001013  EUSCIB2_IRQHandler             
00001013  EUSCIB3_IRQHandler             
00001013  FLCTL_IRQHandler               
00001013  FPU_IRQHandler                 
00001013  HardFault_Handler              
00001013  MemManage_Handler              
00001013  NMI_Handler                    
00001013  PCM_IRQHandler                 
0000072f  PORT1_IRQHandler               
0000072f  PORT1_IRQHandler               
00001013  PORT2_IRQHandler               
00001013  PORT3_IRQHandler               
00001013  PORT4_IRQHandler               
00001013  PORT5_IRQHandler               
00001013  PORT6_IRQHandler               
00001013  PSS_IRQHandler                 
00001013  PendSV_Handler                 
00001013  RTC_C_IRQHandler               
00001007  Reset_Handler                  
UNDEFED   SHT$$INIT_ARRAY$$Base          
UNDEFED   SHT$$INIT_ARRAY$$Limit         
00001013  SVC_Handler                    
00001013  SysTick_Handler                
2000005c  SystemCoreClock                
000000e5  SystemCoreClockUpdate          
00000359  SystemInit                     
00001013  T32_INT1_IRQHandler            
00001013  T32_INT2_IRQHandler            
00001013  T32_INTC_IRQHandler            
00000bc3  TA0_0_IRQHandler               
00000bc3  TA0_0_IRQHandler               
00001013  TA0_N_IRQHandler               
00000b91  TA1_0_IRQHandler               
00000b91  TA1_0_IRQHandler               
00001013  TA1_N_IRQHandler               
00001013  TA2_0_IRQHandler               
00001013  TA2_N_IRQHandler               
00001013  TA3_0_IRQHandler               
00001013  TA3_N_IRQHandler               
00001013  UsageFault_Handler             
4000480c  WDTCTL_SYM                     
00001013  WDT_A_IRQHandler               
20010000  __STACK_END                    
00000200  __STACK_SIZE                   
00001058  __TI_CINIT_Base                
00001068  __TI_CINIT_Limit               
00001040  __TI_Handler_Table_Base        
0000104c  __TI_Handler_Table_Limit       
00000db1  __TI_auto_init                 
20000044  __TI_cleanup_ptr               
00000e21  __TI_decompress_lzss           
00000ff9  __TI_decompress_none           
20000048  __TI_dtors_ptr                 
2000004c  __TI_enable_exit_profile_output
ffffffff  __TI_pprof_out_hndl            
ffffffff  __TI_prof_data_size            
ffffffff  __TI_prof_data_start           
00000000  __TI_static_base__             
00001015  __TI_zero_init                 
000008f1  __aeabi_ddiv                   
00000a27  __aeabi_dmul                   
00000f7d  __aeabi_i2d                    
00000d35  __aeabi_memclr                 
00000d35  __aeabi_memclr4                
00000d35  __aeabi_memclr8                
00000c19  __aeabi_memcpy                 
00000c19  __aeabi_memcpy4                
00000c19  __aeabi_memcpy8                
00000d37  __aeabi_memset                 
00000d37  __aeabi_memset4                
00000d37  __aeabi_memset8                
00000fab  __aeabi_ui2d                   
ffffffff  __binit__                      
ffffffff  __c_args__                     
00000b23  __mpu_init                     
2000fe00  __stack                        
00000fcd  _args_main                     
00000e89  _c_int00                       
20000042  _eos                           
20000050  _lock                          
20000000  _nadc                          
00000ff3  _nop                           
00000feb  _register_lock                 
00000fe5  _register_unlock               
00000daf  _system_post_cinit             
00001021  _system_pre_init               
20000054  _unlock                        
00000ee1  abort                          
00000ceb  adamarash                      
ffffffff  binit                          
00000cb5  brandonjc                      
00000f31  copy_in                        
00000ee9  exit                           
0000068b  gpio_config                    
0000069d  gpio_pwmconfig                 
00000000  interruptVectors               
0000078d  joystick_configure             
00000717  joystickcall                   
000007b7  joysticklocation               
00000ced  main                           
20000058  main_func_sp                   
00000c19  memcpy                         
00000d3d  memset                         
0000085d  pwm                            
00000b6f  timerA0_config                 
00000b51  timerA1_config                 
20000040  value                          


GLOBAL SYMBOLS: SORTED BY Symbol Address 

address   name                           
-------   ----                           
00000000  __TI_static_base__             
00000000  interruptVectors               
000000e5  SystemCoreClockUpdate          
00000200  __STACK_SIZE                   
00000359  SystemInit                     
0000043d  ADC_init                       
0000047b  ADC14_IRQHandler               
0000047b  ADC14_IRQHandler               
000004bf  ADC_EOS                        
000004e3  ADC_start                      
000004ef  ADC_addChannel                 
00000553  ADC_getN                       
00000571  ADC_getMV                      
0000068b  gpio_config                    
0000069d  gpio_pwmconfig                 
00000717  joystickcall                   
0000072f  PORT1_IRQHandler               
0000072f  PORT1_IRQHandler               
0000078d  joystick_configure             
000007b7  joysticklocation               
0000085d  pwm                            
000008f1  __aeabi_ddiv                   
00000a27  __aeabi_dmul                   
00000b23  __mpu_init                     
00000b51  timerA1_config                 
00000b6f  timerA0_config                 
00000b91  TA1_0_IRQHandler               
00000b91  TA1_0_IRQHandler               
00000bc3  TA0_0_IRQHandler               
00000bc3  TA0_0_IRQHandler               
00000c19  __aeabi_memcpy                 
00000c19  __aeabi_memcpy4                
00000c19  __aeabi_memcpy8                
00000c19  memcpy                         
00000cb5  brandonjc                      
00000ceb  adamarash                      
00000ced  main                           
00000d35  __aeabi_memclr                 
00000d35  __aeabi_memclr4                
00000d35  __aeabi_memclr8                
00000d37  __aeabi_memset                 
00000d37  __aeabi_memset4                
00000d37  __aeabi_memset8                
00000d3d  memset                         
00000daf  _system_post_cinit             
00000db1  __TI_auto_init                 
00000e21  __TI_decompress_lzss           
00000e89  _c_int00                       
00000edd  C$$EXIT                        
00000ee1  abort                          
00000ee9  exit                           
00000f31  copy_in                        
00000f7d  __aeabi_i2d                    
00000fab  __aeabi_ui2d                   
00000fcd  _args_main                     
00000fe5  _register_unlock               
00000feb  _register_lock                 
00000ff3  _nop                           
00000ff9  __TI_decompress_none           
00001007  Reset_Handler                  
00001013  AES256_IRQHandler              
00001013  BusFault_Handler               
00001013  COMP_E0_IRQHandler             
00001013  COMP_E1_IRQHandler             
00001013  CS_IRQHandler                  
00001013  DMA_ERR_IRQHandler             
00001013  DMA_INT0_IRQHandler            
00001013  DMA_INT1_IRQHandler            
00001013  DMA_INT2_IRQHandler            
00001013  DMA_INT3_IRQHandler            
00001013  DebugMon_Handler               
00001013  Default_Handler                
00001013  EUSCIA0_IRQHandler             
00001013  EUSCIA1_IRQHandler             
00001013  EUSCIA2_IRQHandler             
00001013  EUSCIA3_IRQHandler             
00001013  EUSCIB0_IRQHandler             
00001013  EUSCIB1_IRQHandler             
00001013  EUSCIB2_IRQHandler             
00001013  EUSCIB3_IRQHandler             
00001013  FLCTL_IRQHandler               
00001013  FPU_IRQHandler                 
00001013  HardFault_Handler              
00001013  MemManage_Handler              
00001013  NMI_Handler                    
00001013  PCM_IRQHandler                 
00001013  PORT2_IRQHandler               
00001013  PORT3_IRQHandler               
00001013  PORT4_IRQHandler               
00001013  PORT5_IRQHandler               
00001013  PORT6_IRQHandler               
00001013  PSS_IRQHandler                 
00001013  PendSV_Handler                 
00001013  RTC_C_IRQHandler               
00001013  SVC_Handler                    
00001013  SysTick_Handler                
00001013  T32_INT1_IRQHandler            
00001013  T32_INT2_IRQHandler            
00001013  T32_INTC_IRQHandler            
00001013  TA0_N_IRQHandler               
00001013  TA1_N_IRQHandler               
00001013  TA2_0_IRQHandler               
00001013  TA2_N_IRQHandler               
00001013  TA3_0_IRQHandler               
00001013  TA3_N_IRQHandler               
00001013  UsageFault_Handler             
00001013  WDT_A_IRQHandler               
00001015  __TI_zero_init                 
00001021  _system_pre_init               
00001040  __TI_Handler_Table_Base        
0000104c  __TI_Handler_Table_Limit       
00001058  __TI_CINIT_Base                
00001068  __TI_CINIT_Limit               
20000000  _nadc                          
20000040  value                          
20000042  _eos                           
20000044  __TI_cleanup_ptr               
20000048  __TI_dtors_ptr                 
2000004c  __TI_enable_exit_profile_output
20000050  _lock                          
20000054  _unlock                        
20000058  main_func_sp                   
2000005c  SystemCoreClock                
2000fe00  __stack                        
20010000  __STACK_END                    
4000480c  WDTCTL_SYM                     
ffffffff  __TI_pprof_out_hndl            
ffffffff  __TI_prof_data_size            
ffffffff  __TI_prof_data_start           
ffffffff  __binit__                      
ffffffff  __c_args__                     
ffffffff  binit                          
UNDEFED   SHT$$INIT_ARRAY$$Base          
UNDEFED   SHT$$INIT_ARRAY$$Limit         

[134 symbols]
