******************************************************************************
                  TI ARM Linker PC v16.9.4                     
******************************************************************************
>> Linked Wed Nov 15 21:35:58 2017

OUTPUT FILE NAME:   <lab4.out>
ENTRY POINT SYMBOL: "_c_int00"  address: 00000b99


MEMORY CONFIGURATION

         name            origin    length      used     unused   attr    fill
----------------------  --------  ---------  --------  --------  ----  --------
  MAIN                  00000000   00040000  00000d74  0003f28c  R  X
  INFO                  00200000   00004000  00000000  00004000  R  X
  SRAM_CODE             01000000   00010000  0000025f  0000fda1  RW X
  SRAM_DATA             20000000   00010000  0000025f  0000fda1  RW  


SEGMENT ALLOCATION MAP

run origin  load origin   length   init length attrs members
----------  ----------- ---------- ----------- ----- -------
00000000    00000000    00000d78   00000d78    r-x
  00000000    00000000    000000e4   000000e4    r-- .intvecs
  000000e4    000000e4    00000c50   00000c50    r-x .text
  00000d38    00000d38    00000040   00000040    r-- .cinit
20000000    20000000    00000060   00000000    rw-
  20000000    20000000    00000043   00000000    rw- .bss
  20000044    20000044    0000001c   00000000    rw- .data
2000fe00    2000fe00    00000200   00000000    rw-
  2000fe00    2000fe00    00000200   00000000    rw- .stack


SECTION ALLOCATION MAP

 output                                  attributes/
section   page    origin      length       input sections
--------  ----  ----------  ----------   ----------------
.intvecs   0    00000000    000000e4     
                  00000000    000000e4     startup_msp432p401r_ccs.obj (.intvecs:retain)

.binit     0    00000000    00000000     

.text      0    000000e4    00000c50     
                  000000e4    0000032c     system_msp432p401r.obj (.text)
                  00000410    00000210     adc.obj (.text)
                  00000620    00000136     rtsv7M4_T_le_v4SPD16_eabi.lib : fd_div_t2.obj (.text)
                  00000756    000000fc                                   : fd_mul_t2.obj (.text)
                  00000852    00000002                                   : mpu_init.obj (.text)
                  00000854    000000f4     joystick.obj (.text)
                  00000948    0000009c     rtsv7M4_T_le_v4SPD16_eabi.lib : memcpy_t2.obj (.text)
                  000009e4    0000007a                                   : memset_t2.obj (.text)
                  00000a5e    00000002                                   : startup.obj (.text)
                  00000a60    00000070                                   : autoinit.obj (.text)
                  00000ad0    00000068                                   : copy_decompress_lzss.obj (.text:decompress:lzss)
                  00000b38    00000060     main.obj (.text)
                  00000b98    00000054     rtsv7M4_T_le_v4SPD16_eabi.lib : boot.obj (.text)
                  00000bec    00000054                                   : exit.obj (.text)
                  00000c40    0000004c                                   : cpy_tbl.obj (.text)
                  00000c8c    0000002e                                   : i_tofd_t2.obj (.text)
                  00000cba    00000020                                   : u_tofd_t2.obj (.text)
                  00000cda    00000002     --HOLE-- [fill = 0]
                  00000cdc    00000018                                   : args_main.obj (.text)
                  00000cf4    00000014                                   : _lock.obj (.text)
                  00000d08    0000000e                                   : copy_decompress_none.obj (.text:decompress:none)
                  00000d16    0000000e     startup_msp432p401r_ccs.obj (.text)
                  00000d24    0000000c     rtsv7M4_T_le_v4SPD16_eabi.lib : copy_zero_init.obj (.text:decompress:ZI)
                  00000d30    00000004                                   : pre_init.obj (.text)

.cinit     0    00000d38    00000040     
                  00000d38    00000015     (.cinit..data.load) [load image, compression = lzss]
                  00000d4d    00000003     --HOLE-- [fill = 0]
                  00000d50    0000000c     (__TI_handler_table)
                  00000d5c    00000004     --HOLE-- [fill = 0]
                  00000d60    00000008     (.cinit..bss.load) [load image, compression = zero_init]
                  00000d68    00000010     (__TI_cinit_table)

.init_array 
*          0    00000000    00000000     UNINITIALIZED

.bss       0    20000000    00000043     UNINITIALIZED
                  20000000    00000040     (.common:_nadc)
                  20000040    00000002     (.common:value)
                  20000042    00000001     (.common:_eos)

.data      0    20000044    0000001c     UNINITIALIZED
                  20000044    0000000c     rtsv7M4_T_le_v4SPD16_eabi.lib : exit.obj (.data:$O1$$)
                  20000050    00000008                                   : _lock.obj (.data:$O1$$)
                  20000058    00000004                                   : stkdepth_vars.obj (.data)
                  2000005c    00000004     system_msp432p401r.obj (.data)

.stack     0    2000fe00    00000200     UNINITIALIZED
                  2000fe00    00000200     --HOLE--

MODULE SUMMARY

       Module                        code   ro data   rw data
       ------                        ----   -------   -------
    .\
       system_msp432p401r.obj        812    0         8      
       adc.obj                       528    0         130    
       joystick.obj                  244    0         0      
       startup_msp432p401r_ccs.obj   14     228       0      
       main.obj                      96     0         4      
    +--+-----------------------------+------+---------+---------+
       Total:                        1694   228       142    
                                                             
    C:\ti\ccsv7\tools\compiler\ti-cgt-arm_16.9.4.LTS\lib\rtsv7M4_T_le_v4SPD16_eabi.lib
       fd_div_t2.obj                 310    0         0      
       fd_mul_t2.obj                 252    0         0      
       memcpy_t2.obj                 156    0         0      
       memset_t2.obj                 122    0         0      
       autoinit.obj                  112    0         0      
       exit.obj                      84     0         24     
       copy_decompress_lzss.obj      104    0         0      
       boot.obj                      84     0         0      
       cpy_tbl.obj                   76     0         0      
       i_tofd_t2.obj                 46     0         0      
       _lock.obj                     20     0         16     
       u_tofd_t2.obj                 32     0         0      
       args_main.obj                 24     0         0      
       copy_decompress_none.obj      14     0         0      
       copy_zero_init.obj            12     0         0      
       stkdepth_vars.obj             0      0         8      
       pre_init.obj                  4      0         0      
       mpu_init.obj                  2      0         0      
       startup.obj                   2      0         0      
    +--+-----------------------------+------+---------+---------+
       Total:                        1456   0         48     
                                                             
       Stack:                        0      0         1024   
       Linker Generated:             0      57        0      
    +--+-----------------------------+------+---------+---------+
       Grand Total:                  3150   285       1214   


LINKER GENERATED COPY TABLES

__TI_cinit_table @ 00000d68 records: 2, size/record: 8, table size: 16
	.data: load addr=00000d38, load size=00000015 bytes, run addr=20000044, run size=0000001c bytes, compression=lzss
	.bss: load addr=00000d60, load size=00000008 bytes, run addr=20000000, run size=00000043 bytes, compression=zero_init


LINKER GENERATED HANDLER TABLE

__TI_handler_table @ 00000d50 records: 3, size/record: 4, table size: 12
	index: 0, handler: __TI_decompress_lzss
	index: 1, handler: __TI_decompress_none
	index: 2, handler: __TI_zero_init


GLOBAL SYMBOLS: SORTED ALPHABETICALLY BY Name 

address   name                           
-------   ----                           
0000047b  ADC14_IRQHandler               
0000047b  ADC14_IRQHandler               
000004bf  ADC_EOS                        
000004ef  ADC_addChannel                 
00000571  ADC_getMV                      
00000553  ADC_getN                       
0000043d  ADC_init                       
000004e3  ADC_start                      
00000d23  AES256_IRQHandler              
00000d23  BusFault_Handler               
00000bed  C$$EXIT                        
00000d23  COMP_E0_IRQHandler             
00000d23  COMP_E1_IRQHandler             
00000d23  CS_IRQHandler                  
00000d23  DMA_ERR_IRQHandler             
00000d23  DMA_INT0_IRQHandler            
00000d23  DMA_INT1_IRQHandler            
00000d23  DMA_INT2_IRQHandler            
00000d23  DMA_INT3_IRQHandler            
00000d23  DebugMon_Handler               
00000d23  Default_Handler                
00000d23  EUSCIA0_IRQHandler             
00000d23  EUSCIA1_IRQHandler             
00000d23  EUSCIA2_IRQHandler             
00000d23  EUSCIA3_IRQHandler             
00000d23  EUSCIB0_IRQHandler             
00000d23  EUSCIB1_IRQHandler             
00000d23  EUSCIB2_IRQHandler             
00000d23  EUSCIB3_IRQHandler             
00000d23  FLCTL_IRQHandler               
00000d23  FPU_IRQHandler                 
00000855  GPIO_configure                 
00000d23  HardFault_Handler              
00000d23  MemManage_Handler              
00000d23  NMI_Handler                    
00000d23  PCM_IRQHandler                 
00000d23  PORT1_IRQHandler               
00000d23  PORT2_IRQHandler               
00000d23  PORT3_IRQHandler               
00000d23  PORT4_IRQHandler               
00000d23  PORT5_IRQHandler               
00000d23  PORT6_IRQHandler               
00000d23  PSS_IRQHandler                 
00000d23  PendSV_Handler                 
00000d23  RTC_C_IRQHandler               
00000d17  Reset_Handler                  
UNDEFED   SHT$$INIT_ARRAY$$Base          
UNDEFED   SHT$$INIT_ARRAY$$Limit         
00000d23  SVC_Handler                    
00000d23  SysTick_Handler                
2000005c  SystemCoreClock                
000000e5  SystemCoreClockUpdate          
00000359  SystemInit                     
00000d23  T32_INT1_IRQHandler            
00000d23  T32_INT2_IRQHandler            
00000d23  T32_INTC_IRQHandler            
00000d23  TA0_0_IRQHandler               
00000d23  TA0_N_IRQHandler               
00000d23  TA1_0_IRQHandler               
00000d23  TA1_N_IRQHandler               
00000d23  TA2_0_IRQHandler               
00000d23  TA2_N_IRQHandler               
00000d23  TA3_0_IRQHandler               
00000d23  TA3_N_IRQHandler               
00000d23  UsageFault_Handler             
4000480c  WDTCTL_SYM                     
00000d23  WDT_A_IRQHandler               
20010000  __STACK_END                    
00000200  __STACK_SIZE                   
00000d68  __TI_CINIT_Base                
00000d78  __TI_CINIT_Limit               
00000d50  __TI_Handler_Table_Base        
00000d5c  __TI_Handler_Table_Limit       
00000a61  __TI_auto_init                 
20000044  __TI_cleanup_ptr               
00000ad1  __TI_decompress_lzss           
00000d09  __TI_decompress_none           
20000048  __TI_dtors_ptr                 
2000004c  __TI_enable_exit_profile_output
ffffffff  __TI_pprof_out_hndl            
ffffffff  __TI_prof_data_size            
ffffffff  __TI_prof_data_start           
00000000  __TI_static_base__             
00000d25  __TI_zero_init                 
00000621  __aeabi_ddiv                   
00000757  __aeabi_dmul                   
00000c8d  __aeabi_i2d                    
000009e5  __aeabi_memclr                 
000009e5  __aeabi_memclr4                
000009e5  __aeabi_memclr8                
00000949  __aeabi_memcpy                 
00000949  __aeabi_memcpy4                
00000949  __aeabi_memcpy8                
000009e7  __aeabi_memset                 
000009e7  __aeabi_memset4                
000009e7  __aeabi_memset8                
00000cbb  __aeabi_ui2d                   
ffffffff  __binit__                      
ffffffff  __c_args__                     
00000853  __mpu_init                     
2000fe00  __stack                        
00000cdd  _args_main                     
00000b99  _c_int00                       
20000042  _eos                           
20000050  _lock                          
20000000  _nadc                          
00000d03  _nop                           
00000cfb  _register_lock                 
00000cf5  _register_unlock               
00000a5f  _system_post_cinit             
00000d31  _system_pre_init               
20000054  _unlock                        
00000bf1  abort                          
ffffffff  binit                          
00000c41  copy_in                        
00000bf9  exit                           
00000000  interruptVectors               
00000893  joysticklocation               
00000b39  main                           
20000058  main_func_sp                   
00000949  memcpy                         
000009ed  memset                         
20000040  value                          


GLOBAL SYMBOLS: SORTED BY Symbol Address 

address   name                           
-------   ----                           
00000000  __TI_static_base__             
00000000  interruptVectors               
000000e5  SystemCoreClockUpdate          
00000200  __STACK_SIZE                   
00000359  SystemInit                     
0000043d  ADC_init                       
0000047b  ADC14_IRQHandler               
0000047b  ADC14_IRQHandler               
000004bf  ADC_EOS                        
000004e3  ADC_start                      
000004ef  ADC_addChannel                 
00000553  ADC_getN                       
00000571  ADC_getMV                      
00000621  __aeabi_ddiv                   
00000757  __aeabi_dmul                   
00000853  __mpu_init                     
00000855  GPIO_configure                 
00000893  joysticklocation               
00000949  __aeabi_memcpy                 
00000949  __aeabi_memcpy4                
00000949  __aeabi_memcpy8                
00000949  memcpy                         
000009e5  __aeabi_memclr                 
000009e5  __aeabi_memclr4                
000009e5  __aeabi_memclr8                
000009e7  __aeabi_memset                 
000009e7  __aeabi_memset4                
000009e7  __aeabi_memset8                
000009ed  memset                         
00000a5f  _system_post_cinit             
00000a61  __TI_auto_init                 
00000ad1  __TI_decompress_lzss           
00000b39  main                           
00000b99  _c_int00                       
00000bed  C$$EXIT                        
00000bf1  abort                          
00000bf9  exit                           
00000c41  copy_in                        
00000c8d  __aeabi_i2d                    
00000cbb  __aeabi_ui2d                   
00000cdd  _args_main                     
00000cf5  _register_unlock               
00000cfb  _register_lock                 
00000d03  _nop                           
00000d09  __TI_decompress_none           
00000d17  Reset_Handler                  
00000d23  AES256_IRQHandler              
00000d23  BusFault_Handler               
00000d23  COMP_E0_IRQHandler             
00000d23  COMP_E1_IRQHandler             
00000d23  CS_IRQHandler                  
00000d23  DMA_ERR_IRQHandler             
00000d23  DMA_INT0_IRQHandler            
00000d23  DMA_INT1_IRQHandler            
00000d23  DMA_INT2_IRQHandler            
00000d23  DMA_INT3_IRQHandler            
00000d23  DebugMon_Handler               
00000d23  Default_Handler                
00000d23  EUSCIA0_IRQHandler             
00000d23  EUSCIA1_IRQHandler             
00000d23  EUSCIA2_IRQHandler             
00000d23  EUSCIA3_IRQHandler             
00000d23  EUSCIB0_IRQHandler             
00000d23  EUSCIB1_IRQHandler             
00000d23  EUSCIB2_IRQHandler             
00000d23  EUSCIB3_IRQHandler             
00000d23  FLCTL_IRQHandler               
00000d23  FPU_IRQHandler                 
00000d23  HardFault_Handler              
00000d23  MemManage_Handler              
00000d23  NMI_Handler                    
00000d23  PCM_IRQHandler                 
00000d23  PORT1_IRQHandler               
00000d23  PORT2_IRQHandler               
00000d23  PORT3_IRQHandler               
00000d23  PORT4_IRQHandler               
00000d23  PORT5_IRQHandler               
00000d23  PORT6_IRQHandler               
00000d23  PSS_IRQHandler                 
00000d23  PendSV_Handler                 
00000d23  RTC_C_IRQHandler               
00000d23  SVC_Handler                    
00000d23  SysTick_Handler                
00000d23  T32_INT1_IRQHandler            
00000d23  T32_INT2_IRQHandler            
00000d23  T32_INTC_IRQHandler            
00000d23  TA0_0_IRQHandler               
00000d23  TA0_N_IRQHandler               
00000d23  TA1_0_IRQHandler               
00000d23  TA1_N_IRQHandler               
00000d23  TA2_0_IRQHandler               
00000d23  TA2_N_IRQHandler               
00000d23  TA3_0_IRQHandler               
00000d23  TA3_N_IRQHandler               
00000d23  UsageFault_Handler             
00000d23  WDT_A_IRQHandler               
00000d25  __TI_zero_init                 
00000d31  _system_pre_init               
00000d50  __TI_Handler_Table_Base        
00000d5c  __TI_Handler_Table_Limit       
00000d68  __TI_CINIT_Base                
00000d78  __TI_CINIT_Limit               
20000000  _nadc                          
20000040  value                          
20000042  _eos                           
20000044  __TI_cleanup_ptr               
20000048  __TI_dtors_ptr                 
2000004c  __TI_enable_exit_profile_output
20000050  _lock                          
20000054  _unlock                        
20000058  main_func_sp                   
2000005c  SystemCoreClock                
2000fe00  __stack                        
20010000  __STACK_END                    
4000480c  WDTCTL_SYM                     
ffffffff  __TI_pprof_out_hndl            
ffffffff  __TI_prof_data_size            
ffffffff  __TI_prof_data_start           
ffffffff  __binit__                      
ffffffff  __c_args__                     
ffffffff  binit                          
UNDEFED   SHT$$INIT_ARRAY$$Base          
UNDEFED   SHT$$INIT_ARRAY$$Limit         

[123 symbols]
