<?xml version="1.0"?>
<link_info>
   <banner>TI ARM Linker PC v16.9.4.LTS</banner>
   <copyright>Copyright (c) 1996-2017 Texas Instruments Incorporated</copyright>
   <link_time>0x5a01767c</link_time>
   <link_errors>0x0</link_errors>
   <output_file>escooterlcdworking.out</output_file>
   <entry_point>
      <name>_c_int00</name>
      <address>0x5b8d</address>
   </entry_point>
   <input_file_list>
      <input_file id="fl-2">
         <path>.\</path>
         <kind>object</kind>
         <file>accel.obj</file>
         <name>accel.obj</name>
      </input_file>
      <input_file id="fl-3">
         <path>.\</path>
         <kind>object</kind>
         <file>adc.obj</file>
         <name>adc.obj</name>
      </input_file>
      <input_file id="fl-4">
         <path>.\</path>
         <kind>object</kind>
         <file>button1.obj</file>
         <name>button1.obj</name>
      </input_file>
      <input_file id="fl-5">
         <path>.\</path>
         <kind>object</kind>
         <file>clock.obj</file>
         <name>clock.obj</name>
      </input_file>
      <input_file id="fl-6">
         <path>.\</path>
         <kind>object</kind>
         <file>encoder.obj</file>
         <name>encoder.obj</name>
      </input_file>
      <input_file id="fl-7">
         <path>.\</path>
         <kind>object</kind>
         <file>gpio1.obj</file>
         <name>gpio1.obj</name>
      </input_file>
      <input_file id="fl-8">
         <path>.\</path>
         <kind>object</kind>
         <file>main.obj</file>
         <name>main.obj</name>
      </input_file>
      <input_file id="fl-9">
         <path>.\</path>
         <kind>object</kind>
         <file>startup_msp432p401r_ccs.obj</file>
         <name>startup_msp432p401r_ccs.obj</name>
      </input_file>
      <input_file id="fl-a">
         <path>.\</path>
         <kind>object</kind>
         <file>system_msp432p401r.obj</file>
         <name>system_msp432p401r.obj</name>
      </input_file>
      <input_file id="fl-b">
         <path>.\</path>
         <kind>object</kind>
         <file>timer.obj</file>
         <name>timer.obj</name>
      </input_file>
      <input_file id="fl-c">
         <path>.\</path>
         <kind>object</kind>
         <file>uart.obj</file>
         <name>uart.obj</name>
      </input_file>
      <input_file id="fl-d">
         <path>.\GrLib\fonts\</path>
         <kind>object</kind>
         <file>fontfixed6x8.obj</file>
         <name>fontfixed6x8.obj</name>
      </input_file>
      <input_file id="fl-e">
         <path>.\GrLib\grlib\</path>
         <kind>object</kind>
         <file>button.obj</file>
         <name>button.obj</name>
      </input_file>
      <input_file id="fl-f">
         <path>.\GrLib\grlib\</path>
         <kind>object</kind>
         <file>checkbox.obj</file>
         <name>checkbox.obj</name>
      </input_file>
      <input_file id="fl-10">
         <path>.\GrLib\grlib\</path>
         <kind>object</kind>
         <file>circle.obj</file>
         <name>circle.obj</name>
      </input_file>
      <input_file id="fl-11">
         <path>.\GrLib\grlib\</path>
         <kind>object</kind>
         <file>context.obj</file>
         <name>context.obj</name>
      </input_file>
      <input_file id="fl-12">
         <path>.\GrLib\grlib\</path>
         <kind>object</kind>
         <file>display.obj</file>
         <name>display.obj</name>
      </input_file>
      <input_file id="fl-13">
         <path>.\GrLib\grlib\</path>
         <kind>object</kind>
         <file>image.obj</file>
         <name>image.obj</name>
      </input_file>
      <input_file id="fl-14">
         <path>.\GrLib\grlib\</path>
         <kind>object</kind>
         <file>imageButton.obj</file>
         <name>imageButton.obj</name>
      </input_file>
      <input_file id="fl-15">
         <path>.\GrLib\grlib\</path>
         <kind>object</kind>
         <file>line.obj</file>
         <name>line.obj</name>
      </input_file>
      <input_file id="fl-16">
         <path>.\GrLib\grlib\</path>
         <kind>object</kind>
         <file>radioButton.obj</file>
         <name>radioButton.obj</name>
      </input_file>
      <input_file id="fl-17">
         <path>.\GrLib\grlib\</path>
         <kind>object</kind>
         <file>rectangle.obj</file>
         <name>rectangle.obj</name>
      </input_file>
      <input_file id="fl-18">
         <path>.\GrLib\grlib\</path>
         <kind>object</kind>
         <file>string.obj</file>
         <name>string.obj</name>
      </input_file>
      <input_file id="fl-19">
         <path>.\LcdDriver\</path>
         <kind>object</kind>
         <file>Crystalfontz128x128_ST7735.obj</file>
         <name>Crystalfontz128x128_ST7735.obj</name>
      </input_file>
      <input_file id="fl-1a">
         <path>.\LcdDriver\</path>
         <kind>object</kind>
         <file>HAL_MSP_EXP432P401R_Crystalfontz128x128_ST7735.obj</file>
         <name>HAL_MSP_EXP432P401R_Crystalfontz128x128_ST7735.obj</name>
      </input_file>
      <input_file id="fl-1b">
         <path>.\LcdDriver\</path>
         <kind>object</kind>
         <file>lcdconfig.obj</file>
         <name>lcdconfig.obj</name>
      </input_file>
      <input_file id="fl-1c">
         <path>.\driverlib\MSP432P4xx\</path>
         <kind>object</kind>
         <file>aes256.obj</file>
         <name>aes256.obj</name>
      </input_file>
      <input_file id="fl-1d">
         <path>.\driverlib\MSP432P4xx\</path>
         <kind>object</kind>
         <file>comp_e.obj</file>
         <name>comp_e.obj</name>
      </input_file>
      <input_file id="fl-1e">
         <path>.\driverlib\MSP432P4xx\</path>
         <kind>object</kind>
         <file>cpu.obj</file>
         <name>cpu.obj</name>
      </input_file>
      <input_file id="fl-1f">
         <path>.\driverlib\MSP432P4xx\</path>
         <kind>object</kind>
         <file>crc32.obj</file>
         <name>crc32.obj</name>
      </input_file>
      <input_file id="fl-20">
         <path>.\driverlib\MSP432P4xx\</path>
         <kind>object</kind>
         <file>cs.obj</file>
         <name>cs.obj</name>
      </input_file>
      <input_file id="fl-21">
         <path>.\driverlib\MSP432P4xx\</path>
         <kind>object</kind>
         <file>dma.obj</file>
         <name>dma.obj</name>
      </input_file>
      <input_file id="fl-22">
         <path>.\driverlib\MSP432P4xx\</path>
         <kind>object</kind>
         <file>flash.obj</file>
         <name>flash.obj</name>
      </input_file>
      <input_file id="fl-23">
         <path>.\driverlib\MSP432P4xx\</path>
         <kind>object</kind>
         <file>fpu.obj</file>
         <name>fpu.obj</name>
      </input_file>
      <input_file id="fl-24">
         <path>.\driverlib\MSP432P4xx\</path>
         <kind>object</kind>
         <file>gpio.obj</file>
         <name>gpio.obj</name>
      </input_file>
      <input_file id="fl-25">
         <path>.\driverlib\MSP432P4xx\</path>
         <kind>object</kind>
         <file>interrupt.obj</file>
         <name>interrupt.obj</name>
      </input_file>
      <input_file id="fl-26">
         <path>.\driverlib\MSP432P4xx\</path>
         <kind>object</kind>
         <file>mpu.obj</file>
         <name>mpu.obj</name>
      </input_file>
      <input_file id="fl-27">
         <path>.\driverlib\MSP432P4xx\</path>
         <kind>object</kind>
         <file>pcm.obj</file>
         <name>pcm.obj</name>
      </input_file>
      <input_file id="fl-28">
         <path>.\driverlib\MSP432P4xx\</path>
         <kind>object</kind>
         <file>pmap.obj</file>
         <name>pmap.obj</name>
      </input_file>
      <input_file id="fl-29">
         <path>.\driverlib\MSP432P4xx\</path>
         <kind>object</kind>
         <file>pss.obj</file>
         <name>pss.obj</name>
      </input_file>
      <input_file id="fl-2a">
         <path>.\driverlib\MSP432P4xx\</path>
         <kind>object</kind>
         <file>ref_a.obj</file>
         <name>ref_a.obj</name>
      </input_file>
      <input_file id="fl-2b">
         <path>.\driverlib\MSP432P4xx\</path>
         <kind>object</kind>
         <file>reset.obj</file>
         <name>reset.obj</name>
      </input_file>
      <input_file id="fl-2c">
         <path>.\driverlib\MSP432P4xx\</path>
         <kind>object</kind>
         <file>rtc_c.obj</file>
         <name>rtc_c.obj</name>
      </input_file>
      <input_file id="fl-2d">
         <path>.\driverlib\MSP432P4xx\</path>
         <kind>object</kind>
         <file>spi.obj</file>
         <name>spi.obj</name>
      </input_file>
      <input_file id="fl-2e">
         <path>.\driverlib\MSP432P4xx\</path>
         <kind>object</kind>
         <file>sysctl.obj</file>
         <name>sysctl.obj</name>
      </input_file>
      <input_file id="fl-2f">
         <path>.\driverlib\MSP432P4xx\</path>
         <kind>object</kind>
         <file>wdt_a.obj</file>
         <name>wdt_a.obj</name>
      </input_file>
      <input_file id="fl-33">
         <kind>object</kind>
         <file>&lt;internal&gt;</file>
         <name>&lt;internal&gt;</name>
      </input_file>
      <input_file id="fl-e9">
         <path>C:\ti\ccsv7\tools\compiler\ti-cgt-arm_16.9.4.LTS\lib\</path>
         <kind>archive</kind>
         <file>rtsv7M4_T_le_v4SPD16_eabi.lib</file>
         <name>boot.obj</name>
      </input_file>
      <input_file id="fl-ea">
         <path>C:\ti\ccsv7\tools\compiler\ti-cgt-arm_16.9.4.LTS\lib\</path>
         <kind>archive</kind>
         <file>rtsv7M4_T_le_v4SPD16_eabi.lib</file>
         <name>copy_decompress_lzss.obj</name>
      </input_file>
      <input_file id="fl-eb">
         <path>C:\ti\ccsv7\tools\compiler\ti-cgt-arm_16.9.4.LTS\lib\</path>
         <kind>archive</kind>
         <file>rtsv7M4_T_le_v4SPD16_eabi.lib</file>
         <name>copy_decompress_none.obj</name>
      </input_file>
      <input_file id="fl-ec">
         <path>C:\ti\ccsv7\tools\compiler\ti-cgt-arm_16.9.4.LTS\lib\</path>
         <kind>archive</kind>
         <file>rtsv7M4_T_le_v4SPD16_eabi.lib</file>
         <name>copy_zero_init.obj</name>
      </input_file>
      <input_file id="fl-ed">
         <path>C:\ti\ccsv7\tools\compiler\ti-cgt-arm_16.9.4.LTS\lib\</path>
         <kind>archive</kind>
         <file>rtsv7M4_T_le_v4SPD16_eabi.lib</file>
         <name>exit.obj</name>
      </input_file>
      <input_file id="fl-ee">
         <path>C:\ti\ccsv7\tools\compiler\ti-cgt-arm_16.9.4.LTS\lib\</path>
         <kind>archive</kind>
         <file>rtsv7M4_T_le_v4SPD16_eabi.lib</file>
         <name>fd_add_t2.obj</name>
      </input_file>
      <input_file id="fl-ef">
         <path>C:\ti\ccsv7\tools\compiler\ti-cgt-arm_16.9.4.LTS\lib\</path>
         <kind>archive</kind>
         <file>rtsv7M4_T_le_v4SPD16_eabi.lib</file>
         <name>fd_cmp_t2.obj</name>
      </input_file>
      <input_file id="fl-f0">
         <path>C:\ti\ccsv7\tools\compiler\ti-cgt-arm_16.9.4.LTS\lib\</path>
         <kind>archive</kind>
         <file>rtsv7M4_T_le_v4SPD16_eabi.lib</file>
         <name>fd_div_t2.obj</name>
      </input_file>
      <input_file id="fl-f1">
         <path>C:\ti\ccsv7\tools\compiler\ti-cgt-arm_16.9.4.LTS\lib\</path>
         <kind>archive</kind>
         <file>rtsv7M4_T_le_v4SPD16_eabi.lib</file>
         <name>fd_mul_t2.obj</name>
      </input_file>
      <input_file id="fl-f2">
         <path>C:\ti\ccsv7\tools\compiler\ti-cgt-arm_16.9.4.LTS\lib\</path>
         <kind>archive</kind>
         <file>rtsv7M4_T_le_v4SPD16_eabi.lib</file>
         <name>i_tofd_t2.obj</name>
      </input_file>
      <input_file id="fl-f3">
         <path>C:\ti\ccsv7\tools\compiler\ti-cgt-arm_16.9.4.LTS\lib\</path>
         <kind>archive</kind>
         <file>rtsv7M4_T_le_v4SPD16_eabi.lib</file>
         <name>memcpy_t2.obj</name>
      </input_file>
      <input_file id="fl-f4">
         <path>C:\ti\ccsv7\tools\compiler\ti-cgt-arm_16.9.4.LTS\lib\</path>
         <kind>archive</kind>
         <file>rtsv7M4_T_le_v4SPD16_eabi.lib</file>
         <name>memory.obj</name>
      </input_file>
      <input_file id="fl-f5">
         <path>C:\ti\ccsv7\tools\compiler\ti-cgt-arm_16.9.4.LTS\lib\</path>
         <kind>archive</kind>
         <file>rtsv7M4_T_le_v4SPD16_eabi.lib</file>
         <name>memset_t2.obj</name>
      </input_file>
      <input_file id="fl-f6">
         <path>C:\ti\ccsv7\tools\compiler\ti-cgt-arm_16.9.4.LTS\lib\</path>
         <kind>archive</kind>
         <file>rtsv7M4_T_le_v4SPD16_eabi.lib</file>
         <name>mpu_init.obj</name>
      </input_file>
      <input_file id="fl-f7">
         <path>C:\ti\ccsv7\tools\compiler\ti-cgt-arm_16.9.4.LTS\lib\</path>
         <kind>archive</kind>
         <file>rtsv7M4_T_le_v4SPD16_eabi.lib</file>
         <name>pre_init.obj</name>
      </input_file>
      <input_file id="fl-f8">
         <path>C:\ti\ccsv7\tools\compiler\ti-cgt-arm_16.9.4.LTS\lib\</path>
         <kind>archive</kind>
         <file>rtsv7M4_T_le_v4SPD16_eabi.lib</file>
         <name>sprintf.obj</name>
      </input_file>
      <input_file id="fl-f9">
         <path>C:\ti\ccsv7\tools\compiler\ti-cgt-arm_16.9.4.LTS\lib\</path>
         <kind>archive</kind>
         <file>rtsv7M4_T_le_v4SPD16_eabi.lib</file>
         <name>stkdepth_vars.obj</name>
      </input_file>
      <input_file id="fl-fa">
         <path>C:\ti\ccsv7\tools\compiler\ti-cgt-arm_16.9.4.LTS\lib\</path>
         <kind>archive</kind>
         <file>rtsv7M4_T_le_v4SPD16_eabi.lib</file>
         <name>strlen.obj</name>
      </input_file>
      <input_file id="fl-fb">
         <path>C:\ti\ccsv7\tools\compiler\ti-cgt-arm_16.9.4.LTS\lib\</path>
         <kind>archive</kind>
         <file>rtsv7M4_T_le_v4SPD16_eabi.lib</file>
         <name>u_tofd_t2.obj</name>
      </input_file>
      <input_file id="fl-fc">
         <path>C:\ti\ccsv7\tools\compiler\ti-cgt-arm_16.9.4.LTS\lib\</path>
         <kind>archive</kind>
         <file>rtsv7M4_T_le_v4SPD16_eabi.lib</file>
         <name>_lock.obj</name>
      </input_file>
      <input_file id="fl-fd">
         <path>C:\ti\ccsv7\tools\compiler\ti-cgt-arm_16.9.4.LTS\lib\</path>
         <kind>archive</kind>
         <file>rtsv7M4_T_le_v4SPD16_eabi.lib</file>
         <name>_printfi.obj</name>
      </input_file>
      <input_file id="fl-fe">
         <path>C:\ti\ccsv7\tools\compiler\ti-cgt-arm_16.9.4.LTS\lib\</path>
         <kind>archive</kind>
         <file>rtsv7M4_T_le_v4SPD16_eabi.lib</file>
         <name>args_main.obj</name>
      </input_file>
      <input_file id="fl-ff">
         <path>C:\ti\ccsv7\tools\compiler\ti-cgt-arm_16.9.4.LTS\lib\</path>
         <kind>archive</kind>
         <file>rtsv7M4_T_le_v4SPD16_eabi.lib</file>
         <name>atoi.obj</name>
      </input_file>
      <input_file id="fl-100">
         <path>C:\ti\ccsv7\tools\compiler\ti-cgt-arm_16.9.4.LTS\lib\</path>
         <kind>archive</kind>
         <file>rtsv7M4_T_le_v4SPD16_eabi.lib</file>
         <name>autoinit.obj</name>
      </input_file>
      <input_file id="fl-101">
         <path>C:\ti\ccsv7\tools\compiler\ti-cgt-arm_16.9.4.LTS\lib\</path>
         <kind>archive</kind>
         <file>rtsv7M4_T_le_v4SPD16_eabi.lib</file>
         <name>cpy_tbl.obj</name>
      </input_file>
      <input_file id="fl-102">
         <path>C:\ti\ccsv7\tools\compiler\ti-cgt-arm_16.9.4.LTS\lib\</path>
         <kind>archive</kind>
         <file>rtsv7M4_T_le_v4SPD16_eabi.lib</file>
         <name>ctype.obj</name>
      </input_file>
      <input_file id="fl-103">
         <path>C:\ti\ccsv7\tools\compiler\ti-cgt-arm_16.9.4.LTS\lib\</path>
         <kind>archive</kind>
         <file>rtsv7M4_T_le_v4SPD16_eabi.lib</file>
         <name>fd_toi_t2.obj</name>
      </input_file>
      <input_file id="fl-104">
         <path>C:\ti\ccsv7\tools\compiler\ti-cgt-arm_16.9.4.LTS\lib\</path>
         <kind>archive</kind>
         <file>rtsv7M4_T_le_v4SPD16_eabi.lib</file>
         <name>ltoa.obj</name>
      </input_file>
      <input_file id="fl-105">
         <path>C:\ti\ccsv7\tools\compiler\ti-cgt-arm_16.9.4.LTS\lib\</path>
         <kind>archive</kind>
         <file>rtsv7M4_T_le_v4SPD16_eabi.lib</file>
         <name>memccpy.obj</name>
      </input_file>
      <input_file id="fl-106">
         <path>C:\ti\ccsv7\tools\compiler\ti-cgt-arm_16.9.4.LTS\lib\</path>
         <kind>archive</kind>
         <file>rtsv7M4_T_le_v4SPD16_eabi.lib</file>
         <name>s_frexp.obj</name>
      </input_file>
      <input_file id="fl-107">
         <path>C:\ti\ccsv7\tools\compiler\ti-cgt-arm_16.9.4.LTS\lib\</path>
         <kind>archive</kind>
         <file>rtsv7M4_T_le_v4SPD16_eabi.lib</file>
         <name>s_scalbn.obj</name>
      </input_file>
      <input_file id="fl-108">
         <path>C:\ti\ccsv7\tools\compiler\ti-cgt-arm_16.9.4.LTS\lib\</path>
         <kind>archive</kind>
         <file>rtsv7M4_T_le_v4SPD16_eabi.lib</file>
         <name>startup.obj</name>
      </input_file>
      <input_file id="fl-109">
         <path>C:\ti\ccsv7\tools\compiler\ti-cgt-arm_16.9.4.LTS\lib\</path>
         <kind>archive</kind>
         <file>rtsv7M4_T_le_v4SPD16_eabi.lib</file>
         <name>strchr.obj</name>
      </input_file>
      <input_file id="fl-10a">
         <path>C:\ti\ccsv7\tools\compiler\ti-cgt-arm_16.9.4.LTS\lib\</path>
         <kind>archive</kind>
         <file>rtsv7M4_T_le_v4SPD16_eabi.lib</file>
         <name>ull_div_t2.obj</name>
      </input_file>
      <input_file id="fl-10b">
         <path>C:\ti\ccsv7\tools\compiler\ti-cgt-arm_16.9.4.LTS\lib\</path>
         <kind>archive</kind>
         <file>rtsv7M4_T_le_v4SPD16_eabi.lib</file>
         <name>errno.obj</name>
      </input_file>
      <input_file id="fl-10c">
         <path>C:\ti\ccsv7\tools\compiler\ti-cgt-arm_16.9.4.LTS\lib\</path>
         <kind>archive</kind>
         <file>rtsv7M4_T_le_v4SPD16_eabi.lib</file>
         <name>s_copysign.obj</name>
      </input_file>
   </input_file_list>
   <object_component_list>
      <object_component id="oc-2c">
         <name>.intvecs:retain</name>
         <load_address>0x0</load_address>
         <run_address>0x0</run_address>
         <size>0xe4</size>
         <input_file_ref idref="fl-9"/>
      </object_component>
      <object_component id="oc-1f0">
         <name>.text</name>
         <load_address>0xe4</load_address>
         <run_address>0xe4</run_address>
         <size>0x113e</size>
         <input_file_ref idref="fl-fd"/>
      </object_component>
      <object_component id="oc-56">
         <name>.text</name>
         <load_address>0x1222</load_address>
         <run_address>0x1222</run_address>
         <size>0x2</size>
         <input_file_ref idref="fl-f6"/>
      </object_component>
      <object_component id="oc-2bb">
         <name>.text</name>
         <load_address>0x1224</load_address>
         <run_address>0x1224</run_address>
         <size>0x8a4</size>
         <input_file_ref idref="fl-2d"/>
      </object_component>
      <object_component id="oc-1cd">
         <name>.text</name>
         <load_address>0x1ac8</load_address>
         <run_address>0x1ac8</run_address>
         <size>0x678</size>
         <input_file_ref idref="fl-19"/>
      </object_component>
      <object_component id="oc-1d9">
         <name>.text</name>
         <load_address>0x2140</load_address>
         <run_address>0x2140</run_address>
         <size>0x630</size>
         <input_file_ref idref="fl-18"/>
      </object_component>
      <object_component id="oc-84">
         <name>.text</name>
         <load_address>0x2770</load_address>
         <run_address>0x2770</run_address>
         <size>0x4c8</size>
         <input_file_ref idref="fl-c"/>
      </object_component>
      <object_component id="oc-255">
         <name>.text</name>
         <load_address>0x2c38</load_address>
         <run_address>0x2c38</run_address>
         <size>0x490</size>
         <input_file_ref idref="fl-15"/>
      </object_component>
      <object_component id="oc-235">
         <name>.text</name>
         <load_address>0x30c8</load_address>
         <run_address>0x30c8</run_address>
         <size>0x480</size>
         <input_file_ref idref="fl-24"/>
      </object_component>
      <object_component id="oc-1c7">
         <name>.text</name>
         <load_address>0x3548</load_address>
         <run_address>0x3548</run_address>
         <size>0x3f0</size>
         <input_file_ref idref="fl-25"/>
      </object_component>
      <object_component id="oc-f8">
         <name>.text</name>
         <load_address>0x3938</load_address>
         <run_address>0x3938</run_address>
         <size>0x3d0</size>
         <input_file_ref idref="fl-f4"/>
      </object_component>
      <object_component id="oc-90">
         <name>.text</name>
         <load_address>0x3d08</load_address>
         <run_address>0x3d08</run_address>
         <size>0x340</size>
         <input_file_ref idref="fl-7"/>
      </object_component>
      <object_component id="oc-d6">
         <name>.text</name>
         <load_address>0x4048</load_address>
         <run_address>0x4048</run_address>
         <size>0x32c</size>
         <input_file_ref idref="fl-a"/>
      </object_component>
      <object_component id="oc-1d3">
         <name>.text</name>
         <load_address>0x4374</load_address>
         <run_address>0x4374</run_address>
         <size>0x266</size>
         <input_file_ref idref="fl-11"/>
      </object_component>
      <object_component id="oc-bb">
         <name>.text</name>
         <load_address>0x45da</load_address>
         <run_address>0x45da</run_address>
         <size>0x2</size>
         <input_file_ref idref="fl-108"/>
      </object_component>
      <object_component id="oc-c3">
         <name>.text</name>
         <load_address>0x45dc</load_address>
         <run_address>0x45dc</run_address>
         <size>0x21c</size>
         <input_file_ref idref="fl-8"/>
      </object_component>
      <object_component id="oc-8a">
         <name>.text</name>
         <load_address>0x47f8</load_address>
         <run_address>0x47f8</run_address>
         <size>0x218</size>
         <input_file_ref idref="fl-3"/>
      </object_component>
      <object_component id="oc-267">
         <name>.text</name>
         <load_address>0x4a10</load_address>
         <run_address>0x4a10</run_address>
         <size>0x1f4</size>
         <input_file_ref idref="fl-10a"/>
      </object_component>
      <object_component id="oc-14f">
         <name>.text</name>
         <load_address>0x4c04</load_address>
         <run_address>0x4c04</run_address>
         <size>0x1dc</size>
         <input_file_ref idref="fl-2"/>
      </object_component>
      <object_component id="oc-1bb">
         <name>.text</name>
         <load_address>0x4de0</load_address>
         <run_address>0x4de0</run_address>
         <size>0x1b6</size>
         <input_file_ref idref="fl-ee"/>
      </object_component>
      <object_component id="oc-10e">
         <name>.text</name>
         <load_address>0x4f96</load_address>
         <run_address>0x4f96</run_address>
         <size>0x136</size>
         <input_file_ref idref="fl-f0"/>
      </object_component>
      <object_component id="oc-24d">
         <name>.text</name>
         <load_address>0x50cc</load_address>
         <run_address>0x50cc</run_address>
         <size>0x134</size>
         <input_file_ref idref="fl-12"/>
      </object_component>
      <object_component id="oc-149">
         <name>.text</name>
         <load_address>0x5200</load_address>
         <run_address>0x5200</run_address>
         <size>0x118</size>
         <input_file_ref idref="fl-6"/>
      </object_component>
      <object_component id="oc-113">
         <name>.text</name>
         <load_address>0x5318</load_address>
         <run_address>0x5318</run_address>
         <size>0xfc</size>
         <input_file_ref idref="fl-f1"/>
      </object_component>
      <object_component id="oc-27d">
         <name>.text</name>
         <load_address>0x5414</load_address>
         <run_address>0x5414</run_address>
         <size>0xfc</size>
         <input_file_ref idref="fl-107"/>
      </object_component>
      <object_component id="oc-7e">
         <name>.text</name>
         <load_address>0x5510</load_address>
         <run_address>0x5510</run_address>
         <size>0xfc</size>
         <input_file_ref idref="fl-b"/>
      </object_component>
      <object_component id="oc-22f">
         <name>.text</name>
         <load_address>0x560c</load_address>
         <run_address>0x560c</run_address>
         <size>0xbc</size>
         <input_file_ref idref="fl-1a"/>
      </object_component>
      <object_component id="oc-3e">
         <name>.text</name>
         <load_address>0x56c8</load_address>
         <run_address>0x56c8</run_address>
         <size>0x9c</size>
         <input_file_ref idref="fl-f3"/>
      </object_component>
      <object_component id="oc-143">
         <name>.text</name>
         <load_address>0x5764</load_address>
         <run_address>0x5764</run_address>
         <size>0x94</size>
         <input_file_ref idref="fl-4"/>
      </object_component>
      <object_component id="oc-15b">
         <name>.text:__aeabi_cdcmple</name>
         <load_address>0x57f8</load_address>
         <run_address>0x57f8</run_address>
         <size>0x86</size>
         <input_file_ref idref="fl-ef"/>
      </object_component>
      <object_component id="oc-160">
         <name>.text:__aeabi_cdrcmple</name>
         <load_address>0x587e</load_address>
         <run_address>0x587e</run_address>
         <size>0x86</size>
         <input_file_ref idref="fl-ef"/>
      </object_component>
      <object_component id="oc-4a">
         <name>.text</name>
         <load_address>0x5904</load_address>
         <run_address>0x5904</run_address>
         <size>0x7a</size>
         <input_file_ref idref="fl-f5"/>
      </object_component>
      <object_component id="oc-155">
         <name>.text</name>
         <load_address>0x5980</load_address>
         <run_address>0x5980</run_address>
         <size>0x70</size>
         <input_file_ref idref="fl-1b"/>
      </object_component>
      <object_component id="oc-62">
         <name>.text</name>
         <load_address>0x59f0</load_address>
         <run_address>0x59f0</run_address>
         <size>0x70</size>
         <input_file_ref idref="fl-100"/>
      </object_component>
      <object_component id="oc-14">
         <name>.text:decompress:lzss</name>
         <load_address>0x5a60</load_address>
         <run_address>0x5a60</run_address>
         <size>0x68</size>
         <input_file_ref idref="fl-ea"/>
      </object_component>
      <object_component id="oc-277">
         <name>.text</name>
         <load_address>0x5ac8</load_address>
         <run_address>0x5ac8</run_address>
         <size>0x64</size>
         <input_file_ref idref="fl-106"/>
      </object_component>
      <object_component id="oc-165">
         <name>.text</name>
         <load_address>0x5b2c</load_address>
         <run_address>0x5b2c</run_address>
         <size>0x60</size>
         <input_file_ref idref="fl-f8"/>
      </object_component>
      <object_component id="oc-26">
         <name>.text</name>
         <load_address>0x5b8c</load_address>
         <run_address>0x5b8c</run_address>
         <size>0x54</size>
         <input_file_ref idref="fl-e9"/>
      </object_component>
      <object_component id="oc-6e">
         <name>.text</name>
         <load_address>0x5be0</load_address>
         <run_address>0x5be0</run_address>
         <size>0x54</size>
         <input_file_ref idref="fl-ed"/>
      </object_component>
      <object_component id="oc-271">
         <name>.text</name>
         <load_address>0x5c34</load_address>
         <run_address>0x5c34</run_address>
         <size>0x54</size>
         <input_file_ref idref="fl-104"/>
      </object_component>
      <object_component id="oc-289">
         <name>.text</name>
         <load_address>0x5c88</load_address>
         <run_address>0x5c88</run_address>
         <size>0x4c</size>
         <input_file_ref idref="fl-ff"/>
      </object_component>
      <object_component id="oc-b5">
         <name>.text</name>
         <load_address>0x5cd4</load_address>
         <run_address>0x5cd4</run_address>
         <size>0x4c</size>
         <input_file_ref idref="fl-101"/>
      </object_component>
      <object_component id="oc-26c">
         <name>.text</name>
         <load_address>0x5d20</load_address>
         <run_address>0x5d20</run_address>
         <size>0x48</size>
         <input_file_ref idref="fl-103"/>
      </object_component>
      <object_component id="oc-212">
         <name>.text</name>
         <load_address>0x5d68</load_address>
         <run_address>0x5d68</run_address>
         <size>0x3e</size>
         <input_file_ref idref="fl-1e"/>
      </object_component>
      <object_component id="oc-109">
         <name>.text</name>
         <load_address>0x5da6</load_address>
         <run_address>0x5da6</run_address>
         <size>0x2e</size>
         <input_file_ref idref="fl-f2"/>
      </object_component>
      <object_component id="oc-13d">
         <name>.text</name>
         <load_address>0x5dd4</load_address>
         <run_address>0x5dd4</run_address>
         <size>0x24</size>
         <input_file_ref idref="fl-5"/>
      </object_component>
      <object_component id="oc-104">
         <name>.text</name>
         <load_address>0x5df8</load_address>
         <run_address>0x5df8</run_address>
         <size>0x20</size>
         <input_file_ref idref="fl-fb"/>
      </object_component>
      <object_component id="oc-28f">
         <name>.text</name>
         <load_address>0x5e18</load_address>
         <run_address>0x5e18</run_address>
         <size>0x1c</size>
         <input_file_ref idref="fl-105"/>
      </object_component>
      <object_component id="oc-68">
         <name>.text</name>
         <load_address>0x5e34</load_address>
         <run_address>0x5e34</run_address>
         <size>0x18</size>
         <input_file_ref idref="fl-fe"/>
      </object_component>
      <object_component id="oc-283">
         <name>.text</name>
         <load_address>0x5e4c</load_address>
         <run_address>0x5e4c</run_address>
         <size>0x16</size>
         <input_file_ref idref="fl-109"/>
      </object_component>
      <object_component id="oc-17b">
         <name>.text</name>
         <load_address>0x5e64</load_address>
         <run_address>0x5e64</run_address>
         <size>0x14</size>
         <input_file_ref idref="fl-fc"/>
      </object_component>
      <object_component id="oc-2f2">
         <name>.text</name>
         <load_address>0x5e78</load_address>
         <run_address>0x5e78</run_address>
         <size>0x14</size>
         <input_file_ref idref="fl-10c"/>
      </object_component>
      <object_component id="oc-f2">
         <name>.text</name>
         <load_address>0x5e8c</load_address>
         <run_address>0x5e8c</run_address>
         <size>0x14</size>
         <input_file_ref idref="fl-fa"/>
      </object_component>
      <object_component id="oc-1a">
         <name>.text:decompress:none</name>
         <load_address>0x5ea0</load_address>
         <run_address>0x5ea0</run_address>
         <size>0xe</size>
         <input_file_ref idref="fl-eb"/>
      </object_component>
      <object_component id="oc-78">
         <name>.text</name>
         <load_address>0x5eae</load_address>
         <run_address>0x5eae</run_address>
         <size>0xe</size>
         <input_file_ref idref="fl-9"/>
      </object_component>
      <object_component id="oc-20">
         <name>.text:decompress:ZI</name>
         <load_address>0x5ebc</load_address>
         <run_address>0x5ebc</run_address>
         <size>0xc</size>
         <input_file_ref idref="fl-ec"/>
      </object_component>
      <object_component id="oc-5c">
         <name>.text</name>
         <load_address>0x5ec8</load_address>
         <run_address>0x5ec8</run_address>
         <size>0x4</size>
         <input_file_ref idref="fl-f7"/>
      </object_component>
      <object_component id="oc-261">
         <name>.const:.string:g_pucFontFixed6x8Data</name>
         <load_address>0x5ecc</load_address>
         <run_address>0x5ecc</run_address>
         <size>0x2f8</size>
         <input_file_ref idref="fl-d"/>
      </object_component>
      <object_component id="oc-2ff">
         <name>.const:.string:_ctypes_</name>
         <load_address>0x61c4</load_address>
         <run_address>0x61c4</run_address>
         <size>0x101</size>
         <input_file_ref idref="fl-102"/>
      </object_component>
      <object_component id="oc-1e5">
         <name>.const:g_sFontFixed6x8</name>
         <load_address>0x62c8</load_address>
         <run_address>0x62c8</run_address>
         <size>0xc8</size>
         <input_file_ref idref="fl-d"/>
      </object_component>
      <object_component id="oc-21e">
         <name>.const:g_pulRegs</name>
         <load_address>0x6390</load_address>
         <run_address>0x6390</run_address>
         <size>0x50</size>
         <input_file_ref idref="fl-25"/>
      </object_component>
      <object_component id="oc-1e2">
         <name>.const:g_sCrystalfontz128x128</name>
         <load_address>0x63e0</load_address>
         <run_address>0x63e0</run_address>
         <size>0x2c</size>
         <input_file_ref idref="fl-19"/>
      </object_component>
      <object_component id="oc-21b">
         <name>.const:g_pulPriority</name>
         <load_address>0x640c</load_address>
         <run_address>0x640c</run_address>
         <size>0x20</size>
         <input_file_ref idref="fl-25"/>
      </object_component>
      <object_component id="oc-2c1">
         <name>.const:$P$T0$1</name>
         <load_address>0x642c</load_address>
         <run_address>0x642c</run_address>
         <size>0x1c</size>
         <input_file_ref idref="fl-1a"/>
      </object_component>
      <object_component id="oc-2cd">
         <name>.const:GPIO_PORT_TO_INT</name>
         <load_address>0x6448</load_address>
         <run_address>0x6448</run_address>
         <size>0x1c</size>
         <input_file_ref idref="fl-24"/>
      </object_component>
      <object_component id="oc-244">
         <name>.const:$P$T0$1</name>
         <load_address>0x6464</load_address>
         <run_address>0x6464</run_address>
         <size>0x8</size>
         <input_file_ref idref="fl-19"/>
      </object_component>
      <object_component id="oc-224">
         <name>.const:g_pulDisRegs</name>
         <load_address>0x646c</load_address>
         <run_address>0x646c</run_address>
         <size>0x8</size>
         <input_file_ref idref="fl-25"/>
      </object_component>
      <object_component id="oc-221">
         <name>.const:g_pulEnRegs</name>
         <load_address>0x6474</load_address>
         <run_address>0x6474</run_address>
         <size>0x8</size>
         <input_file_ref idref="fl-25"/>
      </object_component>
      <object_component id="oc-227">
         <name>.const:g_pulPendRegs</name>
         <load_address>0x647c</load_address>
         <run_address>0x647c</run_address>
         <size>0x8</size>
         <input_file_ref idref="fl-25"/>
      </object_component>
      <object_component id="oc-22a">
         <name>.const:g_pulUnpendRegs</name>
         <load_address>0x6484</load_address>
         <run_address>0x6484</run_address>
         <size>0x8</size>
         <input_file_ref idref="fl-25"/>
      </object_component>
      <object_component id="oc-35c">
         <name>.cinit..data.load</name>
         <load_address>0x6490</load_address>
         <run_address>0x6490</run_address>
         <size>0x58</size>
      </object_component>
      <object_component id="oc-359">
         <name>__TI_handler_table</name>
         <load_address>0x64e8</load_address>
         <run_address>0x64e8</run_address>
         <size>0xc</size>
      </object_component>
      <object_component id="oc-35d">
         <name>.cinit..bss.load</name>
         <load_address>0x64f8</load_address>
         <run_address>0x64f8</run_address>
         <size>0x8</size>
      </object_component>
      <object_component id="oc-35b">
         <name>.cinit..vtable.load</name>
         <load_address>0x6500</load_address>
         <run_address>0x6500</run_address>
         <size>0x8</size>
      </object_component>
      <object_component id="oc-35a">
         <name>__TI_cinit_table</name>
         <load_address>0x6508</load_address>
         <run_address>0x6508</run_address>
         <size>0x18</size>
      </object_component>
      <object_component id="oc-336">
         <name>.binit</name>
         <load_address>0x0</load_address>
         <run_address>0x0</run_address>
         <size>0x0</size>
      </object_component>
      <object_component id="oc-218">
         <name>.vtable</name>
         <uninitialized>true</uninitialized>
         <run_address>0x20000000</run_address>
         <size>0xe4</size>
         <input_file_ref idref="fl-25"/>
      </object_component>
      <object_component id="oc-1c3">
         <name>.data</name>
         <load_address>0x200006a8</load_address>
         <run_address>0x200006a8</run_address>
         <size>0x10</size>
         <input_file_ref idref="fl-2"/>
      </object_component>
      <object_component id="oc-1b7">
         <name>.data</name>
         <load_address>0x20000690</load_address>
         <run_address>0x20000690</run_address>
         <size>0x14</size>
         <input_file_ref idref="fl-6"/>
      </object_component>
      <object_component id="oc-16b">
         <name>.data</name>
         <load_address>0x20000670</load_address>
         <run_address>0x20000670</run_address>
         <size>0x1c</size>
         <input_file_ref idref="fl-8"/>
      </object_component>
      <object_component id="oc-187">
         <name>.data</name>
         <load_address>0x200006d8</load_address>
         <run_address>0x200006d8</run_address>
         <size>0x4</size>
         <input_file_ref idref="fl-a"/>
      </object_component>
      <object_component id="oc-2ca">
         <name>.data:GPIO_PORT_TO_BASE</name>
         <load_address>0x20000640</load_address>
         <run_address>0x20000640</run_address>
         <size>0x30</size>
         <input_file_ref idref="fl-24"/>
      </object_component>
      <object_component id="oc-cb">
         <name>.data:$O1$$</name>
         <load_address>0x200006b8</load_address>
         <run_address>0x200006b8</run_address>
         <size>0xc</size>
         <input_file_ref idref="fl-ed"/>
      </object_component>
      <object_component id="oc-198">
         <name>.data:$O1$$</name>
         <load_address>0x200006c4</load_address>
         <run_address>0x200006c4</run_address>
         <size>0xc</size>
         <input_file_ref idref="fl-f4"/>
      </object_component>
      <object_component id="oc-74">
         <name>.data</name>
         <load_address>0x200006a4</load_address>
         <run_address>0x200006a4</run_address>
         <size>0x4</size>
         <input_file_ref idref="fl-f9"/>
      </object_component>
      <object_component id="oc-ce">
         <name>.data:$O1$$</name>
         <load_address>0x200006d0</load_address>
         <run_address>0x200006d0</run_address>
         <size>0x8</size>
         <input_file_ref idref="fl-fc"/>
      </object_component>
      <object_component id="oc-2f8">
         <name>.data</name>
         <load_address>0x2000068c</load_address>
         <run_address>0x2000068c</run_address>
         <size>0x4</size>
         <input_file_ref idref="fl-10b"/>
      </object_component>
      <object_component id="oc-1c0">
         <name>.common:_xchan</name>
         <uninitialized>true</uninitialized>
         <run_address>0x20000637</run_address>
         <size>0x1</size>
      </object_component>
      <object_component id="oc-1c1">
         <name>.common:_ychan</name>
         <uninitialized>true</uninitialized>
         <run_address>0x20000638</run_address>
         <size>0x1</size>
      </object_component>
      <object_component id="oc-1c2">
         <name>.common:_zchan</name>
         <uninitialized>true</uninitialized>
         <run_address>0x20000639</run_address>
         <size>0x1</size>
      </object_component>
      <object_component id="oc-11b">
         <name>.common:_nadc</name>
         <uninitialized>true</uninitialized>
         <run_address>0x200005c8</run_address>
         <size>0x40</size>
      </object_component>
      <object_component id="oc-118">
         <name>.common:_eos</name>
         <uninitialized>true</uninitialized>
         <run_address>0x20000636</run_address>
         <size>0x1</size>
      </object_component>
      <object_component id="oc-dd">
         <name>.common:interruptHandlers</name>
         <uninitialized>true</uninitialized>
         <run_address>0x200004e8</run_address>
         <size>0xe0</size>
      </object_component>
      <object_component id="oc-16e">
         <name>.common:dir</name>
         <uninitialized>true</uninitialized>
         <run_address>0x2000063a</run_address>
         <size>0x1</size>
      </object_component>
      <object_component id="oc-fe">
         <name>.common:tx</name>
         <uninitialized>true</uninitialized>
         <run_address>0x20000628</run_address>
         <size>0x4</size>
      </object_component>
      <object_component id="oc-101">
         <name>.common:rx</name>
         <uninitialized>true</uninitialized>
         <run_address>0x20000624</run_address>
         <size>0x4</size>
      </object_component>
      <object_component id="oc-102">
         <name>.common:ready</name>
         <uninitialized>true</uninitialized>
         <run_address>0x2000063b</run_address>
         <size>0x1</size>
      </object_component>
      <object_component id="oc-243">
         <name>.common:Lcd_Orientation</name>
         <uninitialized>true</uninitialized>
         <run_address>0x20000634</run_address>
         <size>0x1</size>
      </object_component>
      <object_component id="oc-23b">
         <name>.common:Lcd_ScreenWidth</name>
         <uninitialized>true</uninitialized>
         <run_address>0x2000062e</run_address>
         <size>0x2</size>
      </object_component>
      <object_component id="oc-23e">
         <name>.common:Lcd_ScreenHeigth</name>
         <uninitialized>true</uninitialized>
         <run_address>0x2000062c</run_address>
         <size>0x2</size>
      </object_component>
      <object_component id="oc-23f">
         <name>.common:Lcd_PenSolid</name>
         <uninitialized>true</uninitialized>
         <run_address>0x20000635</run_address>
         <size>0x1</size>
      </object_component>
      <object_component id="oc-240">
         <name>.common:Lcd_FontSolid</name>
         <uninitialized>true</uninitialized>
         <run_address>0x20000633</run_address>
         <size>0x1</size>
      </object_component>
      <object_component id="oc-241">
         <name>.common:Lcd_FlagRead</name>
         <uninitialized>true</uninitialized>
         <run_address>0x20000632</run_address>
         <size>0x1</size>
      </object_component>
      <object_component id="oc-242">
         <name>.common:Lcd_TouchTrim</name>
         <uninitialized>true</uninitialized>
         <run_address>0x20000630</run_address>
         <size>0x2</size>
      </object_component>
      <object_component id="oc-1df">
         <name>.common:g_sContext</name>
         <uninitialized>true</uninitialized>
         <run_address>0x20000608</run_address>
         <size>0x1c</size>
      </object_component>
      <object_component id="oc-30">
         <name>.sysmem</name>
         <uninitialized>true</uninitialized>
         <run_address>0x200000e8</run_address>
         <size>0x8</size>
         <input_file_ref idref="fl-f4"/>
      </object_component>
      <object_component id="oc-35f">
         <name>.sysmem</name>
         <uninitialized>true</uninitialized>
         <run_address>0x200000e8</run_address>
         <size>0x0</size>
      </object_component>
      <object_component id="oc-2f">
         <name>.stack</name>
         <uninitialized>true</uninitialized>
         <run_address>0x2000fe00</run_address>
         <size>0x0</size>
         <input_file_ref idref="fl-e9"/>
      </object_component>
      <object_component id="oc-35e">
         <name>.stack</name>
         <uninitialized>true</uninitialized>
         <run_address>0x2000fe00</run_address>
         <size>0x0</size>
      </object_component>
      <object_component id="oc-194">
         <name>.debug_info</name>
         <load_address>0x0</load_address>
         <run_address>0x0</run_address>
         <size>0x66d</size>
         <input_file_ref idref="fl-2"/>
      </object_component>
      <object_component id="oc-1c4">
         <name>.debug_info</name>
         <load_address>0x66d</load_address>
         <run_address>0x66d</run_address>
         <size>0xff</size>
         <input_file_ref idref="fl-2"/>
      </object_component>
      <object_component id="oc-150">
         <name>.debug_info</name>
         <load_address>0x76c</load_address>
         <run_address>0x76c</run_address>
         <size>0x4c7</size>
         <input_file_ref idref="fl-2"/>
      </object_component>
      <object_component id="oc-ed">
         <name>.debug_info</name>
         <load_address>0xc33</load_address>
         <run_address>0xc33</run_address>
         <size>0x37cd</size>
         <input_file_ref idref="fl-2"/>
      </object_component>
      <object_component id="oc-18d">
         <name>.debug_info</name>
         <load_address>0x4400</load_address>
         <run_address>0x4400</run_address>
         <size>0x1055</size>
         <input_file_ref idref="fl-2"/>
      </object_component>
      <object_component id="oc-39">
         <name>.debug_info</name>
         <load_address>0x5455</load_address>
         <run_address>0x5455</run_address>
         <size>0x84</size>
         <input_file_ref idref="fl-2"/>
      </object_component>
      <object_component id="oc-e8">
         <name>.debug_info</name>
         <load_address>0x54d9</load_address>
         <run_address>0x54d9</run_address>
         <size>0x2c</size>
         <input_file_ref idref="fl-2"/>
      </object_component>
      <object_component id="oc-e3">
         <name>.debug_info</name>
         <load_address>0x5505</load_address>
         <run_address>0x5505</run_address>
         <size>0x18b</size>
         <input_file_ref idref="fl-2"/>
      </object_component>
      <object_component id="oc-119">
         <name>.debug_info</name>
         <load_address>0x5690</load_address>
         <run_address>0x5690</run_address>
         <size>0x559</size>
         <input_file_ref idref="fl-3"/>
      </object_component>
      <object_component id="oc-8b">
         <name>.debug_info</name>
         <load_address>0x5be9</load_address>
         <run_address>0x5be9</run_address>
         <size>0x4fb</size>
         <input_file_ref idref="fl-3"/>
      </object_component>
      <object_component id="oc-145">
         <name>.debug_info</name>
         <load_address>0x60e4</load_address>
         <run_address>0x60e4</run_address>
         <size>0x21a</size>
         <input_file_ref idref="fl-4"/>
      </object_component>
      <object_component id="oc-13f">
         <name>.debug_info</name>
         <load_address>0x62fe</load_address>
         <run_address>0x62fe</run_address>
         <size>0x108</size>
         <input_file_ref idref="fl-5"/>
      </object_component>
      <object_component id="oc-20e">
         <name>.debug_info</name>
         <load_address>0x6406</load_address>
         <run_address>0x6406</run_address>
         <size>0x5a7</size>
         <input_file_ref idref="fl-6"/>
      </object_component>
      <object_component id="oc-1b8">
         <name>.debug_info</name>
         <load_address>0x69ad</load_address>
         <run_address>0x69ad</run_address>
         <size>0x13b</size>
         <input_file_ref idref="fl-6"/>
      </object_component>
      <object_component id="oc-14d">
         <name>.debug_info</name>
         <load_address>0x6ae8</load_address>
         <run_address>0x6ae8</run_address>
         <size>0x2fe</size>
         <input_file_ref idref="fl-6"/>
      </object_component>
      <object_component id="oc-de">
         <name>.debug_info</name>
         <load_address>0x6de6</load_address>
         <run_address>0x6de6</run_address>
         <size>0x598</size>
         <input_file_ref idref="fl-7"/>
      </object_component>
      <object_component id="oc-92">
         <name>.debug_info</name>
         <load_address>0x737e</load_address>
         <run_address>0x737e</run_address>
         <size>0x730</size>
         <input_file_ref idref="fl-7"/>
      </object_component>
      <object_component id="oc-16f">
         <name>.debug_info</name>
         <load_address>0x7aae</load_address>
         <run_address>0x7aae</run_address>
         <size>0x860</size>
         <input_file_ref idref="fl-8"/>
      </object_component>
      <object_component id="oc-16c">
         <name>.debug_info</name>
         <load_address>0x830e</load_address>
         <run_address>0x830e</run_address>
         <size>0x12a</size>
         <input_file_ref idref="fl-8"/>
      </object_component>
      <object_component id="oc-c7">
         <name>.debug_info</name>
         <load_address>0x8438</load_address>
         <run_address>0x8438</run_address>
         <size>0x365</size>
         <input_file_ref idref="fl-8"/>
      </object_component>
      <object_component id="oc-19e">
         <name>.debug_info</name>
         <load_address>0x879d</load_address>
         <run_address>0x879d</run_address>
         <size>0x9a</size>
         <input_file_ref idref="fl-8"/>
      </object_component>
      <object_component id="oc-1f8">
         <name>.debug_info</name>
         <load_address>0x8837</load_address>
         <run_address>0x8837</run_address>
         <size>0x4e</size>
         <input_file_ref idref="fl-8"/>
      </object_component>
      <object_component id="oc-98">
         <name>.debug_info</name>
         <load_address>0x8885</load_address>
         <run_address>0x8885</run_address>
         <size>0x2b8</size>
         <input_file_ref idref="fl-9"/>
      </object_component>
      <object_component id="oc-2d">
         <name>.debug_info</name>
         <load_address>0x8b3d</load_address>
         <run_address>0x8b3d</run_address>
         <size>0xf6</size>
         <input_file_ref idref="fl-9"/>
      </object_component>
      <object_component id="oc-79">
         <name>.debug_info</name>
         <load_address>0x8c33</load_address>
         <run_address>0x8c33</run_address>
         <size>0x1bd</size>
         <input_file_ref idref="fl-9"/>
      </object_component>
      <object_component id="oc-188">
         <name>.debug_info</name>
         <load_address>0x8df0</load_address>
         <run_address>0x8df0</run_address>
         <size>0xef</size>
         <input_file_ref idref="fl-a"/>
      </object_component>
      <object_component id="oc-d9">
         <name>.debug_info</name>
         <load_address>0x8edf</load_address>
         <run_address>0x8edf</run_address>
         <size>0x261</size>
         <input_file_ref idref="fl-a"/>
      </object_component>
      <object_component id="oc-e0">
         <name>.debug_info</name>
         <load_address>0x9140</load_address>
         <run_address>0x9140</run_address>
         <size>0x562</size>
         <input_file_ref idref="fl-b"/>
      </object_component>
      <object_component id="oc-81">
         <name>.debug_info</name>
         <load_address>0x96a2</load_address>
         <run_address>0x96a2</run_address>
         <size>0x39b</size>
         <input_file_ref idref="fl-b"/>
      </object_component>
      <object_component id="oc-ff">
         <name>.debug_info</name>
         <load_address>0x9a3d</load_address>
         <run_address>0x9a3d</run_address>
         <size>0x5f5</size>
         <input_file_ref idref="fl-c"/>
      </object_component>
      <object_component id="oc-85">
         <name>.debug_info</name>
         <load_address>0xa032</load_address>
         <run_address>0xa032</run_address>
         <size>0xafd</size>
         <input_file_ref idref="fl-c"/>
      </object_component>
      <object_component id="oc-ac">
         <name>.debug_info</name>
         <load_address>0xab2f</load_address>
         <run_address>0xab2f</run_address>
         <size>0x2c</size>
         <input_file_ref idref="fl-c"/>
      </object_component>
      <object_component id="oc-266">
         <name>.debug_info</name>
         <load_address>0xab5b</load_address>
         <run_address>0xab5b</run_address>
         <size>0x208</size>
         <input_file_ref idref="fl-d"/>
      </object_component>
      <object_component id="oc-262">
         <name>.debug_info</name>
         <load_address>0xad63</load_address>
         <run_address>0xad63</run_address>
         <size>0x100</size>
         <input_file_ref idref="fl-d"/>
      </object_component>
      <object_component id="oc-1e6">
         <name>.debug_info</name>
         <load_address>0xae63</load_address>
         <run_address>0xae63</run_address>
         <size>0xf5</size>
         <input_file_ref idref="fl-d"/>
      </object_component>
      <object_component id="oc-248">
         <name>.debug_info</name>
         <load_address>0xaf58</load_address>
         <run_address>0xaf58</run_address>
         <size>0x40a</size>
         <input_file_ref idref="fl-d"/>
      </object_component>
      <object_component id="oc-1e9">
         <name>.debug_info</name>
         <load_address>0xb362</load_address>
         <run_address>0xb362</run_address>
         <size>0x8b</size>
         <input_file_ref idref="fl-e"/>
      </object_component>
      <object_component id="oc-254">
         <name>.debug_info</name>
         <load_address>0xb3ed</load_address>
         <run_address>0xb3ed</run_address>
         <size>0x4ed</size>
         <input_file_ref idref="fl-11"/>
      </object_component>
      <object_component id="oc-1d4">
         <name>.debug_info</name>
         <load_address>0xb8da</load_address>
         <run_address>0xb8da</run_address>
         <size>0xf20</size>
         <input_file_ref idref="fl-11"/>
      </object_component>
      <object_component id="oc-2dc">
         <name>.debug_info</name>
         <load_address>0xc7fa</load_address>
         <run_address>0xc7fa</run_address>
         <size>0x38d</size>
         <input_file_ref idref="fl-12"/>
      </object_component>
      <object_component id="oc-251">
         <name>.debug_info</name>
         <load_address>0xcb87</load_address>
         <run_address>0xcb87</run_address>
         <size>0x93d</size>
         <input_file_ref idref="fl-12"/>
      </object_component>
      <object_component id="oc-2e0">
         <name>.debug_info</name>
         <load_address>0xd4c4</load_address>
         <run_address>0xd4c4</run_address>
         <size>0x4cd</size>
         <input_file_ref idref="fl-15"/>
      </object_component>
      <object_component id="oc-256">
         <name>.debug_info</name>
         <load_address>0xd991</load_address>
         <run_address>0xd991</run_address>
         <size>0x7ac</size>
         <input_file_ref idref="fl-15"/>
      </object_component>
      <object_component id="oc-25c">
         <name>.debug_info</name>
         <load_address>0xe13d</load_address>
         <run_address>0xe13d</run_address>
         <size>0x44c</size>
         <input_file_ref idref="fl-18"/>
      </object_component>
      <object_component id="oc-1db">
         <name>.debug_info</name>
         <load_address>0xe589</load_address>
         <run_address>0xe589</run_address>
         <size>0xa1a</size>
         <input_file_ref idref="fl-18"/>
      </object_component>
      <object_component id="oc-23c">
         <name>.debug_info</name>
         <load_address>0xefa3</load_address>
         <run_address>0xefa3</run_address>
         <size>0x91d</size>
         <input_file_ref idref="fl-19"/>
      </object_component>
      <object_component id="oc-1e3">
         <name>.debug_info</name>
         <load_address>0xf8c0</load_address>
         <run_address>0xf8c0</run_address>
         <size>0x110</size>
         <input_file_ref idref="fl-19"/>
      </object_component>
      <object_component id="oc-245">
         <name>.debug_info</name>
         <load_address>0xf9d0</load_address>
         <run_address>0xf9d0</run_address>
         <size>0xf1</size>
         <input_file_ref idref="fl-19"/>
      </object_component>
      <object_component id="oc-1cf">
         <name>.debug_info</name>
         <load_address>0xfac1</load_address>
         <run_address>0xfac1</run_address>
         <size>0x15b1</size>
         <input_file_ref idref="fl-19"/>
      </object_component>
      <object_component id="oc-2d4">
         <name>.debug_info</name>
         <load_address>0x11072</load_address>
         <run_address>0x11072</run_address>
         <size>0x37cd</size>
         <input_file_ref idref="fl-19"/>
      </object_component>
      <object_component id="oc-2c5">
         <name>.debug_info</name>
         <load_address>0x1483f</load_address>
         <run_address>0x1483f</run_address>
         <size>0x131</size>
         <input_file_ref idref="fl-19"/>
      </object_component>
      <object_component id="oc-311">
         <name>.debug_info</name>
         <load_address>0x14970</load_address>
         <run_address>0x14970</run_address>
         <size>0x838</size>
         <input_file_ref idref="fl-1a"/>
      </object_component>
      <object_component id="oc-2c2">
         <name>.debug_info</name>
         <load_address>0x151a8</load_address>
         <run_address>0x151a8</run_address>
         <size>0x104</size>
         <input_file_ref idref="fl-1a"/>
      </object_component>
      <object_component id="oc-231">
         <name>.debug_info</name>
         <load_address>0x152ac</load_address>
         <run_address>0x152ac</run_address>
         <size>0x59e</size>
         <input_file_ref idref="fl-1a"/>
      </object_component>
      <object_component id="oc-1e0">
         <name>.debug_info</name>
         <load_address>0x1584a</load_address>
         <run_address>0x1584a</run_address>
         <size>0x984</size>
         <input_file_ref idref="fl-1b"/>
      </object_component>
      <object_component id="oc-156">
         <name>.debug_info</name>
         <load_address>0x161ce</load_address>
         <run_address>0x161ce</run_address>
         <size>0x328</size>
         <input_file_ref idref="fl-1b"/>
      </object_component>
      <object_component id="oc-214">
         <name>.debug_info</name>
         <load_address>0x164f6</load_address>
         <run_address>0x164f6</run_address>
         <size>0x3c5</size>
         <input_file_ref idref="fl-1e"/>
      </object_component>
      <object_component id="oc-2d1">
         <name>.debug_info</name>
         <load_address>0x168bb</load_address>
         <run_address>0x168bb</run_address>
         <size>0x67b</size>
         <input_file_ref idref="fl-24"/>
      </object_component>
      <object_component id="oc-2ce">
         <name>.debug_info</name>
         <load_address>0x16f36</load_address>
         <run_address>0x16f36</run_address>
         <size>0xf7</size>
         <input_file_ref idref="fl-24"/>
      </object_component>
      <object_component id="oc-2cb">
         <name>.debug_info</name>
         <load_address>0x1702d</load_address>
         <run_address>0x1702d</run_address>
         <size>0xf9</size>
         <input_file_ref idref="fl-24"/>
      </object_component>
      <object_component id="oc-236">
         <name>.debug_info</name>
         <load_address>0x17126</load_address>
         <run_address>0x17126</run_address>
         <size>0x19fa</size>
         <input_file_ref idref="fl-24"/>
      </object_component>
      <object_component id="oc-22e">
         <name>.debug_info</name>
         <load_address>0x18b20</load_address>
         <run_address>0x18b20</run_address>
         <size>0x609</size>
         <input_file_ref idref="fl-25"/>
      </object_component>
      <object_component id="oc-21c">
         <name>.debug_info</name>
         <load_address>0x19129</load_address>
         <run_address>0x19129</run_address>
         <size>0xf6</size>
         <input_file_ref idref="fl-25"/>
      </object_component>
      <object_component id="oc-21f">
         <name>.debug_info</name>
         <load_address>0x1921f</load_address>
         <run_address>0x1921f</run_address>
         <size>0xee</size>
         <input_file_ref idref="fl-25"/>
      </object_component>
      <object_component id="oc-222">
         <name>.debug_info</name>
         <load_address>0x1930d</load_address>
         <run_address>0x1930d</run_address>
         <size>0xf2</size>
         <input_file_ref idref="fl-25"/>
      </object_component>
      <object_component id="oc-225">
         <name>.debug_info</name>
         <load_address>0x193ff</load_address>
         <run_address>0x193ff</run_address>
         <size>0xf4</size>
         <input_file_ref idref="fl-25"/>
      </object_component>
      <object_component id="oc-228">
         <name>.debug_info</name>
         <load_address>0x194f3</load_address>
         <run_address>0x194f3</run_address>
         <size>0xf6</size>
         <input_file_ref idref="fl-25"/>
      </object_component>
      <object_component id="oc-22b">
         <name>.debug_info</name>
         <load_address>0x195e9</load_address>
         <run_address>0x195e9</run_address>
         <size>0xfa</size>
         <input_file_ref idref="fl-25"/>
      </object_component>
      <object_component id="oc-219">
         <name>.debug_info</name>
         <load_address>0x196e3</load_address>
         <run_address>0x196e3</run_address>
         <size>0xfb</size>
         <input_file_ref idref="fl-25"/>
      </object_component>
      <object_component id="oc-1c8">
         <name>.debug_info</name>
         <load_address>0x197de</load_address>
         <run_address>0x197de</run_address>
         <size>0x119e</size>
         <input_file_ref idref="fl-25"/>
      </object_component>
      <object_component id="oc-30e">
         <name>.debug_info</name>
         <load_address>0x1a97c</load_address>
         <run_address>0x1a97c</run_address>
         <size>0x66f</size>
         <input_file_ref idref="fl-2d"/>
      </object_component>
      <object_component id="oc-2bc">
         <name>.debug_info</name>
         <load_address>0x1afeb</load_address>
         <run_address>0x1afeb</run_address>
         <size>0x3d66</size>
         <input_file_ref idref="fl-2d"/>
      </object_component>
      <object_component id="oc-29">
         <name>.debug_info</name>
         <load_address>0x1ed51</load_address>
         <run_address>0x1ed51</run_address>
         <size>0x160</size>
         <input_file_ref idref="fl-e9"/>
      </object_component>
      <object_component id="oc-a2">
         <name>.debug_info</name>
         <load_address>0x1eeb1</load_address>
         <run_address>0x1eeb1</run_address>
         <size>0x293</size>
         <input_file_ref idref="fl-ea"/>
      </object_component>
      <object_component id="oc-16">
         <name>.debug_info</name>
         <load_address>0x1f144</load_address>
         <run_address>0x1f144</run_address>
         <size>0x245</size>
         <input_file_ref idref="fl-ea"/>
      </object_component>
      <object_component id="oc-34">
         <name>.debug_info</name>
         <load_address>0x1f389</load_address>
         <run_address>0x1f389</run_address>
         <size>0x60</size>
         <input_file_ref idref="fl-ea"/>
      </object_component>
      <object_component id="oc-9d">
         <name>.debug_info</name>
         <load_address>0x1f3e9</load_address>
         <run_address>0x1f3e9</run_address>
         <size>0x46</size>
         <input_file_ref idref="fl-ea"/>
      </object_component>
      <object_component id="oc-49">
         <name>.debug_info</name>
         <load_address>0x1f42f</load_address>
         <run_address>0x1f42f</run_address>
         <size>0x2da</size>
         <input_file_ref idref="fl-eb"/>
      </object_component>
      <object_component id="oc-1c">
         <name>.debug_info</name>
         <load_address>0x1f709</load_address>
         <run_address>0x1f709</run_address>
         <size>0x1df</size>
         <input_file_ref idref="fl-eb"/>
      </object_component>
      <object_component id="oc-44">
         <name>.debug_info</name>
         <load_address>0x1f8e8</load_address>
         <run_address>0x1f8e8</run_address>
         <size>0x46</size>
         <input_file_ref idref="fl-eb"/>
      </object_component>
      <object_component id="oc-a4">
         <name>.debug_info</name>
         <load_address>0x1f92e</load_address>
         <run_address>0x1f92e</run_address>
         <size>0x2c</size>
         <input_file_ref idref="fl-eb"/>
      </object_component>
      <object_component id="oc-55">
         <name>.debug_info</name>
         <load_address>0x1f95a</load_address>
         <run_address>0x1f95a</run_address>
         <size>0x2c9</size>
         <input_file_ref idref="fl-ec"/>
      </object_component>
      <object_component id="oc-24">
         <name>.debug_info</name>
         <load_address>0x1fc23</load_address>
         <run_address>0x1fc23</run_address>
         <size>0x1aa</size>
         <input_file_ref idref="fl-ec"/>
      </object_component>
      <object_component id="oc-50">
         <name>.debug_info</name>
         <load_address>0x1fdcd</load_address>
         <run_address>0x1fdcd</run_address>
         <size>0x46</size>
         <input_file_ref idref="fl-ec"/>
      </object_component>
      <object_component id="oc-d2">
         <name>.debug_info</name>
         <load_address>0x1fe13</load_address>
         <run_address>0x1fe13</run_address>
         <size>0x3ce</size>
         <input_file_ref idref="fl-ed"/>
      </object_component>
      <object_component id="oc-cc">
         <name>.debug_info</name>
         <load_address>0x201e1</load_address>
         <run_address>0x201e1</run_address>
         <size>0x185</size>
         <input_file_ref idref="fl-ed"/>
      </object_component>
      <object_component id="oc-6f">
         <name>.debug_info</name>
         <load_address>0x20366</load_address>
         <run_address>0x20366</run_address>
         <size>0x214</size>
         <input_file_ref idref="fl-ed"/>
      </object_component>
      <object_component id="oc-1bc">
         <name>.debug_info</name>
         <load_address>0x2057a</load_address>
         <run_address>0x2057a</run_address>
         <size>0x144</size>
         <input_file_ref idref="fl-ee"/>
      </object_component>
      <object_component id="oc-15c">
         <name>.debug_info</name>
         <load_address>0x206be</load_address>
         <run_address>0x206be</run_address>
         <size>0x120</size>
         <input_file_ref idref="fl-ef"/>
      </object_component>
      <object_component id="oc-162">
         <name>.debug_info</name>
         <load_address>0x207de</load_address>
         <run_address>0x207de</run_address>
         <size>0x122</size>
         <input_file_ref idref="fl-ef"/>
      </object_component>
      <object_component id="oc-111">
         <name>.debug_info</name>
         <load_address>0x20900</load_address>
         <run_address>0x20900</run_address>
         <size>0x132</size>
         <input_file_ref idref="fl-f0"/>
      </object_component>
      <object_component id="oc-116">
         <name>.debug_info</name>
         <load_address>0x20a32</load_address>
         <run_address>0x20a32</run_address>
         <size>0x132</size>
         <input_file_ref idref="fl-f1"/>
      </object_component>
      <object_component id="oc-10a">
         <name>.debug_info</name>
         <load_address>0x20b64</load_address>
         <run_address>0x20b64</run_address>
         <size>0x124</size>
         <input_file_ref idref="fl-f2"/>
      </object_component>
      <object_component id="oc-41">
         <name>.debug_info</name>
         <load_address>0x20c88</load_address>
         <run_address>0x20c88</run_address>
         <size>0x111</size>
         <input_file_ref idref="fl-f3"/>
      </object_component>
      <object_component id="oc-9b">
         <name>.debug_info</name>
         <load_address>0x20d99</load_address>
         <run_address>0x20d99</run_address>
         <size>0x3bc</size>
         <input_file_ref idref="fl-f4"/>
      </object_component>
      <object_component id="oc-31">
         <name>.debug_info</name>
         <load_address>0x21155</load_address>
         <run_address>0x21155</run_address>
         <size>0x101</size>
         <input_file_ref idref="fl-f4"/>
      </object_component>
      <object_component id="oc-199">
         <name>.debug_info</name>
         <load_address>0x21256</load_address>
         <run_address>0x21256</run_address>
         <size>0x14c</size>
         <input_file_ref idref="fl-f4"/>
      </object_component>
      <object_component id="oc-fb">
         <name>.debug_info</name>
         <load_address>0x213a2</load_address>
         <run_address>0x213a2</run_address>
         <size>0x885</size>
         <input_file_ref idref="fl-f4"/>
      </object_component>
      <object_component id="oc-122">
         <name>.debug_info</name>
         <load_address>0x21c27</load_address>
         <run_address>0x21c27</run_address>
         <size>0x2c</size>
         <input_file_ref idref="fl-f4"/>
      </object_component>
      <object_component id="oc-127">
         <name>.debug_info</name>
         <load_address>0x21c53</load_address>
         <run_address>0x21c53</run_address>
         <size>0x62</size>
         <input_file_ref idref="fl-f4"/>
      </object_component>
      <object_component id="oc-4b">
         <name>.debug_info</name>
         <load_address>0x21cb5</load_address>
         <run_address>0x21cb5</run_address>
         <size>0x13f</size>
         <input_file_ref idref="fl-f5"/>
      </object_component>
      <object_component id="oc-58">
         <name>.debug_info</name>
         <load_address>0x21df4</load_address>
         <run_address>0x21df4</run_address>
         <size>0x138</size>
         <input_file_ref idref="fl-f6"/>
      </object_component>
      <object_component id="oc-60">
         <name>.debug_info</name>
         <load_address>0x21f2c</load_address>
         <run_address>0x21f2c</run_address>
         <size>0x148</size>
         <input_file_ref idref="fl-f7"/>
      </object_component>
      <object_component id="oc-1f7">
         <name>.debug_info</name>
         <load_address>0x22074</load_address>
         <run_address>0x22074</run_address>
         <size>0x355</size>
         <input_file_ref idref="fl-f8"/>
      </object_component>
      <object_component id="oc-166">
         <name>.debug_info</name>
         <load_address>0x223c9</load_address>
         <run_address>0x223c9</run_address>
         <size>0x2e4</size>
         <input_file_ref idref="fl-f8"/>
      </object_component>
      <object_component id="oc-2a1">
         <name>.debug_info</name>
         <load_address>0x226ad</load_address>
         <run_address>0x226ad</run_address>
         <size>0x2c</size>
         <input_file_ref idref="fl-f8"/>
      </object_component>
      <object_component id="oc-75">
         <name>.debug_info</name>
         <load_address>0x226d9</load_address>
         <run_address>0x226d9</run_address>
         <size>0x109</size>
         <input_file_ref idref="fl-f9"/>
      </object_component>
      <object_component id="oc-197">
         <name>.debug_info</name>
         <load_address>0x227e2</load_address>
         <run_address>0x227e2</run_address>
         <size>0x284</size>
         <input_file_ref idref="fl-fa"/>
      </object_component>
      <object_component id="oc-f4">
         <name>.debug_info</name>
         <load_address>0x22a66</load_address>
         <run_address>0x22a66</run_address>
         <size>0x22a</size>
         <input_file_ref idref="fl-fa"/>
      </object_component>
      <object_component id="oc-105">
         <name>.debug_info</name>
         <load_address>0x22c90</load_address>
         <run_address>0x22c90</run_address>
         <size>0x126</size>
         <input_file_ref idref="fl-fb"/>
      </object_component>
      <object_component id="oc-183">
         <name>.debug_info</name>
         <load_address>0x22db6</load_address>
         <run_address>0x22db6</run_address>
         <size>0x2be</size>
         <input_file_ref idref="fl-fc"/>
      </object_component>
      <object_component id="oc-cf">
         <name>.debug_info</name>
         <load_address>0x23074</load_address>
         <run_address>0x23074</run_address>
         <size>0x113</size>
         <input_file_ref idref="fl-fc"/>
      </object_component>
      <object_component id="oc-17c">
         <name>.debug_info</name>
         <load_address>0x23187</load_address>
         <run_address>0x23187</run_address>
         <size>0x21f</size>
         <input_file_ref idref="fl-fc"/>
      </object_component>
      <object_component id="oc-296">
         <name>.debug_info</name>
         <load_address>0x233a6</load_address>
         <run_address>0x233a6</run_address>
         <size>0x51f</size>
         <input_file_ref idref="fl-fd"/>
      </object_component>
      <object_component id="oc-1f4">
         <name>.debug_info</name>
         <load_address>0x238c5</load_address>
         <run_address>0x238c5</run_address>
         <size>0x1543</size>
         <input_file_ref idref="fl-fd"/>
      </object_component>
      <object_component id="oc-297">
         <name>.debug_info</name>
         <load_address>0x24e08</load_address>
         <run_address>0x24e08</run_address>
         <size>0x86</size>
         <input_file_ref idref="fl-fd"/>
      </object_component>
      <object_component id="oc-308">
         <name>.debug_info</name>
         <load_address>0x24e8e</load_address>
         <run_address>0x24e8e</run_address>
         <size>0x46</size>
         <input_file_ref idref="fl-fd"/>
      </object_component>
      <object_component id="oc-29c">
         <name>.debug_info</name>
         <load_address>0x24ed4</load_address>
         <run_address>0x24ed4</run_address>
         <size>0x39</size>
         <input_file_ref idref="fl-fd"/>
      </object_component>
      <object_component id="oc-ca">
         <name>.debug_info</name>
         <load_address>0x24f0d</load_address>
         <run_address>0x24f0d</run_address>
         <size>0x300</size>
         <input_file_ref idref="fl-fe"/>
      </object_component>
      <object_component id="oc-69">
         <name>.debug_info</name>
         <load_address>0x2520d</load_address>
         <run_address>0x2520d</run_address>
         <size>0x167</size>
         <input_file_ref idref="fl-fe"/>
      </object_component>
      <object_component id="oc-174">
         <name>.debug_info</name>
         <load_address>0x25374</load_address>
         <run_address>0x25374</run_address>
         <size>0x5e</size>
         <input_file_ref idref="fl-fe"/>
      </object_component>
      <object_component id="oc-303">
         <name>.debug_info</name>
         <load_address>0x253d2</load_address>
         <run_address>0x253d2</run_address>
         <size>0x2ae</size>
         <input_file_ref idref="fl-ff"/>
      </object_component>
      <object_component id="oc-28a">
         <name>.debug_info</name>
         <load_address>0x25680</load_address>
         <run_address>0x25680</run_address>
         <size>0x171</size>
         <input_file_ref idref="fl-ff"/>
      </object_component>
      <object_component id="oc-c2">
         <name>.debug_info</name>
         <load_address>0x257f1</load_address>
         <run_address>0x257f1</run_address>
         <size>0x483</size>
         <input_file_ref idref="fl-100"/>
      </object_component>
      <object_component id="oc-65">
         <name>.debug_info</name>
         <load_address>0x25c74</load_address>
         <run_address>0x25c74</run_address>
         <size>0x190</size>
         <input_file_ref idref="fl-100"/>
      </object_component>
      <object_component id="oc-133">
         <name>.debug_info</name>
         <load_address>0x25e04</load_address>
         <run_address>0x25e04</run_address>
         <size>0x39</size>
         <input_file_ref idref="fl-100"/>
      </object_component>
      <object_component id="oc-1b0">
         <name>.debug_info</name>
         <load_address>0x25e3d</load_address>
         <run_address>0x25e3d</run_address>
         <size>0x39</size>
         <input_file_ref idref="fl-100"/>
      </object_component>
      <object_component id="oc-138">
         <name>.debug_info</name>
         <load_address>0x25e76</load_address>
         <run_address>0x25e76</run_address>
         <size>0xcd</size>
         <input_file_ref idref="fl-100"/>
      </object_component>
      <object_component id="oc-12f">
         <name>.debug_info</name>
         <load_address>0x25f43</load_address>
         <run_address>0x25f43</run_address>
         <size>0x37a</size>
         <input_file_ref idref="fl-101"/>
      </object_component>
      <object_component id="oc-b9">
         <name>.debug_info</name>
         <load_address>0x262bd</load_address>
         <run_address>0x262bd</run_address>
         <size>0x183</size>
         <input_file_ref idref="fl-101"/>
      </object_component>
      <object_component id="oc-1ab">
         <name>.debug_info</name>
         <load_address>0x26440</load_address>
         <run_address>0x26440</run_address>
         <size>0x2c</size>
         <input_file_ref idref="fl-101"/>
      </object_component>
      <object_component id="oc-329">
         <name>.debug_info</name>
         <load_address>0x2646c</load_address>
         <run_address>0x2646c</run_address>
         <size>0xee</size>
         <input_file_ref idref="fl-102"/>
      </object_component>
      <object_component id="oc-300">
         <name>.debug_info</name>
         <load_address>0x2655a</load_address>
         <run_address>0x2655a</run_address>
         <size>0xfa</size>
         <input_file_ref idref="fl-102"/>
      </object_component>
      <object_component id="oc-26d">
         <name>.debug_info</name>
         <load_address>0x26654</load_address>
         <run_address>0x26654</run_address>
         <size>0x126</size>
         <input_file_ref idref="fl-103"/>
      </object_component>
      <object_component id="oc-2ea">
         <name>.debug_info</name>
         <load_address>0x2677a</load_address>
         <run_address>0x2677a</run_address>
         <size>0x2e6</size>
         <input_file_ref idref="fl-104"/>
      </object_component>
      <object_component id="oc-273">
         <name>.debug_info</name>
         <load_address>0x26a60</load_address>
         <run_address>0x26a60</run_address>
         <size>0x1c2</size>
         <input_file_ref idref="fl-104"/>
      </object_component>
      <object_component id="oc-305">
         <name>.debug_info</name>
         <load_address>0x26c22</load_address>
         <run_address>0x26c22</run_address>
         <size>0x28b</size>
         <input_file_ref idref="fl-105"/>
      </object_component>
      <object_component id="oc-290">
         <name>.debug_info</name>
         <load_address>0x26ead</load_address>
         <run_address>0x26ead</run_address>
         <size>0x1ab</size>
         <input_file_ref idref="fl-105"/>
      </object_component>
      <object_component id="oc-2ec">
         <name>.debug_info</name>
         <load_address>0x27058</load_address>
         <run_address>0x27058</run_address>
         <size>0x2d9</size>
         <input_file_ref idref="fl-106"/>
      </object_component>
      <object_component id="oc-279">
         <name>.debug_info</name>
[...]
         <value>0x1417</value>
         <object_component_ref idref="oc-2bb"/>
      </symbol>
      <symbol id="sm-5f7">
         <name>SPI_getReceiveBufferAddressForDMA</name>
         <value>0x1491</value>
         <object_component_ref idref="oc-2bb"/>
      </symbol>
      <symbol id="sm-5f8">
         <name>SPI_getTransmitBufferAddressForDMA</name>
         <value>0x14ad</value>
         <object_component_ref idref="oc-2bb"/>
      </symbol>
      <symbol id="sm-5f9">
         <name>EUSCI_A_SPI_enable</name>
         <value>0x1a61</value>
         <object_component_ref idref="oc-2bb"/>
      </symbol>
      <symbol id="sm-5fa">
         <name>EUSCI_B_SPI_enableInterrupt</name>
         <value>0x182d</value>
         <object_component_ref idref="oc-2bb"/>
      </symbol>
      <symbol id="sm-5fb">
         <name>SPI_receiveData</name>
         <value>0x143d</value>
         <object_component_ref idref="oc-2bb"/>
      </symbol>
      <symbol id="sm-5fc">
         <name>EUSCI_A_SPI_getReceiveBufferAddressForDMA</name>
         <value>0x1a8d</value>
         <object_component_ref idref="oc-2bb"/>
      </symbol>
      <symbol id="sm-5fd">
         <name>SPI_getInterruptStatus</name>
         <value>0x1541</value>
         <object_component_ref idref="oc-2bb"/>
      </symbol>
      <symbol id="sm-5fe">
         <name>EUSCI_A_SPI_slaveInit</name>
         <value>0x1949</value>
         <object_component_ref idref="oc-2bb"/>
      </symbol>
      <symbol id="sm-5ff">
         <name>EUSCI_B_SPI_slaveInit</name>
         <value>0x177b</value>
         <object_component_ref idref="oc-2bb"/>
      </symbol>
      <symbol id="sm-600">
         <name>SPI_initMaster</name>
         <value>0x1255</value>
         <object_component_ref idref="oc-2bb"/>
      </symbol>
      <symbol id="sm-601">
         <name>SPI_getEnabledInterruptStatus</name>
         <value>0x1569</value>
         <object_component_ref idref="oc-2bb"/>
      </symbol>
      <symbol id="sm-602">
         <name>EUSCI_B_SPI_getTransmitBufferAddressForDMA</name>
         <value>0x18cd</value>
         <object_component_ref idref="oc-2bb"/>
      </symbol>
      <symbol id="sm-603">
         <name>EUSCI_A_SPI_disableInterrupt</name>
         <value>0x1a15</value>
         <object_component_ref idref="oc-2bb"/>
      </symbol>
      <symbol id="sm-604">
         <name>SPI_unregisterInterrupt</name>
         <value>0x167d</value>
         <object_component_ref idref="oc-2bb"/>
      </symbol>
      <symbol id="sm-605">
         <name>EUSCI_A_SPI_masterChangeClock</name>
         <value>0x1913</value>
         <object_component_ref idref="oc-2bb"/>
      </symbol>
      <symbol id="sm-606">
         <name>EUSCI_A_SPI_isBusy</name>
         <value>0x1aa9</value>
         <object_component_ref idref="oc-2bb"/>
      </symbol>
      <symbol id="sm-607">
         <name>SPI_enableInterrupt</name>
         <value>0x14f5</value>
         <object_component_ref idref="oc-2bb"/>
      </symbol>
      <symbol id="sm-608">
         <name>SPI_disableInterrupt</name>
         <value>0x151b</value>
         <object_component_ref idref="oc-2bb"/>
      </symbol>
      <symbol id="sm-61b">
         <name>_c_int00</name>
         <value>0x5b8d</value>
         <object_component_ref idref="oc-26"/>
      </symbol>
      <symbol id="sm-61c">
         <name>__stack</name>
         <value>0x2000fe00</value>
         <object_component_ref idref="oc-2f"/>
      </symbol>
      <symbol id="sm-63a">
         <name>__TI_decompress_lzss</name>
         <value>0x5a61</value>
         <object_component_ref idref="oc-14"/>
      </symbol>
      <symbol id="sm-651">
         <name>__TI_decompress_none</name>
         <value>0x5ea1</value>
         <object_component_ref idref="oc-1a"/>
      </symbol>
      <symbol id="sm-663">
         <name>__TI_zero_init</name>
         <value>0x5ebd</value>
         <object_component_ref idref="oc-20"/>
      </symbol>
      <symbol id="sm-684">
         <name>C$$EXIT</name>
         <value>0x5be1</value>
         <object_component_ref idref="oc-6e"/>
      </symbol>
      <symbol id="sm-685">
         <name>abort</name>
         <value>0x5be5</value>
         <object_component_ref idref="oc-6e"/>
      </symbol>
      <symbol id="sm-686">
         <name>exit</name>
         <value>0x5bed</value>
         <object_component_ref idref="oc-6e"/>
      </symbol>
      <symbol id="sm-687">
         <name>__TI_dtors_ptr</name>
         <value>0x200006bc</value>
         <object_component_ref idref="oc-cb"/>
      </symbol>
      <symbol id="sm-688">
         <name>__TI_cleanup_ptr</name>
         <value>0x200006b8</value>
         <object_component_ref idref="oc-cb"/>
      </symbol>
      <symbol id="sm-689">
         <name>__TI_enable_exit_profile_output</name>
         <value>0x200006c0</value>
         <object_component_ref idref="oc-cb"/>
      </symbol>
      <symbol id="sm-6a0">
         <name>__aeabi_dsub</name>
         <value>0x4de1</value>
         <object_component_ref idref="oc-1bb"/>
      </symbol>
      <symbol id="sm-6a1">
         <name>__aeabi_dadd</name>
         <value>0x4deb</value>
         <object_component_ref idref="oc-1bb"/>
      </symbol>
      <symbol id="sm-6c3">
         <name>__aeabi_cdcmpeq</name>
         <value>0x57f9</value>
         <object_component_ref idref="oc-15b"/>
      </symbol>
      <symbol id="sm-6c4">
         <name>__aeabi_cdcmple</name>
         <value>0x57f9</value>
         <object_component_ref idref="oc-15b"/>
      </symbol>
      <symbol id="sm-6c5">
         <name>__aeabi_cdrcmple</name>
         <value>0x587f</value>
         <object_component_ref idref="oc-160"/>
      </symbol>
      <symbol id="sm-6d9">
         <name>__aeabi_ddiv</name>
         <value>0x4f97</value>
         <object_component_ref idref="oc-10e"/>
      </symbol>
      <symbol id="sm-6e4">
         <name>__aeabi_dmul</name>
         <value>0x5319</value>
         <object_component_ref idref="oc-113"/>
      </symbol>
      <symbol id="sm-6ee">
         <name>__aeabi_i2d</name>
         <value>0x5da7</value>
         <object_component_ref idref="oc-109"/>
      </symbol>
      <symbol id="sm-709">
         <name>memcpy</name>
         <value>0x56c9</value>
         <object_component_ref idref="oc-3e"/>
      </symbol>
      <symbol id="sm-70a">
         <name>__aeabi_memcpy</name>
         <value>0x56c9</value>
         <object_component_ref idref="oc-3e"/>
      </symbol>
      <symbol id="sm-70b">
         <name>__aeabi_memcpy8</name>
         <value>0x56c9</value>
         <object_component_ref idref="oc-3e"/>
      </symbol>
      <symbol id="sm-70c">
         <name>__aeabi_memcpy4</name>
         <value>0x56c9</value>
         <object_component_ref idref="oc-3e"/>
      </symbol>
      <symbol id="sm-780">
         <name>_sys_memory</name>
         <value>0x200000e8</value>
         <object_component_ref idref="oc-30"/>
      </symbol>
      <symbol id="sm-781">
         <name>free</name>
         <value>0x3a23</value>
         <object_component_ref idref="oc-f8"/>
      </symbol>
      <symbol id="sm-782">
         <name>realloc</name>
         <value>0x3ae5</value>
         <object_component_ref idref="oc-f8"/>
      </symbol>
      <symbol id="sm-783">
         <name>memalign</name>
         <value>0x3bed</value>
         <object_component_ref idref="oc-f8"/>
      </symbol>
      <symbol id="sm-784">
         <name>calloc</name>
         <value>0x3cd9</value>
         <object_component_ref idref="oc-f8"/>
      </symbol>
      <symbol id="sm-785">
         <name>malloc</name>
         <value>0x39b9</value>
         <object_component_ref idref="oc-f8"/>
      </symbol>
      <symbol id="sm-786">
         <name>minit</name>
         <value>0x3939</value>
         <object_component_ref idref="oc-f8"/>
      </symbol>
      <symbol id="sm-795">
         <name>__aeabi_memset</name>
         <value>0x5907</value>
         <object_component_ref idref="oc-4a"/>
      </symbol>
      <symbol id="sm-796">
         <name>memset</name>
         <value>0x590d</value>
         <object_component_ref idref="oc-4a"/>
      </symbol>
      <symbol id="sm-797">
         <name>__aeabi_memset8</name>
         <value>0x5907</value>
         <object_component_ref idref="oc-4a"/>
      </symbol>
      <symbol id="sm-798">
         <name>__aeabi_memset4</name>
         <value>0x5907</value>
         <object_component_ref idref="oc-4a"/>
      </symbol>
      <symbol id="sm-799">
         <name>__aeabi_memclr8</name>
         <value>0x5905</value>
         <object_component_ref idref="oc-4a"/>
      </symbol>
      <symbol id="sm-79a">
         <name>__aeabi_memclr4</name>
         <value>0x5905</value>
         <object_component_ref idref="oc-4a"/>
      </symbol>
      <symbol id="sm-79b">
         <name>__aeabi_memclr</name>
         <value>0x5905</value>
         <object_component_ref idref="oc-4a"/>
      </symbol>
      <symbol id="sm-7a5">
         <name>__mpu_init</name>
         <value>0x1223</value>
         <object_component_ref idref="oc-56"/>
      </symbol>
      <symbol id="sm-7af">
         <name>_system_pre_init</name>
         <value>0x5ec9</value>
         <object_component_ref idref="oc-5c"/>
      </symbol>
      <symbol id="sm-7c8">
         <name>sprintf</name>
         <value>0x5b2d</value>
         <object_component_ref idref="oc-165"/>
      </symbol>
      <symbol id="sm-7d0">
         <name>main_func_sp</name>
         <value>0x200006a4</value>
         <object_component_ref idref="oc-74"/>
      </symbol>
      <symbol id="sm-7de">
         <name>strlen</name>
         <value>0x5e8d</value>
         <object_component_ref idref="oc-f2"/>
      </symbol>
      <symbol id="sm-7e8">
         <name>__aeabi_ui2d</name>
         <value>0x5df9</value>
         <object_component_ref idref="oc-104"/>
      </symbol>
      <symbol id="sm-801">
         <name>_nop</name>
         <value>0x5e73</value>
         <object_component_ref idref="oc-17b"/>
      </symbol>
      <symbol id="sm-802">
         <name>_lock</name>
         <value>0x200006d0</value>
         <object_component_ref idref="oc-ce"/>
      </symbol>
      <symbol id="sm-803">
         <name>_unlock</name>
         <value>0x200006d4</value>
         <object_component_ref idref="oc-ce"/>
      </symbol>
      <symbol id="sm-804">
         <name>_register_lock</name>
         <value>0x5e6b</value>
         <object_component_ref idref="oc-17b"/>
      </symbol>
      <symbol id="sm-805">
         <name>_register_unlock</name>
         <value>0x5e65</value>
         <object_component_ref idref="oc-17b"/>
      </symbol>
      <symbol id="sm-906">
         <name>__TI_printfi</name>
         <value>0x929</value>
         <object_component_ref idref="oc-1f0"/>
      </symbol>
      <symbol id="sm-91a">
         <name>_args_main</name>
         <value>0x5e35</value>
         <object_component_ref idref="oc-68"/>
      </symbol>
      <symbol id="sm-930">
         <name>atoi</name>
         <value>0x5c89</value>
         <object_component_ref idref="oc-289"/>
      </symbol>
      <symbol id="sm-95a">
         <name>__TI_auto_init</name>
         <value>0x59f1</value>
         <object_component_ref idref="oc-62"/>
      </symbol>
      <symbol id="sm-974">
         <name>copy_in</name>
         <value>0x5cd5</value>
         <object_component_ref idref="oc-b5"/>
      </symbol>
      <symbol id="sm-97f">
         <name>_ctypes_</name>
         <value>0x61c4</value>
         <object_component_ref idref="oc-2ff"/>
      </symbol>
      <symbol id="sm-989">
         <name>__aeabi_d2iz</name>
         <value>0x5d21</value>
         <object_component_ref idref="oc-26c"/>
      </symbol>
      <symbol id="sm-998">
         <name>ltoa</name>
         <value>0x5c35</value>
         <object_component_ref idref="oc-271"/>
      </symbol>
      <symbol id="sm-9a8">
         <name>memccpy</name>
         <value>0x5e19</value>
         <object_component_ref idref="oc-28f"/>
      </symbol>
      <symbol id="sm-9c3">
         <name>frexpl</name>
         <value>0x5ac9</value>
         <object_component_ref idref="oc-277"/>
      </symbol>
      <symbol id="sm-9c4">
         <name>frexp</name>
         <value>0x5ac9</value>
         <object_component_ref idref="oc-277"/>
      </symbol>
      <symbol id="sm-9e1">
         <name>scalbn</name>
         <value>0x5415</value>
         <object_component_ref idref="oc-27d"/>
      </symbol>
      <symbol id="sm-9e2">
         <name>scalbnl</name>
         <value>0x5415</value>
         <object_component_ref idref="oc-27d"/>
      </symbol>
      <symbol id="sm-9e3">
         <name>ldexpl</name>
         <value>0x5415</value>
         <object_component_ref idref="oc-27d"/>
      </symbol>
      <symbol id="sm-9e4">
         <name>ldexp</name>
         <value>0x5415</value>
         <object_component_ref idref="oc-27d"/>
      </symbol>
      <symbol id="sm-9ee">
         <name>_system_post_cinit</name>
         <value>0x45db</value>
         <object_component_ref idref="oc-bb"/>
      </symbol>
      <symbol id="sm-9fe">
         <name>strchr</name>
         <value>0x5e4d</value>
         <object_component_ref idref="oc-283"/>
      </symbol>
      <symbol id="sm-a1a">
         <name>__aeabi_uldivmod</name>
         <value>0x4a11</value>
         <object_component_ref idref="oc-267"/>
      </symbol>
      <symbol id="sm-a22">
         <name>errno</name>
         <value>0x2000068c</value>
         <object_component_ref idref="oc-2f8"/>
      </symbol>
      <symbol id="sm-a2c">
         <name>copysign</name>
         <value>0x5e79</value>
         <object_component_ref idref="oc-2f2"/>
      </symbol>
      <symbol id="sm-a2d">
         <name>copysignl</name>
         <value>0x5e79</value>
         <object_component_ref idref="oc-2f2"/>
      </symbol>
      <symbol id="sm-a2e">
         <name>__TI_static_base__</name>
         <value>0x0</value>
      </symbol>
      <symbol id="sm-a31">
         <name>SHT$$INIT_ARRAY$$Limit</name>
         <value>0x0</value>
      </symbol>
      <symbol id="sm-a32">
         <name>SHT$$INIT_ARRAY$$Base</name>
         <value>0x0</value>
      </symbol>
      <symbol id="sm-a33">
         <name>NMI_Handler</name>
         <value>0x5ebb</value>
      </symbol>
      <symbol id="sm-a34">
         <name>HardFault_Handler</name>
         <value>0x5ebb</value>
      </symbol>
      <symbol id="sm-a35">
         <name>MemManage_Handler</name>
         <value>0x5ebb</value>
      </symbol>
      <symbol id="sm-a36">
         <name>BusFault_Handler</name>
         <value>0x5ebb</value>
      </symbol>
      <symbol id="sm-a37">
         <name>UsageFault_Handler</name>
         <value>0x5ebb</value>
      </symbol>
      <symbol id="sm-a38">
         <name>SVC_Handler</name>
         <value>0x5ebb</value>
      </symbol>
      <symbol id="sm-a39">
         <name>DebugMon_Handler</name>
         <value>0x5ebb</value>
      </symbol>
      <symbol id="sm-a3a">
         <name>PendSV_Handler</name>
         <value>0x5ebb</value>
      </symbol>
      <symbol id="sm-a3b">
         <name>SysTick_Handler</name>
         <value>0x5ebb</value>
      </symbol>
      <symbol id="sm-a3c">
         <name>PSS_IRQHandler</name>
         <value>0x5ebb</value>
      </symbol>
      <symbol id="sm-a3d">
         <name>CS_IRQHandler</name>
         <value>0x5ebb</value>
      </symbol>
      <symbol id="sm-a3e">
         <name>PCM_IRQHandler</name>
         <value>0x5ebb</value>
      </symbol>
      <symbol id="sm-a3f">
         <name>WDT_A_IRQHandler</name>
         <value>0x5ebb</value>
      </symbol>
      <symbol id="sm-a40">
         <name>FPU_IRQHandler</name>
         <value>0x5ebb</value>
      </symbol>
      <symbol id="sm-a41">
         <name>FLCTL_IRQHandler</name>
         <value>0x5ebb</value>
      </symbol>
      <symbol id="sm-a42">
         <name>COMP_E0_IRQHandler</name>
         <value>0x5ebb</value>
      </symbol>
      <symbol id="sm-a43">
         <name>COMP_E1_IRQHandler</name>
         <value>0x5ebb</value>
      </symbol>
      <symbol id="sm-a44">
         <name>TA0_0_IRQHandler</name>
         <value>0x55af</value>
      </symbol>
      <symbol id="sm-a45">
         <name>TA0_N_IRQHandler</name>
         <value>0x5ebb</value>
      </symbol>
      <symbol id="sm-a46">
         <name>TA1_0_IRQHandler</name>
         <value>0x5ebb</value>
      </symbol>
      <symbol id="sm-a47">
         <name>TA1_N_IRQHandler</name>
         <value>0x5ebb</value>
      </symbol>
      <symbol id="sm-a48">
         <name>TA2_0_IRQHandler</name>
         <value>0x5ebb</value>
      </symbol>
      <symbol id="sm-a49">
         <name>TA2_N_IRQHandler</name>
         <value>0x5ebb</value>
      </symbol>
      <symbol id="sm-a4a">
         <name>TA3_0_IRQHandler</name>
         <value>0x5ebb</value>
      </symbol>
      <symbol id="sm-a4b">
         <name>TA3_N_IRQHandler</name>
         <value>0x5ebb</value>
      </symbol>
      <symbol id="sm-a4c">
         <name>EUSCIA0_IRQHandler</name>
         <value>0x5ebb</value>
      </symbol>
      <symbol id="sm-a4d">
         <name>EUSCIA1_IRQHandler</name>
         <value>0x5ebb</value>
      </symbol>
      <symbol id="sm-a4e">
         <name>EUSCIA2_IRQHandler</name>
         <value>0x299f</value>
      </symbol>
      <symbol id="sm-a4f">
         <name>EUSCIA3_IRQHandler</name>
         <value>0x5ebb</value>
      </symbol>
      <symbol id="sm-a50">
         <name>EUSCIB0_IRQHandler</name>
         <value>0x5ebb</value>
      </symbol>
      <symbol id="sm-a51">
         <name>EUSCIB1_IRQHandler</name>
         <value>0x5ebb</value>
      </symbol>
      <symbol id="sm-a52">
         <name>EUSCIB2_IRQHandler</name>
         <value>0x5ebb</value>
      </symbol>
      <symbol id="sm-a53">
         <name>EUSCIB3_IRQHandler</name>
         <value>0x5ebb</value>
      </symbol>
      <symbol id="sm-a54">
         <name>ADC14_IRQHandler</name>
         <value>0x486d</value>
      </symbol>
      <symbol id="sm-a55">
         <name>T32_INT1_IRQHandler</name>
         <value>0x5ebb</value>
      </symbol>
      <symbol id="sm-a56">
         <name>T32_INT2_IRQHandler</name>
         <value>0x5ebb</value>
      </symbol>
      <symbol id="sm-a57">
         <name>T32_INTC_IRQHandler</name>
         <value>0x5ebb</value>
      </symbol>
      <symbol id="sm-a58">
         <name>AES256_IRQHandler</name>
         <value>0x5ebb</value>
      </symbol>
      <symbol id="sm-a59">
         <name>RTC_C_IRQHandler</name>
         <value>0x5ebb</value>
      </symbol>
      <symbol id="sm-a5a">
         <name>DMA_ERR_IRQHandler</name>
         <value>0x5ebb</value>
      </symbol>
      <symbol id="sm-a5b">
         <name>DMA_INT3_IRQHandler</name>
         <value>0x5ebb</value>
      </symbol>
      <symbol id="sm-a5c">
         <name>DMA_INT2_IRQHandler</name>
         <value>0x5ebb</value>
      </symbol>
      <symbol id="sm-a5d">
         <name>DMA_INT1_IRQHandler</name>
         <value>0x5ebb</value>
      </symbol>
      <symbol id="sm-a5e">
         <name>DMA_INT0_IRQHandler</name>
         <value>0x5ebb</value>
      </symbol>
      <symbol id="sm-a5f">
         <name>PORT1_IRQHandler</name>
         <value>0x3e7d</value>
      </symbol>
      <symbol id="sm-a60">
         <name>PORT2_IRQHandler</name>
         <value>0x3ec7</value>
      </symbol>
      <symbol id="sm-a61">
         <name>PORT3_IRQHandler</name>
         <value>0x3f11</value>
      </symbol>
      <symbol id="sm-a62">
         <name>PORT4_IRQHandler</name>
         <value>0x3f5b</value>
      </symbol>
      <symbol id="sm-a63">
         <name>PORT5_IRQHandler</name>
         <value>0x3fa5</value>
      </symbol>
      <symbol id="sm-a64">
         <name>PORT6_IRQHandler</name>
         <value>0x5ebb</value>
      </symbol>
   </symbol_table>
   <title>Link successful</title>
</link_info>
