******************************************************************************
                  TI ARM Linker PC v16.9.4                     
******************************************************************************
>> Linked Sat Nov 04 16:20:27 2017

OUTPUT FILE NAME:   <LCD.out>
ENTRY POINT SYMBOL: "_c_int00"  address: 00006191


MEMORY CONFIGURATION

         name            origin    length      used     unused   attr    fill
----------------------  --------  ---------  --------  --------  ----  --------
  MAIN                  00000000   00040000  0000688c  00039774  R  X
  INFO                  00200000   00004000  00000000  00004000  R  X
  SRAM_CODE             01000000   00010000  0000039e  0000fc62  RW X
  SRAM_DATA             20000000   00010000  0000039e  0000fc62  RW  


SEGMENT ALLOCATION MAP

run origin  load origin   length   init length attrs members
----------  ----------- ---------- ----------- ----- -------
00000000    00000000    00006890   00006890    r-x
  00000000    00000000    00000140   00000140    r-- .intvecs
  00000140    00000140    000061e0   000061e0    r-x .text
  00006320    00006320    000004c4   000004c4    r-- .const
  000067e8    000067e8    000000a8   000000a8    r-- .cinit
20000000    20000000    0000019e   00000000    rw-
  20000000    20000000    000000e4   00000000    rw- .vtable
  200000e4    200000e4    0000008c   00000000    rw- .data
  20000170    20000170    0000002e   00000000    rw- .bss
2000fe00    2000fe00    00000200   00000000    rw-
  2000fe00    2000fe00    00000200   00000000    rw- .stack


SECTION ALLOCATION MAP

 output                                  attributes/
section   page    origin      length       input sections
--------  ----  ----------  ----------   ----------------
.intvecs   0    00000000    00000140     
                  00000000    00000140     startup_msp432p401r_ccs.obj (.intvecs:retain)

.binit     0    00000000    00000000     

.text      0    00000140    000061e0     
                  00000140    000015a8     flash.obj (.text)
                  000016e8    00000d7c     cs.obj (.text)
                  00002464    000008a4     spi.obj (.text)
                  00002d08    00000838     pcm.obj (.text)
                  00003540    00000678     Crystalfontz128x128_ST7735.obj (.text)
                  00003bb8    00000630     string.obj (.text)
                  000041e8    00000508     rtc_c.obj (.text)
                  000046f0    00000490     line.obj (.text)
                  00004b80    00000480     gpio.obj (.text)
                  00005000    000003f0     interrupt.obj (.text)
                  000053f0    00000328     system_msp432p401r.obj (.text)
                  00005718    00000266     context.obj (.text)
                  0000597e    00000002     rtsv7M4_T_le_v4SPD16_eabi.lib : mpu_init.obj (.text)
                  00005980    00000244     sysctl.obj (.text)
                  00005bc4    00000134     display.obj (.text)
                  00005cf8    000000d8     wdt_a.obj (.text)
                  00005dd0    000000bc     HAL_MSP_EXP432P401R_Crystalfontz128x128_ST7735.obj (.text)
                  00005e8c    000000b8     lcdconfig.obj (.text)
                  00005f44    0000009c     rtsv7M4_T_le_v4SPD16_eabi.lib : memcpy_t2.obj (.text)
                  00005fe0    0000007a                                   : memset_t2.obj (.text)
                  0000605a    00000002                                   : startup.obj (.text)
                  0000605c    00000070                                   : autoinit.obj (.text)
                  000060cc    00000068                                   : copy_decompress_lzss.obj (.text:decompress:lzss)
                  00006134    0000005c     main.obj (.text)
                  00006190    00000054     rtsv7M4_T_le_v4SPD16_eabi.lib : boot.obj (.text)
                  000061e4    00000054                                   : exit.obj (.text)
                  00006238    0000004c                                   : cpy_tbl.obj (.text)
                  00006284    0000003e     cpu.obj (.text)
                  000062c2    00000002     --HOLE-- [fill = 0]
                  000062c4    00000018     rtsv7M4_T_le_v4SPD16_eabi.lib : args_main.obj (.text)
                  000062dc    00000014                                   : _lock.obj (.text)
                  000062f0    00000012     startup_msp432p401r_ccs.obj (.text)
                  00006302    0000000e     rtsv7M4_T_le_v4SPD16_eabi.lib : copy_decompress_none.obj (.text:decompress:none)
                  00006310    0000000c                                   : copy_zero_init.obj (.text:decompress:ZI)
                  0000631c    00000004                                   : pre_init.obj (.text)

.const     0    00006320    000004c4     
                  00006320    000002f8     fontfixed6x8.obj (.const:.string:g_pucFontFixed6x8Data)
                  00006618    000000c8     fontfixed6x8.obj (.const:g_sFontFixed6x8)
                  000066e0    00000050     interrupt.obj (.const:g_pulRegs)
                  00006730    0000002c     Crystalfontz128x128_ST7735.obj (.const:g_sCrystalfontz128x128)
                  0000675c    00000020     interrupt.obj (.const:g_pulPriority)
                  0000677c    0000001c     HAL_MSP_EXP432P401R_Crystalfontz128x128_ST7735.obj (.const:$P$T0$1)
                  00006798    0000001c     gpio.obj (.const:GPIO_PORT_TO_INT)
                  000067b4    00000008     Crystalfontz128x128_ST7735.obj (.const:$P$T0$1)
                  000067bc    00000008     flash.obj (.const)
                  000067c4    00000008     interrupt.obj (.const:g_pulDisRegs)
                  000067cc    00000008     interrupt.obj (.const:g_pulEnRegs)
                  000067d4    00000008     interrupt.obj (.const:g_pulPendRegs)
                  000067dc    00000008     interrupt.obj (.const:g_pulUnpendRegs)

.cinit     0    000067e8    000000a8     
                  000067e8    00000071     (.cinit..data.load) [load image, compression = lzss]
                  00006859    00000003     --HOLE-- [fill = 0]
                  0000685c    0000000c     (__TI_handler_table)
                  00006868    00000008     (.cinit..bss.load) [load image, compression = zero_init]
                  00006870    00000008     (.cinit..vtable.load) [load image, compression = zero_init]
                  00006878    00000018     (__TI_cinit_table)

.init_array 
*          0    00000000    00000000     UNINITIALIZED

.vtable    0    20000000    000000e4     UNINITIALIZED
                  20000000    000000e4     interrupt.obj (.vtable)

.data      0    200000e4    0000008c     UNINITIALIZED
                  200000e4    00000040     flash.obj (.data:__getBurstProgramRegs)
                  20000124    00000030     gpio.obj (.data:GPIO_PORT_TO_BASE)
                  20000154    0000000c     rtsv7M4_T_le_v4SPD16_eabi.lib : exit.obj (.data:$O1$$)
                  20000160    00000008                                   : _lock.obj (.data:$O1$$)
                  20000168    00000004                                   : stkdepth_vars.obj (.data)
                  2000016c    00000004     system_msp432p401r.obj (.data)

.bss       0    20000170    0000002e     UNINITIALIZED
                  20000170    0000001c     (.common:g_sContext)
                  2000018c    00000008     cs.obj (.bss)
                  20000194    00000002     (.common:Lcd_ScreenHeigth)
                  20000196    00000002     (.common:Lcd_ScreenWidth)
                  20000198    00000002     (.common:Lcd_TouchTrim)
                  2000019a    00000001     (.common:Lcd_FlagRead)
                  2000019b    00000001     (.common:Lcd_FontSolid)
                  2000019c    00000001     (.common:Lcd_Orientation)
                  2000019d    00000001     (.common:Lcd_PenSolid)

.stack     0    2000fe00    00000200     UNINITIALIZED
                  2000fe00    00000200     --HOLE--

MODULE SUMMARY

       Module                                               code    ro data   rw data
       ------                                               ----    -------   -------
    .\
       system_msp432p401r.obj                               808     0         8      
       startup_msp432p401r_ccs.obj                          18      320       0      
       main.obj                                             92      0         0      
    +--+----------------------------------------------------+-------+---------+---------+
       Total:                                               918     320       8      
                                                                                     
    .\GrLib\fonts\
       fontfixed6x8.obj                                     0       960       0      
    +--+----------------------------------------------------+-------+---------+---------+
       Total:                                               0       960       0      
                                                                                     
    .\GrLib\grlib\
       string.obj                                           1584    0         0      
       line.obj                                             1168    0         0      
       context.obj                                          614     0         0      
       display.obj                                          308     0         0      
    +--+----------------------------------------------------+-------+---------+---------+
       Total:                                               3674    0         0      
                                                                                     
    .\LcdDriver\
       Crystalfontz128x128_ST7735.obj                       1656    52        20     
       lcdconfig.obj                                        184     0         56     
       HAL_MSP_EXP432P401R_Crystalfontz128x128_ST7735.obj   188     28        0      
    +--+----------------------------------------------------+-------+---------+---------+
       Total:                                               2028    80        76     
                                                                                     
    .\driverlib\MSP432P4xx\
       flash.obj                                            5544    8         128    
       cs.obj                                               3452    0         16     
       spi.obj                                              2212    0         0      
       pcm.obj                                              2104    0         0      
       interrupt.obj                                        1008    144       456    
       rtc_c.obj                                            1288    0         0      
       gpio.obj                                             1152    28        96     
       sysctl.obj                                           580     0         0      
       wdt_a.obj                                            216     0         0      
       cpu.obj                                              62      0         0      
    +--+----------------------------------------------------+-------+---------+---------+
       Total:                                               17618   180       696    
                                                                                     
    C:\ti\ccsv7\tools\compiler\ti-cgt-arm_16.9.4.LTS\lib\rtsv7M4_T_le_v4SPD16_eabi.lib
       memcpy_t2.obj                                        156     0         0      
       memset_t2.obj                                        122     0         0      
       autoinit.obj                                         112     0         0      
       exit.obj                                             84      0         24     
       copy_decompress_lzss.obj                             104     0         0      
       boot.obj                                             84      0         0      
       cpy_tbl.obj                                          76      0         0      
       _lock.obj                                            20      0         16     
       args_main.obj                                        24      0         0      
       copy_decompress_none.obj                             14      0         0      
       copy_zero_init.obj                                   12      0         0      
       stkdepth_vars.obj                                    0       0         8      
       pre_init.obj                                         4       0         0      
       mpu_init.obj                                         2       0         0      
       startup.obj                                          2       0         0      
    +--+----------------------------------------------------+-------+---------+---------+
       Total:                                               816     0         48     
                                                                                     
       Stack:                                               0       0         1024   
       Linker Generated:                                    0       165       0      
    +--+----------------------------------------------------+-------+---------+---------+
       Grand Total:                                         25054   1705      1852   


LINKER GENERATED COPY TABLES

__TI_cinit_table @ 00006878 records: 3, size/record: 8, table size: 24
	.data: load addr=000067e8, load size=00000071 bytes, run addr=200000e4, run size=0000008c bytes, compression=lzss
	.bss: load addr=00006868, load size=00000008 bytes, run addr=20000170, run size=0000002e bytes, compression=zero_init
	.vtable: load addr=00006870, load size=00000008 bytes, run addr=20000000, run size=000000e4 bytes, compression=zero_init


LINKER GENERATED HANDLER TABLE

__TI_handler_table @ 0000685c records: 3, size/record: 4, table size: 12
	index: 0, handler: __TI_zero_init
	index: 1, handler: __TI_decompress_lzss
	index: 2, handler: __TI_decompress_none


GLOBAL SYMBOLS: SORTED ALPHABETICALLY BY Name 

address   name                                       
-------   ----                                       
000061e5  C$$EXIT                                    
000062b9  CPU_basepriGet                             
000062ab  CPU_basepriSet                             
00006285  CPU_cpsid                                  
0000629b  CPU_cpsie                                  
00006291  CPU_primask                                
000062a7  CPU_wfi                                    
000023e9  CS_clearInterruptFlag                      
00001c91  CS_disableClockRequest                     
00001d77  CS_disableDCOExternalResistor              
000022bd  CS_disableFaultCounter                     
000023a7  CS_disableInterrupt                        
00001c69  CS_enableClockRequest                      
00001cd9  CS_enableDCOExternalResistor               
00002291  CS_enableFaultCounter                      
00002385  CS_enableInterrupt                         
00002229  CS_getACLK                                 
000021e9  CS_getBCLK                                 
00001e71  CS_getDCOFrequency                         
000023cf  CS_getEnabledInterruptStatus               
00002205  CS_getHSMCLK                               
000023c9  CS_getInterruptStatus                      
0000226f  CS_getMCLK                                 
0000224d  CS_getSMCLK                                
00001989  CS_initClockSignal                         
0000240b  CS_registerInterrupt                       
000022e9  CS_resetFaultCounter                       
00001d95  CS_setDCOCenteredFrequency                 
00001d01  CS_setDCOExternalResistorCalibration       
00002011  CS_setDCOFrequency                         
0000194d  CS_setExternalClockSourceFrequency         
00001cb3  CS_setReferenceOscillatorFrequency         
00002335  CS_startFaultCounter                       
00001a8d  CS_startHFXT                               
00001ab1  CS_startHFXTWithTimeout                    
00001b75  CS_startLFXT                               
00001b99  CS_startLFXTWithTimeout                    
00001dcd  CS_tuneDCOFrequency                        
0000241f  CS_unregisterInterrupt                     
00003541  Crystalfontz128x128_Init                   
00003655  Crystalfontz128x128_SetDrawFrame           
00003783  Crystalfontz128x128_SetOrientation         
00002bd3  EUSCI_A_SPI_changeClockPhasePolarity       
00002c87  EUSCI_A_SPI_clearInterruptFlag             
00002cb7  EUSCI_A_SPI_disable                        
00002c55  EUSCI_A_SPI_disableInterrupt               
00002ca1  EUSCI_A_SPI_enable                         
00002c3b  EUSCI_A_SPI_enableInterrupt                
00002c6f  EUSCI_A_SPI_getInterruptStatus             
00002ccd  EUSCI_A_SPI_getReceiveBufferAddressForDMA  
00002cdb  EUSCI_A_SPI_getTransmitBufferAddressForDMA 
00002ce9  EUSCI_A_SPI_isBusy                         
00002b53  EUSCI_A_SPI_masterChangeClock              
00002c2b  EUSCI_A_SPI_receiveData                    
00002b33  EUSCI_A_SPI_select4PinFunctionality        
00002b89  EUSCI_A_SPI_slaveInit                      
00002c15  EUSCI_A_SPI_transmitData                   
00002a05  EUSCI_B_SPI_changeClockPhasePolarity       
00002ab9  EUSCI_B_SPI_clearInterruptFlag             
00002ae9  EUSCI_B_SPI_disable                        
00002a87  EUSCI_B_SPI_disableInterrupt               
00002ad3  EUSCI_B_SPI_enable                         
00002a6d  EUSCI_B_SPI_enableInterrupt                
00002aa1  EUSCI_B_SPI_getInterruptStatus             
00002aff  EUSCI_B_SPI_getReceiveBufferAddressForDMA  
00002b0d  EUSCI_B_SPI_getTransmitBufferAddressForDMA 
00002b1b  EUSCI_B_SPI_isBusy                         
00002989  EUSCI_B_SPI_masterChangeClock              
00002a5d  EUSCI_B_SPI_receiveData                    
00002969  EUSCI_B_SPI_select4PinFunctionality        
000029bb  EUSCI_B_SPI_slaveInit                      
00002a47  EUSCI_B_SPI_transmitData                   
00001197  FlashCtl_clearInterruptFlag                
00001057  FlashCtl_clearProgramVerification          
0000116d  FlashCtl_disableInterrupt                  
000006bd  FlashCtl_disableReadBuffering              
000010c1  FlashCtl_disableWordProgramming            
00001159  FlashCtl_enableInterrupt                   
00000669  FlashCtl_enableReadBuffering               
00001091  FlashCtl_enableWordProgramming             
00000ce9  FlashCtl_eraseSector                       
00001187  FlashCtl_getEnabledInterruptStatus         
00001181  FlashCtl_getInterruptStatus                
000002eb  FlashCtl_getMemoryInfo                     
00000b4d  FlashCtl_getReadMode                       
00001127  FlashCtl_getWaitState                      
00000b77  FlashCtl_initiateMassErase                 
00000e11  FlashCtl_initiateSectorErase               
000007ed  FlashCtl_isSectorProtected                 
000010cd  FlashCtl_isWordProgrammingEnabled          
00000b9d  FlashCtl_performMassErase                  
00000eb1  FlashCtl_programMemory                     
0000078d  FlashCtl_protectSector                     
000011ab  FlashCtl_registerInterrupt                 
0000101d  FlashCtl_setProgramVerification            
00000ae1  FlashCtl_setReadMode                       
000010e9  FlashCtl_setWaitState                      
0000071d  FlashCtl_unprotectSector                   
000011bf  FlashCtl_unregisterInterrupt               
00000879  FlashCtl_verifyMemory                      
00004ea3  GPIO_clearInterruptFlag                    
00004e63  GPIO_disableInterrupt                      
00004e41  GPIO_enableInterrupt                       
00004efb  GPIO_getEnabledInterruptStatus             
00004e13  GPIO_getInputPinValue                      
00004e85  GPIO_getInterruptStatus                    
00004ec5  GPIO_interruptEdgeSelect                   
00004fbb  GPIO_registerInterrupt                     
00004bbb  GPIO_setAsInputPin                         
00004d6f  GPIO_setAsInputPinWithPullDownResistor     
00004dc1  GPIO_setAsInputPinWithPullUpResistor       
00004b81  GPIO_setAsOutputPin                        
00004c85  GPIO_setAsPeripheralModuleFunctionInputPin 
00004c01  GPIO_setAsPeripheralModuleFunctionOutputPin
00004f77  GPIO_setDriveStrengthHigh                  
00004f99  GPIO_setDriveStrengthLow                   
00004d09  GPIO_setOutputHighOnPin                    
00004d2b  GPIO_setOutputLowOnPin                     
00004d4d  GPIO_toggleOutputOnPin                     
00004fdb  GPIO_unregisterInterrupt                   
00005905  Graphics_clearDisplay                      
00005ce1  Graphics_clearDisplayOnDisplay             
00005c33  Graphics_drawHorizontalLineOnDisplay       
00004a0d  Graphics_drawLine                          
000046f1  Graphics_drawLineH                         
0000478d  Graphics_drawLineV                         
00005bef  Graphics_drawMultiplePixelsOnDisplay       
00005917  Graphics_drawPixel                         
00005bc5  Graphics_drawPixelOnDisplay                
00003cf3  Graphics_drawString                        
00004181  Graphics_drawStringCentered                
00005c67  Graphics_drawVerticalLineOnDisplay         
00005c9b  Graphics_fillRectangleOnDisplay            
000058f7  Graphics_flushBuffer                       
00005ccf  Graphics_flushOnDisplay                    
000058d9  Graphics_getDisplayHeight                  
000058c9  Graphics_getDisplayWidth                   
00005877  Graphics_getFontBaseline                   
000058ad  Graphics_getFontHeight                     
000058bb  Graphics_getFontMaxWidth                   
000058e9  Graphics_getHeightOfDisplay                
00004171  Graphics_getStringBaseline                 
000041c9  Graphics_getStringHeight                   
000041d9  Graphics_getStringMaxWidth                 
00003bf9  Graphics_getStringWidth                    
00005971  Graphics_getWidthOfDisplay                 
00005719  Graphics_initContext                       
0000582d  Graphics_setBackgroundColor                
00005847  Graphics_setBackgroundColorTranslated      
00005763  Graphics_setClipRegion                     
0000585d  Graphics_setFont                           
00005885  Graphics_setForegroundColor                
0000589b  Graphics_setForegroundColorTranslated      
00005cb9  Graphics_translateColorOnDisplay           
00005dd1  HAL_LCD_PortInit                           
00005e01  HAL_LCD_SpiInit                            
00005e37  HAL_LCD_writeCommand                       
00005e5f  HAL_LCD_writeData                          
000051c3  Interrupt_disableInterrupt                 
00005013  Interrupt_disableMaster                    
000053c1  Interrupt_disableSleepOnIsrExit            
00005151  Interrupt_enableInterrupt                  
00005003  Interrupt_enableMaster                     
000053af  Interrupt_enableSleepOnIsrExit             
0000512b  Interrupt_getPriority                      
000050a3  Interrupt_getPriorityGrouping              
0000538f  Interrupt_getPriorityMask                  
000053a9  Interrupt_getVectorTableAddress            
00005235  Interrupt_isEnabled                        
000052c1  Interrupt_pendInterrupt                    
00005023  Interrupt_registerInterrupt                
000050db  Interrupt_setPriority                      
00005089  Interrupt_setPriorityGrouping              
0000537f  Interrupt_setPriorityMask                  
00005399  Interrupt_setVectorTableAddress            
00005331  Interrupt_unpendInterrupt                  
00005075  Interrupt_unregisterInterrupt              
2000019a  Lcd_FlagRead                               
2000019b  Lcd_FontSolid                              
2000019c  Lcd_Orientation                            
2000019d  Lcd_PenSolid                               
20000194  Lcd_ScreenHeigth                           
20000196  Lcd_ScreenWidth                            
20000198  Lcd_TouchTrim                              
000034e3  PCM_clearInterruptFlag                     
000034b9  PCM_disableInterrupt                       
00003491  PCM_disableRudeMode                        
000034a5  PCM_enableInterrupt                        
0000347f  PCM_enableRudeMode                         
00002e8b  PCM_getCoreVoltageLevel                    
000034d3  PCM_getEnabledInterruptStatus              
000034cd  PCM_getInterruptStatus                     
00002e31  PCM_getPowerMode                           
00003473  PCM_getPowerState                          
000033a5  PCM_gotoLPM0                               
000033c3  PCM_gotoLPM0InterruptSafe                  
000033df  PCM_gotoLPM3                               
00003457  PCM_gotoLPM3InterruptSafe                  
00003379  PCM_gotoLPM4                               
00003389  PCM_gotoLPM4InterruptSafe                  
000034f7  PCM_registerInterrupt                      
00002dff  PCM_setCoreVoltageLevel                    
00002e21  PCM_setCoreVoltageLevelNonBlocking         
00002e0f  PCM_setCoreVoltageLevelWithTimeout         
00003031  PCM_setPowerMode                           
00003041  PCM_setPowerModeNonBlocking                
00003051  PCM_setPowerModeWithTimeout                
00003303  PCM_setPowerState                          
00003325  PCM_setPowerStateNonBlocking               
00003313  PCM_setPowerStateWithTimeout               
00003335  PCM_shutdownDevice                         
0000350b  PCM_unregisterInterrupt                    
00004645  RTC_C_clearInterruptFlag                   
0000448f  RTC_C_convertBCDToBinary                   
000044a7  RTC_C_convertBinaryToBCD                   
000043eb  RTC_C_definePrescaleEvent                  
00004515  RTC_C_disableInterrupt                     
000044bf  RTC_C_enableInterrupt                      
0000431d  RTC_C_getCalendarTime                      
000045e5  RTC_C_getEnabledInterruptStatus            
0000457d  RTC_C_getInterruptStatus                   
00004413  RTC_C_getPrescaleValue                     
00004207  RTC_C_holdClock                            
000042ab  RTC_C_initCalendar                         
0000468b  RTC_C_registerInterrupt                    
00004383  RTC_C_setCalendarAlarm                     
000043bb  RTC_C_setCalendarEvent                     
00004255  RTC_C_setCalibrationData                   
00004225  RTC_C_setCalibrationFrequency              
0000443f  RTC_C_setPrescaleValue                     
00004281  RTC_C_setTemperatureCompensation           
000041e9  RTC_C_startClock                           
000046a9  RTC_C_unregisterInterrupt                  
UNDEFED   SHT$$INIT_ARRAY$$Base                      
UNDEFED   SHT$$INIT_ARRAY$$Limit                     
00002627  SPI_changeClockPhasePolarity               
00002581  SPI_changeMasterClock                      
000027d9  SPI_clearInterruptFlag                     
0000275b  SPI_disableInterrupt                       
000026b5  SPI_disableModule                          
00002735  SPI_enableInterrupt                        
00002699  SPI_enableModule                           
000027a9  SPI_getEnabledInterruptStatus              
00002781  SPI_getInterruptStatus                     
000026d1  SPI_getReceiveBufferAddressForDMA          
000026ed  SPI_getTransmitBufferAddressForDMA         
00002495  SPI_initMaster                             
000025a9  SPI_initSlave                              
00002719  SPI_isBusy                                 
0000267d  SPI_receiveData                            
000027ff  SPI_registerInterrupt                      
0000255b  SPI_selectFourPinFunctionality             
00002657  SPI_transmitData                           
000028bd  SPI_unregisterInterrupt                    
00005b73  SysCtl_disableGlitchFilter                 
00005a03  SysCtl_disableNMISource                    
00005b0b  SysCtl_disablePeripheralAtCPUHalt          
00005a4d  SysCtl_disableSRAMBank                     
00005ad1  SysCtl_disableSRAMBankRetention            
00005b67  SysCtl_enableGlitchFilter                  
00005a17  SysCtl_enableNMISource                     
00005af7  SysCtl_enablePeripheralAtCPUHalt           
00005a31  SysCtl_enableSRAMBank                      
00005ab5  SysCtl_enableSRAMBankRetention             
000059fd  SysCtl_getFlashSize                        
00005a2b  SysCtl_getNMISourceStatus                  
000059f7  SysCtl_getSRAMSize                         
00005981  SysCtl_getTLVInfo                          
00005b7f  SysCtl_getTempCalibrationConstant          
00005aed  SysCtl_rebootDevice                        
00005b43  SysCtl_setWDTPasswordViolationResetType    
00005b1f  SysCtl_setWDTTimeoutResetType              
2000016c  SystemCoreClock                            
000053f1  SystemCoreClockUpdate                      
00005665  SystemInit                                 
4000480c  WDTCTL_SYM                                 
00005d39  WDT_A_clearTimer                           
00005cf9  WDT_A_holdTimer                            
00005d75  WDT_A_initIntervalTimer                    
00005d59  WDT_A_initWatchdogTimer                    
00005da9  WDT_A_registerInterrupt                    
00005d91  WDT_A_setPasswordViolationReset            
00005d9d  WDT_A_setTimeoutReset                      
00005d19  WDT_A_startTimer                           
00005dbd  WDT_A_unregisterInterrupt                  
000015c3  __FlashCtl_remaskBurstDataPost             
000014a9  __FlashCtl_remaskBurstDataPre              
000012ed  __FlashCtl_remaskData32Post                
000013d1  __FlashCtl_remaskData32Pre                 
000011cf  __FlashCtl_remaskData8Post                 
0000124f  __FlashCtl_remaskData8Pre                  
20010000  __STACK_END                                
00000200  __STACK_SIZE                               
00006878  __TI_CINIT_Base                            
00006890  __TI_CINIT_Limit                           
0000685c  __TI_Handler_Table_Base                    
00006868  __TI_Handler_Table_Limit                   
0000605d  __TI_auto_init                             
20000154  __TI_cleanup_ptr                           
000060cd  __TI_decompress_lzss                       
00006303  __TI_decompress_none                       
20000158  __TI_dtors_ptr                             
2000015c  __TI_enable_exit_profile_output            
ffffffff  __TI_pprof_out_hndl                        
ffffffff  __TI_prof_data_size                        
ffffffff  __TI_prof_data_start                       
00000000  __TI_static_base__                         
00006311  __TI_zero_init                             
00005fe1  __aeabi_memclr                             
00005fe1  __aeabi_memclr4                            
00005fe1  __aeabi_memclr8                            
00005f45  __aeabi_memcpy                             
00005f45  __aeabi_memcpy4                            
00005f45  __aeabi_memcpy8                            
00005fe3  __aeabi_memset                             
00005fe3  __aeabi_memset4                            
00005fe3  __aeabi_memset8                            
ffffffff  __binit__                                  
ffffffff  __c_args__                                 
0000597f  __mpu_init                                 
2000fe00  __stack                                    
000062c5  _args_main                                 
00006191  _c_int00                                   
20000160  _lock                                      
000062eb  _nop                                       
000062e3  _register_lock                             
000062dd  _register_unlock                           
0000605b  _system_post_cinit                         
0000631d  _system_pre_init                           
20000164  _unlock                                    
000061e9  abort                                      
ffffffff  binit                                      
00006239  copy_in                                    
000061f1  exit                                       
20000000  g_pfnRAMVectors                            
20000170  g_sContext                                 
00006730  g_sCrystalfontz128x128                     
00006618  g_sFontFixed6x8                            
00005f13  getwordsback                               
00000000  interruptVectors                           
00005e8d  lcdconfig                                  
00006135  main                                       
20000168  main_func_sp                               
00005f45  memcpy                                     
00005fe9  memset                                     


GLOBAL SYMBOLS: SORTED BY Symbol Address 

address   name                                       
-------   ----                                       
00000000  __TI_static_base__                         
00000000  interruptVectors                           
00000200  __STACK_SIZE                               
000002eb  FlashCtl_getMemoryInfo                     
00000669  FlashCtl_enableReadBuffering               
000006bd  FlashCtl_disableReadBuffering              
0000071d  FlashCtl_unprotectSector                   
0000078d  FlashCtl_protectSector                     
000007ed  FlashCtl_isSectorProtected                 
00000879  FlashCtl_verifyMemory                      
00000ae1  FlashCtl_setReadMode                       
00000b4d  FlashCtl_getReadMode                       
00000b77  FlashCtl_initiateMassErase                 
00000b9d  FlashCtl_performMassErase                  
00000ce9  FlashCtl_eraseSector                       
00000e11  FlashCtl_initiateSectorErase               
00000eb1  FlashCtl_programMemory                     
0000101d  FlashCtl_setProgramVerification            
00001057  FlashCtl_clearProgramVerification          
00001091  FlashCtl_enableWordProgramming             
000010c1  FlashCtl_disableWordProgramming            
000010cd  FlashCtl_isWordProgrammingEnabled          
000010e9  FlashCtl_setWaitState                      
00001127  FlashCtl_getWaitState                      
00001159  FlashCtl_enableInterrupt                   
0000116d  FlashCtl_disableInterrupt                  
00001181  FlashCtl_getInterruptStatus                
00001187  FlashCtl_getEnabledInterruptStatus         
00001197  FlashCtl_clearInterruptFlag                
000011ab  FlashCtl_registerInterrupt                 
000011bf  FlashCtl_unregisterInterrupt               
000011cf  __FlashCtl_remaskData8Post                 
0000124f  __FlashCtl_remaskData8Pre                  
000012ed  __FlashCtl_remaskData32Post                
000013d1  __FlashCtl_remaskData32Pre                 
000014a9  __FlashCtl_remaskBurstDataPre              
000015c3  __FlashCtl_remaskBurstDataPost             
0000194d  CS_setExternalClockSourceFrequency         
00001989  CS_initClockSignal                         
00001a8d  CS_startHFXT                               
00001ab1  CS_startHFXTWithTimeout                    
00001b75  CS_startLFXT                               
00001b99  CS_startLFXTWithTimeout                    
00001c69  CS_enableClockRequest                      
00001c91  CS_disableClockRequest                     
00001cb3  CS_setReferenceOscillatorFrequency         
00001cd9  CS_enableDCOExternalResistor               
00001d01  CS_setDCOExternalResistorCalibration       
00001d77  CS_disableDCOExternalResistor              
00001d95  CS_setDCOCenteredFrequency                 
00001dcd  CS_tuneDCOFrequency                        
00001e71  CS_getDCOFrequency                         
00002011  CS_setDCOFrequency                         
000021e9  CS_getBCLK                                 
00002205  CS_getHSMCLK                               
00002229  CS_getACLK                                 
0000224d  CS_getSMCLK                                
0000226f  CS_getMCLK                                 
00002291  CS_enableFaultCounter                      
000022bd  CS_disableFaultCounter                     
000022e9  CS_resetFaultCounter                       
00002335  CS_startFaultCounter                       
00002385  CS_enableInterrupt                         
000023a7  CS_disableInterrupt                        
000023c9  CS_getInterruptStatus                      
000023cf  CS_getEnabledInterruptStatus               
000023e9  CS_clearInterruptFlag                      
0000240b  CS_registerInterrupt                       
0000241f  CS_unregisterInterrupt                     
00002495  SPI_initMaster                             
0000255b  SPI_selectFourPinFunctionality             
00002581  SPI_changeMasterClock                      
000025a9  SPI_initSlave                              
00002627  SPI_changeClockPhasePolarity               
00002657  SPI_transmitData                           
0000267d  SPI_receiveData                            
00002699  SPI_enableModule                           
000026b5  SPI_disableModule                          
000026d1  SPI_getReceiveBufferAddressForDMA          
000026ed  SPI_getTransmitBufferAddressForDMA         
00002719  SPI_isBusy                                 
00002735  SPI_enableInterrupt                        
0000275b  SPI_disableInterrupt                       
00002781  SPI_getInterruptStatus                     
000027a9  SPI_getEnabledInterruptStatus              
000027d9  SPI_clearInterruptFlag                     
000027ff  SPI_registerInterrupt                      
000028bd  SPI_unregisterInterrupt                    
00002969  EUSCI_B_SPI_select4PinFunctionality        
00002989  EUSCI_B_SPI_masterChangeClock              
000029bb  EUSCI_B_SPI_slaveInit                      
00002a05  EUSCI_B_SPI_changeClockPhasePolarity       
00002a47  EUSCI_B_SPI_transmitData                   
00002a5d  EUSCI_B_SPI_receiveData                    
00002a6d  EUSCI_B_SPI_enableInterrupt                
00002a87  EUSCI_B_SPI_disableInterrupt               
00002aa1  EUSCI_B_SPI_getInterruptStatus             
00002ab9  EUSCI_B_SPI_clearInterruptFlag             
00002ad3  EUSCI_B_SPI_enable                         
00002ae9  EUSCI_B_SPI_disable                        
00002aff  EUSCI_B_SPI_getReceiveBufferAddressForDMA  
00002b0d  EUSCI_B_SPI_getTransmitBufferAddressForDMA 
00002b1b  EUSCI_B_SPI_isBusy                         
00002b33  EUSCI_A_SPI_select4PinFunctionality        
00002b53  EUSCI_A_SPI_masterChangeClock              
00002b89  EUSCI_A_SPI_slaveInit                      
00002bd3  EUSCI_A_SPI_changeClockPhasePolarity       
00002c15  EUSCI_A_SPI_transmitData                   
00002c2b  EUSCI_A_SPI_receiveData                    
00002c3b  EUSCI_A_SPI_enableInterrupt                
00002c55  EUSCI_A_SPI_disableInterrupt               
00002c6f  EUSCI_A_SPI_getInterruptStatus             
00002c87  EUSCI_A_SPI_clearInterruptFlag             
00002ca1  EUSCI_A_SPI_enable                         
00002cb7  EUSCI_A_SPI_disable                        
00002ccd  EUSCI_A_SPI_getReceiveBufferAddressForDMA  
00002cdb  EUSCI_A_SPI_getTransmitBufferAddressForDMA 
00002ce9  EUSCI_A_SPI_isBusy                         
00002dff  PCM_setCoreVoltageLevel                    
00002e0f  PCM_setCoreVoltageLevelWithTimeout         
00002e21  PCM_setCoreVoltageLevelNonBlocking         
00002e31  PCM_getPowerMode                           
00002e8b  PCM_getCoreVoltageLevel                    
00003031  PCM_setPowerMode                           
00003041  PCM_setPowerModeNonBlocking                
00003051  PCM_setPowerModeWithTimeout                
00003303  PCM_setPowerState                          
00003313  PCM_setPowerStateWithTimeout               
00003325  PCM_setPowerStateNonBlocking               
00003335  PCM_shutdownDevice                         
00003379  PCM_gotoLPM4                               
00003389  PCM_gotoLPM4InterruptSafe                  
000033a5  PCM_gotoLPM0                               
000033c3  PCM_gotoLPM0InterruptSafe                  
000033df  PCM_gotoLPM3                               
00003457  PCM_gotoLPM3InterruptSafe                  
00003473  PCM_getPowerState                          
0000347f  PCM_enableRudeMode                         
00003491  PCM_disableRudeMode                        
000034a5  PCM_enableInterrupt                        
000034b9  PCM_disableInterrupt                       
000034cd  PCM_getInterruptStatus                     
000034d3  PCM_getEnabledInterruptStatus              
000034e3  PCM_clearInterruptFlag                     
000034f7  PCM_registerInterrupt                      
0000350b  PCM_unregisterInterrupt                    
00003541  Crystalfontz128x128_Init                   
00003655  Crystalfontz128x128_SetDrawFrame           
00003783  Crystalfontz128x128_SetOrientation         
00003bf9  Graphics_getStringWidth                    
00003cf3  Graphics_drawString                        
00004171  Graphics_getStringBaseline                 
00004181  Graphics_drawStringCentered                
000041c9  Graphics_getStringHeight                   
000041d9  Graphics_getStringMaxWidth                 
000041e9  RTC_C_startClock                           
00004207  RTC_C_holdClock                            
00004225  RTC_C_setCalibrationFrequency              
00004255  RTC_C_setCalibrationData                   
00004281  RTC_C_setTemperatureCompensation           
000042ab  RTC_C_initCalendar                         
0000431d  RTC_C_getCalendarTime                      
00004383  RTC_C_setCalendarAlarm                     
000043bb  RTC_C_setCalendarEvent                     
000043eb  RTC_C_definePrescaleEvent                  
00004413  RTC_C_getPrescaleValue                     
0000443f  RTC_C_setPrescaleValue                     
0000448f  RTC_C_convertBCDToBinary                   
000044a7  RTC_C_convertBinaryToBCD                   
000044bf  RTC_C_enableInterrupt                      
00004515  RTC_C_disableInterrupt                     
0000457d  RTC_C_getInterruptStatus                   
000045e5  RTC_C_getEnabledInterruptStatus            
00004645  RTC_C_clearInterruptFlag                   
0000468b  RTC_C_registerInterrupt                    
000046a9  RTC_C_unregisterInterrupt                  
000046f1  Graphics_drawLineH                         
0000478d  Graphics_drawLineV                         
00004a0d  Graphics_drawLine                          
00004b81  GPIO_setAsOutputPin                        
00004bbb  GPIO_setAsInputPin                         
00004c01  GPIO_setAsPeripheralModuleFunctionOutputPin
00004c85  GPIO_setAsPeripheralModuleFunctionInputPin 
00004d09  GPIO_setOutputHighOnPin                    
00004d2b  GPIO_setOutputLowOnPin                     
00004d4d  GPIO_toggleOutputOnPin                     
00004d6f  GPIO_setAsInputPinWithPullDownResistor     
00004dc1  GPIO_setAsInputPinWithPullUpResistor       
00004e13  GPIO_getInputPinValue                      
00004e41  GPIO_enableInterrupt                       
00004e63  GPIO_disableInterrupt                      
00004e85  GPIO_getInterruptStatus                    
00004ea3  GPIO_clearInterruptFlag                    
00004ec5  GPIO_interruptEdgeSelect                   
00004efb  GPIO_getEnabledInterruptStatus             
00004f77  GPIO_setDriveStrengthHigh                  
00004f99  GPIO_setDriveStrengthLow                   
00004fbb  GPIO_registerInterrupt                     
00004fdb  GPIO_unregisterInterrupt                   
00005003  Interrupt_enableMaster                     
00005013  Interrupt_disableMaster                    
00005023  Interrupt_registerInterrupt                
00005075  Interrupt_unregisterInterrupt              
00005089  Interrupt_setPriorityGrouping              
000050a3  Interrupt_getPriorityGrouping              
000050db  Interrupt_setPriority                      
0000512b  Interrupt_getPriority                      
00005151  Interrupt_enableInterrupt                  
000051c3  Interrupt_disableInterrupt                 
00005235  Interrupt_isEnabled                        
000052c1  Interrupt_pendInterrupt                    
00005331  Interrupt_unpendInterrupt                  
0000537f  Interrupt_setPriorityMask                  
0000538f  Interrupt_getPriorityMask                  
00005399  Interrupt_setVectorTableAddress            
000053a9  Interrupt_getVectorTableAddress            
000053af  Interrupt_enableSleepOnIsrExit             
000053c1  Interrupt_disableSleepOnIsrExit            
000053f1  SystemCoreClockUpdate                      
00005665  SystemInit                                 
00005719  Graphics_initContext                       
00005763  Graphics_setClipRegion                     
0000582d  Graphics_setBackgroundColor                
00005847  Graphics_setBackgroundColorTranslated      
0000585d  Graphics_setFont                           
00005877  Graphics_getFontBaseline                   
00005885  Graphics_setForegroundColor                
0000589b  Graphics_setForegroundColorTranslated      
000058ad  Graphics_getFontHeight                     
000058bb  Graphics_getFontMaxWidth                   
000058c9  Graphics_getDisplayWidth                   
000058d9  Graphics_getDisplayHeight                  
000058e9  Graphics_getHeightOfDisplay                
000058f7  Graphics_flushBuffer                       
00005905  Graphics_clearDisplay                      
00005917  Graphics_drawPixel                         
00005971  Graphics_getWidthOfDisplay                 
0000597f  __mpu_init                                 
00005981  SysCtl_getTLVInfo                          
000059f7  SysCtl_getSRAMSize                         
000059fd  SysCtl_getFlashSize                        
00005a03  SysCtl_disableNMISource                    
00005a17  SysCtl_enableNMISource                     
00005a2b  SysCtl_getNMISourceStatus                  
00005a31  SysCtl_enableSRAMBank                      
00005a4d  SysCtl_disableSRAMBank                     
00005ab5  SysCtl_enableSRAMBankRetention             
00005ad1  SysCtl_disableSRAMBankRetention            
00005aed  SysCtl_rebootDevice                        
00005af7  SysCtl_enablePeripheralAtCPUHalt           
00005b0b  SysCtl_disablePeripheralAtCPUHalt          
00005b1f  SysCtl_setWDTTimeoutResetType              
00005b43  SysCtl_setWDTPasswordViolationResetType    
00005b67  SysCtl_enableGlitchFilter                  
00005b73  SysCtl_disableGlitchFilter                 
00005b7f  SysCtl_getTempCalibrationConstant          
00005bc5  Graphics_drawPixelOnDisplay                
00005bef  Graphics_drawMultiplePixelsOnDisplay       
00005c33  Graphics_drawHorizontalLineOnDisplay       
00005c67  Graphics_drawVerticalLineOnDisplay         
00005c9b  Graphics_fillRectangleOnDisplay            
00005cb9  Graphics_translateColorOnDisplay           
00005ccf  Graphics_flushOnDisplay                    
00005ce1  Graphics_clearDisplayOnDisplay             
00005cf9  WDT_A_holdTimer                            
00005d19  WDT_A_startTimer                           
00005d39  WDT_A_clearTimer                           
00005d59  WDT_A_initWatchdogTimer                    
00005d75  WDT_A_initIntervalTimer                    
00005d91  WDT_A_setPasswordViolationReset            
00005d9d  WDT_A_setTimeoutReset                      
00005da9  WDT_A_registerInterrupt                    
00005dbd  WDT_A_unregisterInterrupt                  
00005dd1  HAL_LCD_PortInit                           
00005e01  HAL_LCD_SpiInit                            
00005e37  HAL_LCD_writeCommand                       
00005e5f  HAL_LCD_writeData                          
00005e8d  lcdconfig                                  
00005f13  getwordsback                               
00005f45  __aeabi_memcpy                             
00005f45  __aeabi_memcpy4                            
00005f45  __aeabi_memcpy8                            
00005f45  memcpy                                     
00005fe1  __aeabi_memclr                             
00005fe1  __aeabi_memclr4                            
00005fe1  __aeabi_memclr8                            
00005fe3  __aeabi_memset                             
00005fe3  __aeabi_memset4                            
00005fe3  __aeabi_memset8                            
00005fe9  memset                                     
0000605b  _system_post_cinit                         
0000605d  __TI_auto_init                             
000060cd  __TI_decompress_lzss                       
00006135  main                                       
00006191  _c_int00                                   
000061e5  C$$EXIT                                    
000061e9  abort                                      
000061f1  exit                                       
00006239  copy_in                                    
00006285  CPU_cpsid                                  
00006291  CPU_primask                                
0000629b  CPU_cpsie                                  
000062a7  CPU_wfi                                    
000062ab  CPU_basepriSet                             
000062b9  CPU_basepriGet                             
000062c5  _args_main                                 
000062dd  _register_unlock                           
000062e3  _register_lock                             
000062eb  _nop                                       
00006303  __TI_decompress_none                       
00006311  __TI_zero_init                             
0000631d  _system_pre_init                           
00006618  g_sFontFixed6x8                            
00006730  g_sCrystalfontz128x128                     
0000685c  __TI_Handler_Table_Base                    
00006868  __TI_Handler_Table_Limit                   
00006878  __TI_CINIT_Base                            
00006890  __TI_CINIT_Limit                           
20000000  g_pfnRAMVectors                            
20000154  __TI_cleanup_ptr                           
20000158  __TI_dtors_ptr                             
2000015c  __TI_enable_exit_profile_output            
20000160  _lock                                      
20000164  _unlock                                    
20000168  main_func_sp                               
2000016c  SystemCoreClock                            
20000170  g_sContext                                 
20000194  Lcd_ScreenHeigth                           
20000196  Lcd_ScreenWidth                            
20000198  Lcd_TouchTrim                              
2000019a  Lcd_FlagRead                               
2000019b  Lcd_FontSolid                              
2000019c  Lcd_Orientation                            
2000019d  Lcd_PenSolid                               
2000fe00  __stack                                    
20010000  __STACK_END                                
4000480c  WDTCTL_SYM                                 
ffffffff  __TI_pprof_out_hndl                        
ffffffff  __TI_prof_data_size                        
ffffffff  __TI_prof_data_start                       
ffffffff  __binit__                                  
ffffffff  __c_args__                                 
ffffffff  binit                                      
UNDEFED   SHT$$INIT_ARRAY$$Base                      
UNDEFED   SHT$$INIT_ARRAY$$Limit                     

[345 symbols]
