******************************************************************************
                  TI ARM Linker PC v16.9.6                     
******************************************************************************
>> Linked Sun Dec 03 23:58:22 2017

OUTPUT FILE NAME:   <Slave.out>
ENTRY POINT SYMBOL: "_c_int00"  address: 00000bc9


MEMORY CONFIGURATION

         name            origin    length      used     unused   attr    fill
----------------------  --------  ---------  --------  --------  ----  --------
  MAIN                  00000000   00040000  00000d92  0003f26e  R  X
  INFO                  00200000   00004000  00000000  00004000  R  X
  SRAM_CODE             01000000   00010000  00000224  0000fddc  RW X
  SRAM_DATA             20000000   00010000  00000224  0000fddc  RW  


SEGMENT ALLOCATION MAP

run origin  load origin   length   init length attrs members
----------  ----------- ---------- ----------- ----- -------
00000000    00000000    00000d98   00000d98    r-x
  00000000    00000000    000000e4   000000e4    r-- .intvecs
  000000e4    000000e4    00000c6e   00000c6e    r-x .text
  00000d58    00000d58    00000040   00000040    r-- .cinit
20000000    20000000    00000024   00000000    rw-
  20000000    20000000    00000020   00000000    rw- .data
  20000020    20000020    00000004   00000000    rw- .bss
2000fe00    2000fe00    00000200   00000000    rw-
  2000fe00    2000fe00    00000200   00000000    rw- .stack


SECTION ALLOCATION MAP

 output                                  attributes/
section   page    origin      length       input sections
--------  ----  ----------  ----------   ----------------
.intvecs   0    00000000    000000e4     
                  00000000    000000e4     startup_msp432p401r_ccs.obj (.intvecs:retain)

.binit     0    00000000    00000000     

.text      0    000000e4    00000c6e     
                  000000e4    00000334     system_msp432p401r.obj (.text)
                  00000418    0000026c     timer.obj (.text)
                  00000684    00000224     gpio1.obj (.text)
                  000008a8    00000130     uart.obj (.text)
                  000009d8    0000009c     rtsv7M4_T_le_v4SPD16_eabi.lib : memcpy_t2.obj (.text)
                  00000a74    0000007a                                   : memset_t2.obj (.text)
                  00000aee    00000002                                   : mpu_init.obj (.text)
                  00000af0    00000070                                   : autoinit.obj (.text)
                  00000b60    00000068                                   : copy_decompress_lzss.obj (.text:decompress:lzss)
                  00000bc8    00000054                                   : boot.obj (.text)
                  00000c1c    00000054                                   : exit.obj (.text)
                  00000c70    0000004c                                   : cpy_tbl.obj (.text)
                  00000cbc    0000003c     main.obj (.text)
                  00000cf8    00000018     rtsv7M4_T_le_v4SPD16_eabi.lib : args_main.obj (.text)
                  00000d10    00000014                                   : _lock.obj (.text)
                  00000d24    0000000e                                   : copy_decompress_none.obj (.text:decompress:none)
                  00000d32    0000000e     startup_msp432p401r_ccs.obj (.text)
                  00000d40    0000000c     rtsv7M4_T_le_v4SPD16_eabi.lib : copy_zero_init.obj (.text:decompress:ZI)
                  00000d4c    00000004                                   : pre_init.obj (.text)
                  00000d50    00000002                                   : startup.obj (.text)

.cinit     0    00000d58    00000040     
                  00000d58    00000018     (.cinit..data.load) [load image, compression = lzss]
                  00000d70    0000000c     (__TI_handler_table)
                  00000d7c    00000004     --HOLE-- [fill = 0]
                  00000d80    00000008     (.cinit..bss.load) [load image, compression = zero_init]
                  00000d88    00000010     (__TI_cinit_table)

.init_array 
*          0    00000000    00000000     UNINITIALIZED

.data      0    20000000    00000020     UNINITIALIZED
                  20000000    0000000c     rtsv7M4_T_le_v4SPD16_eabi.lib : exit.obj (.data:$O1$$)
                  2000000c    00000008                                   : _lock.obj (.data:$O1$$)
                  20000014    00000004                                   : stkdepth_vars.obj (.data)
                  20000018    00000004     system_msp432p401r.obj (.data)
                  2000001c    00000004     timer.obj (.data)

.bss       0    20000020    00000004     UNINITIALIZED
                  20000020    00000002     (.common:value)
                  20000022    00000002     (.common:valueb)

.stack     0    2000fe00    00000200     UNINITIALIZED
                  2000fe00    00000200     --HOLE--

MODULE SUMMARY

       Module                        code   ro data   rw data
       ------                        ----   -------   -------
    .\
       system_msp432p401r.obj        820    0         8      
       timer.obj                     620    0         12     
       gpio1.obj                     548    0         0      
       uart.obj                      304    0         0      
       startup_msp432p401r_ccs.obj   14     228       0      
       main.obj                      60     0         4      
    +--+-----------------------------+------+---------+---------+
       Total:                        2366   228       24     
                                                             
    C:\ti\ccsv7\tools\compiler\ti-cgt-arm_16.9.6.LTS\lib\rtsv7M4_T_le_v4SPD16_eabi.lib
       memcpy_t2.obj                 156    0         0      
       memset_t2.obj                 122    0         0      
       autoinit.obj                  112    0         0      
       exit.obj                      84     0         24     
       copy_decompress_lzss.obj      104    0         0      
       boot.obj                      84     0         0      
       cpy_tbl.obj                   76     0         0      
       _lock.obj                     20     0         16     
       args_main.obj                 24     0         0      
       copy_decompress_none.obj      14     0         0      
       copy_zero_init.obj            12     0         0      
       stkdepth_vars.obj             0      0         8      
       pre_init.obj                  4      0         0      
       mpu_init.obj                  2      0         0      
       startup.obj                   2      0         0      
    +--+-----------------------------+------+---------+---------+
       Total:                        816    0         48     
                                                             
       Stack:                        0      0         1024   
       Linker Generated:             0      60        0      
    +--+-----------------------------+------+---------+---------+
       Grand Total:                  3182   288       1096   


LINKER GENERATED COPY TABLES

__TI_cinit_table @ 00000d88 records: 2, size/record: 8, table size: 16
	.data: load addr=00000d58, load size=00000018 bytes, run addr=20000000, run size=00000020 bytes, compression=lzss
	.bss: load addr=00000d80, load size=00000008 bytes, run addr=20000020, run size=00000004 bytes, compression=zero_init


LINKER GENERATED HANDLER TABLE

__TI_handler_table @ 00000d70 records: 3, size/record: 4, table size: 12
	index: 0, handler: __TI_decompress_lzss
	index: 1, handler: __TI_decompress_none
	index: 2, handler: __TI_zero_init


GLOBAL SYMBOLS: SORTED ALPHABETICALLY BY Name 

address   name                           
-------   ----                           
00000d3f  ADC14_IRQHandler               
00000d3f  AES256_IRQHandler              
00000d3f  BusFault_Handler               
00000c1d  C$$EXIT                        
00000d3f  COMP_E0_IRQHandler             
00000d3f  COMP_E1_IRQHandler             
00000d3f  CS_IRQHandler                  
00000d3f  DMA_ERR_IRQHandler             
00000d3f  DMA_INT0_IRQHandler            
00000d3f  DMA_INT1_IRQHandler            
00000d3f  DMA_INT2_IRQHandler            
00000d3f  DMA_INT3_IRQHandler            
00000d3f  DebugMon_Handler               
00000d3f  Default_Handler                
00000d3f  EUSCIA0_IRQHandler             
00000d3f  EUSCIA1_IRQHandler             
00000d3f  EUSCIA2_IRQHandler             
00000d3f  EUSCIA3_IRQHandler             
00000d3f  EUSCIB0_IRQHandler             
00000d3f  EUSCIB1_IRQHandler             
00000d3f  EUSCIB2_IRQHandler             
00000d3f  EUSCIB3_IRQHandler             
00000d3f  FLCTL_IRQHandler               
00000d3f  FPU_IRQHandler                 
00000d3f  HardFault_Handler              
00000d3f  MemManage_Handler              
00000d3f  NMI_Handler                    
00000d3f  PCM_IRQHandler                 
0000082b  PORT1_IRQHandler               
0000082b  PORT1_IRQHandler               
00000d3f  PORT2_IRQHandler               
00000d3f  PORT3_IRQHandler               
00000d3f  PORT4_IRQHandler               
00000d3f  PORT5_IRQHandler               
00000d3f  PORT6_IRQHandler               
00000d3f  PSS_IRQHandler                 
00000d3f  PendSV_Handler                 
00000d3f  RTC_C_IRQHandler               
00000d33  Reset_Handler                  
UNDEFED   SHT$$INIT_ARRAY$$Base          
UNDEFED   SHT$$INIT_ARRAY$$Limit         
00000d3f  SVC_Handler                    
00000d3f  SysTick_Handler                
20000018  SystemCoreClock                
000000e5  SystemCoreClockUpdate          
0000035d  SystemInit                     
00000d3f  T32_INT1_IRQHandler            
00000d3f  T32_INT2_IRQHandler            
00000d3f  T32_INTC_IRQHandler            
00000d3f  TA0_0_IRQHandler               
00000d3f  TA0_N_IRQHandler               
00000d3f  TA1_0_IRQHandler               
00000d3f  TA1_N_IRQHandler               
00000d3f  TA2_0_IRQHandler               
00000d3f  TA2_N_IRQHandler               
00000d3f  TA3_0_IRQHandler               
00000d3f  TA3_N_IRQHandler               
000008d5  UART_Configure                 
00000951  UART_sent_byte                 
0000096d  UART_sent_n                    
00000d3f  UsageFault_Handler             
4000480c  WDTCTL_SYM                     
00000d3f  WDT_A_IRQHandler               
20010000  __STACK_END                    
00000200  __STACK_SIZE                   
00000d88  __TI_CINIT_Base                
00000d98  __TI_CINIT_Limit               
00000d70  __TI_Handler_Table_Base        
00000d7c  __TI_Handler_Table_Limit       
00000af1  __TI_auto_init                 
20000000  __TI_cleanup_ptr               
00000b61  __TI_decompress_lzss           
00000d25  __TI_decompress_none           
20000004  __TI_dtors_ptr                 
20000008  __TI_enable_exit_profile_output
ffffffff  __TI_pprof_out_hndl            
ffffffff  __TI_prof_data_size            
ffffffff  __TI_prof_data_start           
00000000  __TI_static_base__             
00000d41  __TI_zero_init                 
00000a75  __aeabi_memclr                 
00000a75  __aeabi_memclr4                
00000a75  __aeabi_memclr8                
000009d9  __aeabi_memcpy                 
000009d9  __aeabi_memcpy4                
000009d9  __aeabi_memcpy8                
00000a77  __aeabi_memset                 
00000a77  __aeabi_memset4                
00000a77  __aeabi_memset8                
ffffffff  __binit__                      
ffffffff  __c_args__                     
00000aef  __mpu_init                     
2000fe00  __stack                        
00000cf9  _args_main                     
00000bc9  _c_int00                       
2000000c  _lock                          
00000d1f  _nop                           
00000d17  _register_lock                 
00000d11  _register_unlock               
00000d51  _system_post_cinit             
00000d4d  _system_pre_init               
20000010  _unlock                        
00000c21  abort                          
ffffffff  binit                          
00000c71  copy_in                        
00000c29  exit                           
00000771  gpio_LEDconfig                 
000007c3  gpio_LEDout                    
000006b1  gpio_config                    
000006bb  gpio_pwmconfig                 
2000001e  i                              
00000000  interruptVectors               
2000001c  lastvalue                      
00000cbd  main                           
20000014  main_func_sp                   
000009d9  memcpy                         
00000a7d  memset                         
00000453  pwm                            
000005e5  retriever                      
00000419  timerA0_config                 
00000437  timerA1_config                 
20000020  value                          
20000022  valueb                         


GLOBAL SYMBOLS: SORTED BY Symbol Address 

address   name                           
-------   ----                           
00000000  __TI_static_base__             
00000000  interruptVectors               
000000e5  SystemCoreClockUpdate          
00000200  __STACK_SIZE                   
0000035d  SystemInit                     
00000419  timerA0_config                 
00000437  timerA1_config                 
00000453  pwm                            
000005e5  retriever                      
000006b1  gpio_config                    
000006bb  gpio_pwmconfig                 
00000771  gpio_LEDconfig                 
000007c3  gpio_LEDout                    
0000082b  PORT1_IRQHandler               
0000082b  PORT1_IRQHandler               
000008d5  UART_Configure                 
00000951  UART_sent_byte                 
0000096d  UART_sent_n                    
000009d9  __aeabi_memcpy                 
000009d9  __aeabi_memcpy4                
000009d9  __aeabi_memcpy8                
000009d9  memcpy                         
00000a75  __aeabi_memclr                 
00000a75  __aeabi_memclr4                
00000a75  __aeabi_memclr8                
00000a77  __aeabi_memset                 
00000a77  __aeabi_memset4                
00000a77  __aeabi_memset8                
00000a7d  memset                         
00000aef  __mpu_init                     
00000af1  __TI_auto_init                 
00000b61  __TI_decompress_lzss           
00000bc9  _c_int00                       
00000c1d  C$$EXIT                        
00000c21  abort                          
00000c29  exit                           
00000c71  copy_in                        
00000cbd  main                           
00000cf9  _args_main                     
00000d11  _register_unlock               
00000d17  _register_lock                 
00000d1f  _nop                           
00000d25  __TI_decompress_none           
00000d33  Reset_Handler                  
00000d3f  ADC14_IRQHandler               
00000d3f  AES256_IRQHandler              
00000d3f  BusFault_Handler               
00000d3f  COMP_E0_IRQHandler             
00000d3f  COMP_E1_IRQHandler             
00000d3f  CS_IRQHandler                  
00000d3f  DMA_ERR_IRQHandler             
00000d3f  DMA_INT0_IRQHandler            
00000d3f  DMA_INT1_IRQHandler            
00000d3f  DMA_INT2_IRQHandler            
00000d3f  DMA_INT3_IRQHandler            
00000d3f  DebugMon_Handler               
00000d3f  Default_Handler                
00000d3f  EUSCIA0_IRQHandler             
00000d3f  EUSCIA1_IRQHandler             
00000d3f  EUSCIA2_IRQHandler             
00000d3f  EUSCIA3_IRQHandler             
00000d3f  EUSCIB0_IRQHandler             
00000d3f  EUSCIB1_IRQHandler             
00000d3f  EUSCIB2_IRQHandler             
00000d3f  EUSCIB3_IRQHandler             
00000d3f  FLCTL_IRQHandler               
00000d3f  FPU_IRQHandler                 
00000d3f  HardFault_Handler              
00000d3f  MemManage_Handler              
00000d3f  NMI_Handler                    
00000d3f  PCM_IRQHandler                 
00000d3f  PORT2_IRQHandler               
00000d3f  PORT3_IRQHandler               
00000d3f  PORT4_IRQHandler               
00000d3f  PORT5_IRQHandler               
00000d3f  PORT6_IRQHandler               
00000d3f  PSS_IRQHandler                 
00000d3f  PendSV_Handler                 
00000d3f  RTC_C_IRQHandler               
00000d3f  SVC_Handler                    
00000d3f  SysTick_Handler                
00000d3f  T32_INT1_IRQHandler            
00000d3f  T32_INT2_IRQHandler            
00000d3f  T32_INTC_IRQHandler            
00000d3f  TA0_0_IRQHandler               
00000d3f  TA0_N_IRQHandler               
00000d3f  TA1_0_IRQHandler               
00000d3f  TA1_N_IRQHandler               
00000d3f  TA2_0_IRQHandler               
00000d3f  TA2_N_IRQHandler               
00000d3f  TA3_0_IRQHandler               
00000d3f  TA3_N_IRQHandler               
00000d3f  UsageFault_Handler             
00000d3f  WDT_A_IRQHandler               
00000d41  __TI_zero_init                 
00000d4d  _system_pre_init               
00000d51  _system_post_cinit             
00000d70  __TI_Handler_Table_Base        
00000d7c  __TI_Handler_Table_Limit       
00000d88  __TI_CINIT_Base                
00000d98  __TI_CINIT_Limit               
20000000  __TI_cleanup_ptr               
20000004  __TI_dtors_ptr                 
20000008  __TI_enable_exit_profile_output
2000000c  _lock                          
20000010  _unlock                        
20000014  main_func_sp                   
20000018  SystemCoreClock                
2000001c  lastvalue                      
2000001e  i                              
20000020  value                          
20000022  valueb                         
2000fe00  __stack                        
20010000  __STACK_END                    
4000480c  WDTCTL_SYM                     
ffffffff  __TI_pprof_out_hndl            
ffffffff  __TI_prof_data_size            
ffffffff  __TI_prof_data_start           
ffffffff  __binit__                      
ffffffff  __c_args__                     
ffffffff  binit                          
UNDEFED   SHT$$INIT_ARRAY$$Base          
UNDEFED   SHT$$INIT_ARRAY$$Limit         

[123 symbols]
